06-05 16:55:11.667: W/MessageQueue(1371): 	at com.android.server.backup.UserBackupManagerService.enqueueFullBackup(UserBackupManagerService.java:1999)
06-05 16:55:11.667: W/MessageQueue(1371): 	at com.android.server.backup.UserBackupManagerService$2.onReceive(UserBackupManagerService.java:1233)
06-05 16:55:11.667: W/MessageQueue(1371): 	at android.app.LoadedApk$ReceiverDispatcher$Args.lambda$getRunnable$0$LoadedApk$ReceiverDispatcher$Args(LoadedApk.java:1559)
06-05 16:55:11.667: W/MessageQueue(1371): 	at android.app.-$$Lambda$LoadedApk$ReceiverDispatcher$Args$_BumDX2UKsnxLVrE6UJsJZkotuA.run(Unknown Source:2)
06-05 16:55:11.667: W/MessageQueue(1371): 	at android.os.Handler.handleCallback(Handler.java:883)
06-05 16:55:11.667: W/MessageQueue(1371): 	at android.os.Handler.dispatchMessage(Handler.java:100)
06-05 16:55:11.667: W/MessageQueue(1371): 	at android.os.Looper.loop(Looper.java:214)
06-05 16:55:11.667: W/MessageQueue(1371): 	at com.android.server.SystemServer.run(SystemServer.java:541)
06-05 16:55:11.667: W/MessageQueue(1371): 	at com.android.server.SystemServer.main(SystemServer.java:349)
06-05 16:55:11.667: W/MessageQueue(1371): 	at java.lang.reflect.Method.invoke(Native Method)
06-05 16:55:11.667: W/MessageQueue(1371): 	at com.android.internal.os.RuntimeInit$MethodAndArgsCaller.run(RuntimeInit.java:492)
06-05 16:55:11.667: W/MessageQueue(1371): 	at com.android.internal.os.ZygoteInit.main(ZygoteInit.java:903)
06-05 16:55:11.667: V/BackupManagerConstants(1371): getFullBackupIntervalMilliseconds(...) returns 86400000
06-05 16:55:11.667: V/BackupManagerConstants(1371): getFullBackupRequiredNetworkType(...) returns 2
06-05 16:55:11.667: V/BackupManagerConstants(1371): getFullBackupRequireCharging(...) returns true
06-05 16:55:11.670: W/MessageQueue(1371): Handler (com.android.server.backup.internal.BackupHandler) {7780d59} sending message to a Handler on a dead thread
06-05 16:55:11.670: W/MessageQueue(1371): java.lang.IllegalStateException: Handler (com.android.server.backup.internal.BackupHandler) {7780d59} sending message to a Handler on a dead thread
06-05 16:55:11.670: W/MessageQueue(1371): 	at android.os.MessageQueue.enqueueMessage(MessageQueue.java:558)
06-05 16:55:11.670: W/MessageQueue(1371): 	at android.os.Handler.enqueueMessage(Handler.java:754)
06-05 16:55:11.670: W/MessageQueue(1371): 	at android.os.Handler.sendMessageAtTime(Handler.java:703)
06-05 16:55:11.670: W/MessageQueue(1371): 	at android.os.Handler.sendMessageDelayed(Handler.java:673)
06-05 16:55:11.670: W/MessageQueue(1371): 	at android.os.Handler.post(Handler.java:403)
06-05 16:55:11.670: W/MessageQueue(1371): 	at com.android.server.backup.UserBackupManagerService$2.onReceive(UserBackupManagerService.java:1245)
06-05 16:55:11.670: W/MessageQueue(1371): 	at android.app.LoadedApk$ReceiverDispatcher$Args.lambda$getRunnable$0$LoadedApk$ReceiverDispatcher$Args(LoadedApk.java:1559)
06-05 16:55:11.670: W/MessageQueue(1371): 	at android.app.-$$Lambda$LoadedApk$ReceiverDispatcher$Args$_BumDX2UKsnxLVrE6UJsJZkotuA.run(Unknown Source:2)
06-05 16:55:11.670: W/MessageQueue(1371): 	at android.os.Handler.handleCallback(Handler.java:883)
06-05 16:55:11.670: W/MessageQueue(1371): 	at android.os.Handler.dispatchMessage(Handler.java:100)
06-05 16:55:11.670: W/MessageQueue(1371): 	at android.os.Looper.loop(Looper.java:214)
06-05 16:55:11.670: W/MessageQueue(1371): 	at com.android.server.SystemServer.run(SystemServer.java:541)
06-05 16:55:11.670: W/MessageQueue(1371): 	at com.android.server.SystemServer.main(SystemServer.java:349)
06-05 16:55:11.670: W/MessageQueue(1371): 	at java.lang.reflect.Method.invoke(Native Method)
06-05 16:55:11.670: W/MessageQueue(1371): 	at com.android.internal.os.RuntimeInit$MethodAndArgsCaller.run(RuntimeInit.java:492)
06-05 16:55:11.670: W/MessageQueue(1371): 	at com.android.internal.os.ZygoteInit.main(ZygoteInit.java:903)
06-05 16:55:11.673: W/GAv4(21145): AnalyticsService not registered in the app manifest. Hits might not be delivered reliably. See http://goo.gl/8Rd3yj for instructions.
06-05 16:55:11.677: V/SettingsProvider(1371): Notifying for 0: content://settings/secure/mock_location
06-05 16:55:11.691: V/NativeCrypto(20456): Registering com/google/android/gms/org/conscrypt/NativeCrypto's 284 native methods...
06-05 16:55:11.709: I/RoleControllerServiceImpl(19479): Granting default roles, user: 0
06-05 16:55:11.715: W/SearchServiceCore(14743): Abort, client detached.
06-05 16:55:11.719: D/NetworkSecurityConfig(20456): Using Network Security Config from resource network_security_config debugBuild: false
06-05 16:55:11.722: I/ProviderInstaller(20456): Installed default security provider GmsCore_OpenSSL
06-05 16:55:11.724: I/GH.CONFIG(21145): groups:
06-05 16:55:11.730: I/GH.CONFIG(21145): everyone
06-05 16:55:11.732: D/UsageStatsDatabase(1371): endTime(1559753489100) <= beginTime(1559778911425)
06-05 16:55:11.740: I/Icing(4081): Usage reports ok 0, Failed Usage reports 0, indexed 0, rejected 0, imm upload false
06-05 16:55:11.760: I/Icing(4081): Usage reports ok 0, Failed Usage reports 0, indexed 0, rejected 0, imm upload true
06-05 16:55:11.768: I/PhenotypeUpdate(19606): onReceive() urgent = false
06-05 16:55:11.783: I/Icing(4081): Usage reports ok 0, Failed Usage reports 0, indexed 0, rejected 0, imm upload true
06-05 16:55:11.787: E/LoadManifestTask(4081): Can't find Chimera operation impl class com.google.android.gms.walletp2p.infra.phenotype.PhenotypeCommitIntentOperation dropping operation
06-05 16:55:11.787: E/LoadManifestTask(4081): java.lang.ClassNotFoundException: Didn't find class "com.google.android.gms.walletp2p.infra.phenotype.PhenotypeCommitIntentOperation" on path: DexPathList[[zip file "/product/priv-app/PrebuiltGmsCore/PrebuiltGmsCoreQt.apk"],nativeLibraryDirectories=[/product/priv-app/PrebuiltGmsCore/lib/arm64, /product/priv-app/PrebuiltGmsCore/PrebuiltGmsCoreQt.apk!/lib/arm64-v8a, /system/lib64, /product/lib64, /system/lib64, /product/lib64]]
06-05 16:55:11.787: E/LoadManifestTask(4081): 	at dalvik.system.BaseDexClassLoader.findClass(BaseDexClassLoader.java:196)
06-05 16:55:11.787: E/LoadManifestTask(4081): 	at java.lang.ClassLoader.loadClass(ClassLoader.java:379)
06-05 16:55:11.787: E/LoadManifestTask(4081): 	at java.lang.ClassLoader.loadClass(ClassLoader.java:312)
06-05 16:55:11.787: E/LoadManifestTask(4081): 	at efr.<init>(:com.google.android.gms@16790048@16.7.90 (120408-241364873):5)
06-05 16:55:11.787: E/LoadManifestTask(4081): 	at efs.run(:com.google.android.gms@16790048@16.7.90 (120408-241364873):53)
06-05 16:55:11.787: E/LoadManifestTask(4081): 	at java.util.concurrent.ThreadPoolExecutor.runWorker(ThreadPoolExecutor.java:1167)
06-05 16:55:11.787: E/LoadManifestTask(4081): 	at java.util.concurrent.ThreadPoolExecutor$Worker.run(ThreadPoolExecutor.java:641)
06-05 16:55:11.787: E/LoadManifestTask(4081): 	at java.lang.Thread.run(Thread.java:919)
06-05 16:55:11.793: I/system_server(1371): Background concurrent copying GC freed 108525(6010KB) AllocSpace objects, 40(2724KB) LOS objects, 42% free, 17MB/30MB, paused 121us total 221.176ms
06-05 16:55:11.799: I/Icing(4081): Indexing done com.google.android.gms-internal.3p:MobileApplication
06-05 16:55:11.802: I/Icing(4081): Indexing com.google.android.gms-apps from com.google.android.gms
06-05 16:55:11.827: E/ExecutionCriteria(3898): Package unavailable for task: com.google.android.apps.gcs/.service.GcsTaskService{u=0 tag="WfaEliRefreshTask" trigger=window{start=0s,end=30s,earliest=-111783s,latest=-111753s} requirements=[NET_CONNECTED] attributes=[] scheduled=-111783s last_run=N/A jid=N/A status=PENDING retries=0 client_lib=MANCHEGO_GCM-11732000}
06-05 16:55:11.828: E/ExecutionCriteria(3898): Package unavailable for task: com.google.android.videos/com.google.android.apps.play.movies.common.service.drm.RefreshLicenseTaskService{u=0 tag="refresh_license_forced" trigger=window{start=3600s,end=10800s,earliest=-108189s,latest=-100989s} requirements=[NET_CONNECTED] attributes=[] scheduled=-111789s last_run=N/A jid=N/A status=PENDING retries=0 client_lib=MANCHEGO_GCM-10400000}
06-05 16:55:11.829: E/ExecutionCriteria(3898): Package unavailable for task: com.google.android.videos/com.google.android.apps.play.movies.common.FlushLogsTaskService{u=0 tag="flush_logs" trigger=window{period=86400s,flex=57600s,earliest=-82989s,latest=-25389s} requirements=[NET_UNMETERED,CHARGING] attributes=[PERSISTED,RECURRING] scheduled=-111789s last_run=N/A jid=N/A status=PENDING retries=0 client_lib=MANCHEGO_GCM-10400000}
06-05 16:55:11.854: E/ExecutionCriteria(3898): Package unavailable for task: com.google.android.apps.gcs/.service.GcsTaskService{u=0 tag="WfaStateTask" trigger=window{period=518400s,flex=86400s,earliest=320207s,latest=406607s} requirements=[NET_ANY] attributes=[PERSISTED,RECURRING] scheduled=-111792s last_run=N/A jid=N/A status=PENDING retries=0 client_lib=MANCHEGO_GCM-11732000}
06-05 16:55:11.876: E/ExecutionCriteria(3898): Package unavailable for task: com.google.android.apps.gcs/.service.GcsTaskService{u=0 tag="WfaEliRefreshTask" trigger=window{start=0s,end=30s,earliest=-111783s,latest=-111753s} requirements=[NET_CONNECTED] attributes=[] scheduled=-111783s last_run=N/A jid=N/A status=PENDING retries=0 client_lib=MANCHEGO_GCM-11732000}
06-05 16:55:11.878: E/ExecutionCriteria(3898): Package unavailable for task: com.google.android.videos/com.google.android.apps.play.movies.common.service.drm.RefreshLicenseTaskService{u=0 tag="refresh_license_forced" trigger=window{start=3600s,end=10800s,earliest=-108189s,latest=-100989s} requirements=[NET_CONNECTED] attributes=[] scheduled=-111789s last_run=N/A jid=N/A status=PENDING retries=0 client_lib=MANCHEGO_GCM-10400000}
06-05 16:55:11.880: E/ExecutionCriteria(3898): Package unavailable for task: com.google.android.videos/com.google.android.apps.play.movies.common.FlushLogsTaskService{u=0 tag="flush_logs" trigger=window{period=86400s,flex=57600s,earliest=-82989s,latest=-25389s} requirements=[NET_UNMETERED,CHARGING] attributes=[PERSISTED,RECURRING] scheduled=-111789s last_run=N/A jid=N/A status=PENDING retries=0 client_lib=MANCHEGO_GCM-10400000}
06-05 16:55:11.918: E/ExecutionCriteria(3898): Package unavailable for task: com.google.android.apps.gcs/.service.GcsTaskService{u=0 tag="WfaStateTask" trigger=window{period=518400s,flex=86400s,earliest=320207s,latest=406607s} requirements=[NET_ANY] attributes=[PERSISTED,RECURRING] scheduled=-111792s last_run=N/A jid=N/A status=PENDING retries=0 client_lib=MANCHEGO_GCM-11732000}
06-05 16:55:11.922: D/AndroidRuntime(21239): >>>>>> START com.android.internal.os.RuntimeInit uid 2000 <<<<<<
06-05 16:55:11.922: W/app_process(21239): type=1400 audit(0.0:528): avc: denied { read } for name="u:object_r:device_config_runtime_native_boot_prop:s0" dev="tmpfs" ino=19061 scontext=u:r:shell:s0 tcontext=u:object_r:device_config_runtime_native_boot_prop:s0 tclass=file permissive=0
06-05 16:55:11.925: E/libc(21239): Access denied finding property "persist.device_config.runtime_native_boot.enable_apex_image"
06-05 16:55:11.925: I/AndroidRuntime(21239): Using default boot image
06-05 16:55:11.925: E/libc(21239): Access denied finding property "persist.device_config.runtime_native_boot.enable_generational_cc"
06-05 16:55:11.935: I/GH.SharedService(21145): Shared Service created
06-05 16:55:11.951: I/RoleUserState(1371): Wrote roles.xml successfully
06-05 16:55:11.959: I/zygote64(863): Ignoring open file descriptor 32
06-05 16:55:11.970: D/Zygote(863): Forked child process 21247
06-05 16:55:11.972: I/ActivityManager(1371): Start proc 21247:com.google.android.gms:car/u0a135 for service com.google.android.gms/.car.CarService
06-05 16:55:11.977: E/ExecutionCriteria(3898): Package unavailable for task: com.google.android.apps.gcs/.service.GcsTaskService{u=0 tag="WfaEliRefreshTask" trigger=window{start=0s,end=30s,earliest=-111784s,latest=-111754s} requirements=[NET_CONNECTED] attributes=[] scheduled=-111784s last_run=N/A jid=N/A status=PENDING retries=0 client_lib=MANCHEGO_GCM-11732000}
06-05 16:55:11.977: E/ExecutionCriteria(3898): Package unavailable for task: com.google.android.videos/com.google.android.apps.play.movies.common.service.drm.RefreshLicenseTaskService{u=0 tag="refresh_license_forced" trigger=window{start=3600s,end=10800s,earliest=-108189s,latest=-100989s} requirements=[NET_CONNECTED] attributes=[] scheduled=-111789s last_run=N/A jid=N/A status=PENDING retries=0 client_lib=MANCHEGO_GCM-10400000}
06-05 16:55:11.977: E/ExecutionCriteria(3898): Package unavailable for task: com.google.android.videos/com.google.android.apps.play.movies.common.FlushLogsTaskService{u=0 tag="flush_logs" trigger=window{period=86400s,flex=57600s,earliest=-82989s,latest=-25389s} requirements=[NET_UNMETERED,CHARGING] attributes=[PERSISTED,RECURRING] scheduled=-111789s last_run=N/A jid=N/A status=PENDING retries=0 client_lib=MANCHEGO_GCM-10400000}
06-05 16:55:11.983: E/android.gms:ca(21247): Not starting debugger since process cannot load the jdwp agent.
06-05 16:55:11.988: E/ExecutionCriteria(3898): Package unavailable for task: com.google.android.apps.gcs/.service.GcsTaskService{u=0 tag="WfaStateTask" trigger=window{period=518400s,flex=86400s,earliest=320206s,latest=406606s} requirements=[NET_ANY] attributes=[PERSISTED,RECURRING] scheduled=-111793s last_run=N/A jid=N/A status=PENDING retries=0 client_lib=MANCHEGO_GCM-11732000}
06-05 16:55:12.011: D/ICU(21239): Time zone APEX file found: /apex/com.android.tzdata/etc/icu/icu_tzdata.dat
06-05 16:55:12.013: I/android.gms:ca(21247): The ClassLoaderContext is a special shared library.
06-05 16:55:12.018: I/chatty(21247): uid=10135 com.google.android.gms:car identical 1 line
06-05 16:55:12.022: I/android.gms:ca(21247): The ClassLoaderContext is a special shared library.
06-05 16:55:12.025: I/app_process(21239): The ClassLoaderContext is a special shared library.
06-05 16:55:12.032: I/android.gms:ca(21247): The ClassLoaderContext is a special shared library.
06-05 16:55:12.037: W/app_process(21239): JNI RegisterNativeMethods: attempt to register 0 native methods for android.media.AudioAttributes
06-05 16:55:12.041: D/AndroidRuntime(21239): Calling main entry com.android.commands.am.Am
06-05 16:55:12.044: I/ActivityManager(1371): Force stopping com.google.android.apps.mtaas.tools appid=10204 user=0: start instr
06-05 16:55:12.052: I/zygote64(863): Ignoring open file descriptor 32
06-05 16:55:12.062: D/Zygote(863): Forked child process 21281
06-05 16:55:12.065: I/ActivityManager(1371): Start proc 21281:com.google.android.apps.mtaas.tools/u0a204 for added application com.google.android.apps.mtaas.tools
06-05 16:55:12.066: W/main(21281): type=1400 audit(0.0:530): avc: granted { read } for name="u:object_r:net_dns_prop:s0" dev="tmpfs" ino=19109 scontext=u:r:untrusted_app_25:s0:c512,c768 tcontext=u:object_r:net_dns_prop:s0 tclass=file
06-05 16:55:12.073: E/pps.mtaas.tool(21281): Not starting debugger since process cannot load the jdwp agent.
06-05 16:55:12.104: I/pps.mtaas.tool(21281): The ClassLoaderContext is a special shared library.
06-05 16:55:12.109: W/DynamiteModule(21247): Local module descriptor class for providerinstaller not found.
06-05 16:55:12.115: W/ProviderHelper(21247): Unknown dynamite feature providerinstaller
06-05 16:55:12.118: I/DynamiteModule(21247): Considering local module providerinstaller:0 and remote module providerinstaller:0
06-05 16:55:12.118: W/ProviderInstaller(21247): Failed to load providerinstaller module: No acceptable module found. Local version is 0 and remote version is 0.
06-05 16:55:12.128: V/NativeCrypto(21247): Registering com/google/android/gms/org/conscrypt/NativeCrypto's 284 native methods...
06-05 16:55:12.145: D/DumpStaticPerfEnv(21281): Instrumentation completed successfully
06-05 16:55:12.147: I/ActivityManager(1371): Force stopping com.google.android.apps.mtaas.tools appid=10204 user=0: finished inst
06-05 16:55:12.147: W/Binder(1371): Outgoing transactions from this process must be FLAG_ONEWAY
06-05 16:55:12.147: W/Binder(1371): java.lang.Throwable
06-05 16:55:12.147: W/Binder(1371): 	at android.os.BinderProxy.transact(BinderProxy.java:480)
06-05 16:55:12.147: W/Binder(1371): 	at android.app.IInstrumentationWatcher$Stub$Proxy.instrumentationFinished(IInstrumentationWatcher.java:203)
06-05 16:55:12.147: W/Binder(1371): 	at com.android.server.am.InstrumentationReporter$MyThread.run(InstrumentationReporter.java:86)
06-05 16:55:12.147: I/ActivityManager(1371): Killing 21281:com.google.android.apps.mtaas.tools/u0a204 (adj 0): stop com.google.android.apps.mtaas.tools
06-05 16:55:12.147: D/NetworkSecurityConfig(21247): Using Network Security Config from resource network_security_config debugBuild: false
06-05 16:55:12.149: D/AndroidRuntime(21239): Shutting down VM
06-05 16:55:12.149: I/ProviderInstaller(21247): Installed default security provider GmsCore_OpenSSL
06-05 16:55:12.154: I/Zygote(863): Process 21281 exited due to signal 9 (Killed)
06-05 16:55:12.179: I/libprocessgroup(1371): Successfully killed process cgroup uid 10204 pid 21281 in 31ms
06-05 16:55:12.192: I/ChromeSync(4081): [Sync,SyncIntentOperation] Handling the intent: Intent { act=android.intent.action.PACKAGE_ADDED dat=package:com.holler.app.test flg=0x4000010 cmp=com.google.android.gms/.chimera.GmsIntentOperationService (has extras) }.
06-05 16:55:12.193: I/Auth(4081): [SupervisedAccountIntentOperation] onHandleIntent(): android.intent.action.PACKAGE_ADDED
06-05 16:55:12.193: I/Auth(4081): [SupervisedAccountIntentOperation] This operation is disabled
06-05 16:55:12.194: I/FontsPackageChangeOp(4081): Package com.holler.app.test has no metadata
06-05 16:55:12.194: I/AppsUpload(4081): Received intent with action android.intent.action.PACKAGE_ADDED
06-05 16:55:12.195: I/ChromeSync(4081): [Persistence,AffiliationManager] One of affiliation or grouping data for android://sEq2NRfT8SnauUeaPZvnzIj8E7AmcRHn5ucaAbMnONF00KBTM3vljRPNiMUSitOOkcpwup4x2s4su1tXYfkOww==@com.holler.app.test/ was not found. Marking affiliation data as stale...
06-05 16:55:12.203: I/Icing(4081): IndexChimeraService.getServiceInterface callingPackage=com.google.android.gms componentName=AppsCorpus serviceId=SEARCH_CORPORA
06-05 16:55:12.203: I/Icing(4081): IndexChimeraService.getServiceInterface callingPackage=com.google.android.gms componentName=AppsCorpus serviceId=SEARCH_QUERIES
06-05 16:55:12.210: W/PeopleContactsSync(4081): CP2 sync disabled by gservices.
06-05 16:55:12.222: W/Primes(21247): Primes not initialized, returning default (no-op) Primes instance which will ignore all calls. Please call Primes.initialize(...) before using any Primes API.
06-05 16:55:12.224: I/ChromeSync(4081): [Persistence,AffiliationManager] Failed to get password domain for package: com.vzw.apnlib
06-05 16:55:12.300: I/ChromeSync(4081): [Persistence,AffiliationManager] Fetching affiliations from the server.
06-05 16:55:12.303: I/RoleUserState(1371): Wrote roles.xml successfully
06-05 16:55:12.336: I/DynamiteModule(21247): Considering local module com.google.android.gms.googlecertificates:4 and remote module com.google.android.gms.googlecertificates:4
06-05 16:55:12.336: I/DynamiteModule(21247): Selected local version of com.google.android.gms.googlecertificates
06-05 16:55:12.358: D/AndroidRuntime(21313): >>>>>> START com.android.internal.os.RuntimeInit uid 2000 <<<<<<
06-05 16:55:12.359: W/app_process(21313): type=1400 audit(0.0:531): avc: denied { read } for name="u:object_r:device_config_runtime_native_boot_prop:s0" dev="tmpfs" ino=19061 scontext=u:r:shell:s0 tcontext=u:object_r:device_config_runtime_native_boot_prop:s0 tclass=file permissive=0
06-05 16:55:12.359: W/app_process(21313): type=1400 audit(0.0:532): avc: denied { read } for name="u:object_r:device_config_runtime_native_boot_prop:s0" dev="tmpfs" ino=19061 scontext=u:r:shell:s0 tcontext=u:object_r:device_config_runtime_native_boot_prop:s0 tclass=file permissive=0
06-05 16:55:12.361: E/libc(21313): Access denied finding property "persist.device_config.runtime_native_boot.enable_apex_image"
06-05 16:55:12.361: I/AndroidRuntime(21313): Using default boot image
06-05 16:55:12.361: E/libc(21313): Access denied finding property "persist.device_config.runtime_native_boot.enable_generational_cc"
06-05 16:55:12.390: D/UsageStatsDatabase(1371): endTime(1559753489100) <= beginTime(1559778911777)
06-05 16:55:12.391: I/Icing(4081): Usage reports ok 0, Failed Usage reports 0, indexed 0, rejected 0, imm upload false
06-05 16:55:12.393: E/ExecutionCriteria(3898): Package unavailable for task: com.google.android.apps.gcs/.service.GcsTaskService{u=0 tag="WfaEliRefreshTask" trigger=window{start=0s,end=30s,earliest=-111784s,latest=-111754s} requirements=[NET_CONNECTED] attributes=[] scheduled=-111784s last_run=N/A jid=N/A status=PENDING retries=0 client_lib=MANCHEGO_GCM-11732000}
06-05 16:55:12.394: E/ExecutionCriteria(3898): Package unavailable for task: com.google.android.videos/com.google.android.apps.play.movies.common.service.drm.RefreshLicenseTaskService{u=0 tag="refresh_license_forced" trigger=window{start=3600s,end=10800s,earliest=-108190s,latest=-100990s} requirements=[NET_CONNECTED] attributes=[] scheduled=-111790s last_run=N/A jid=N/A status=PENDING retries=0 client_lib=MANCHEGO_GCM-10400000}
06-05 16:55:12.394: E/ExecutionCriteria(3898): Package unavailable for task: com.google.android.videos/com.google.android.apps.play.movies.common.FlushLogsTaskService{u=0 tag="flush_logs" trigger=window{period=86400s,flex=57600s,earliest=-82990s,latest=-25390s} requirements=[NET_UNMETERED,CHARGING] attributes=[PERSISTED,RECURRING] scheduled=-111790s last_run=N/A jid=N/A status=PENDING retries=0 client_lib=MANCHEGO_GCM-10400000}
06-05 16:55:12.398: E/ExecutionCriteria(3898): Package unavailable for task: com.google.android.apps.gcs/.service.GcsTaskService{u=0 tag="WfaStateTask" trigger=window{period=518400s,flex=86400s,earliest=320206s,latest=406606s} requirements=[NET_ANY] attributes=[PERSISTED,RECURRING] scheduled=-111793s last_run=N/A jid=N/A status=PENDING retries=0 client_lib=MANCHEGO_GCM-11732000}
06-05 16:55:12.398: I/Icing(4081): Usage reports ok 0, Failed Usage reports 0, indexed 0, rejected 0, imm upload false
06-05 16:55:12.400: I/Icing(4081): Indexing done com.google.android.gms-apps
06-05 16:55:12.416: I/GH.CarClientManager(21145): connected
06-05 16:55:12.425: D/GH.CarClientManager(21145): unregistered listener foo@7dbaba1
06-05 16:55:12.425: D/GH.CarClientManager(21145): calling onConnected on dml@a8c8baa
06-05 16:55:12.425: D/GH.CarClientManager(21145): unregistered listener dml@a8c8baa
06-05 16:55:12.426: D/GH.FeedbackNotifManager(21145): Starting FeedbackNotificationManager.
06-05 16:55:12.432: I/GH.HatsManager(21145): HaTS feature flag is not enabled. Not starting HatsManager.
06-05 16:55:12.432: D/GH.RatingPromptManager(21145): Starting RatingPromptManager.
06-05 16:55:12.433: D/GH.CarClientManager(21145): notifying listener that the client was already connected
06-05 16:55:12.433: D/GH.CarClientManager(21145): registered listener bof@142798b
06-05 16:55:12.434: W/ActivityManager(1371): Unable to start service Intent { act=local_action cmp=com.google.android.gms/.car.InCallService2 } U=0: not found
06-05 16:55:12.434: E/CAR.TEL.Service(21247): Failed to bind to InCallService
06-05 16:55:12.442: D/ICU(21313): Time zone APEX file found: /apex/com.android.tzdata/etc/icu/icu_tzdata.dat
06-05 16:55:12.448: I/d.process.medi(20344): Waiting for a blocking GC ProfileSaver
06-05 16:55:12.452: I/app_process(21313): The ClassLoaderContext is a special shared library.
06-05 16:55:12.465: W/app_process(21313): JNI RegisterNativeMethods: attempt to register 0 native methods for android.media.AudioAttributes
06-05 16:55:12.469: D/AndroidRuntime(21313): Calling main entry com.android.commands.am.Am
06-05 16:55:12.473: I/ActivityManager(1371): Force stopping com.google.android.apps.mtaas.tools appid=10204 user=0: start instr
06-05 16:55:12.478: I/zygote64(863): Ignoring open file descriptor 32
06-05 16:55:12.488: D/Zygote(863): Forked child process 21337
06-05 16:55:12.489: W/main(21337): type=1400 audit(0.0:533): avc: granted { read } for name="u:object_r:net_dns_prop:s0" dev="tmpfs" ino=19109 scontext=u:r:untrusted_app_25:s0:c512,c768 tcontext=u:object_r:net_dns_prop:s0 tclass=file
06-05 16:55:12.499: E/pps.mtaas.tool(21337): Not starting debugger since process cannot load the jdwp agent.
06-05 16:55:12.501: I/ActivityManager(1371): Start proc 21337:com.google.android.apps.mtaas.tools/u0a204 for added application com.google.android.apps.mtaas.tools
06-05 16:55:12.529: I/pps.mtaas.tool(21337): The ClassLoaderContext is a special shared library.
06-05 16:55:12.548: D/GetPackageUid(21337): Instrumentation completed successfully
06-05 16:55:12.549: I/ActivityManager(1371): Force stopping com.google.android.apps.mtaas.tools appid=10204 user=0: finished inst
06-05 16:55:12.549: I/ActivityManager(1371): Killing 21337:com.google.android.apps.mtaas.tools/u0a204 (adj 0): stop com.google.android.apps.mtaas.tools
06-05 16:55:12.550: W/Binder(1371): Outgoing transactions from this process must be FLAG_ONEWAY
06-05 16:55:12.550: W/Binder(1371): java.lang.Throwable
06-05 16:55:12.550: W/Binder(1371): 	at android.os.BinderProxy.transact(BinderProxy.java:480)
06-05 16:55:12.550: W/Binder(1371): 	at android.app.IInstrumentationWatcher$Stub$Proxy.instrumentationFinished(IInstrumentationWatcher.java:203)
06-05 16:55:12.550: W/Binder(1371): 	at com.android.server.am.InstrumentationReporter$MyThread.run(InstrumentationReporter.java:86)
06-05 16:55:12.557: D/AndroidRuntime(21313): Shutting down VM
06-05 16:55:12.560: I/Zygote(863): Process 21337 exited due to signal 9 (Killed)
06-05 16:55:12.571: I/libprocessgroup(1371): Successfully killed process cgroup uid 10204 pid 21337 in 21ms
06-05 16:55:12.746: I/Icing(4081): Indexing com.google.android.gms-apps from com.google.android.gms
06-05 16:55:12.753: I/Icing(4081): Indexing done com.google.android.gms-apps
06-05 16:55:12.754: I/Icing(4081): Indexing com.google.android.gms-internal.3p:MobileApplication from com.google.android.gms
06-05 16:55:12.759: I/Icing(4081): Indexing done com.google.android.gms-internal.3p:MobileApplication
06-05 16:55:12.902: I/droid.apps.doc(20456): Waiting for a blocking GC ProfileSaver
06-05 16:55:12.924: W/BroadcastQueue(1371): Background execution not allowed: receiving Intent { act=android.intent.action.PACKAGE_ADDED dat=package:com.holler.app flg=0x4000010 (has extras) } to com.google.android.packageinstaller/com.android.packageinstaller.PackageInstalledReceiver
06-05 16:55:12.925: W/BroadcastQueue(1371): Background execution not allowed: receiving Intent { act=android.intent.action.PACKAGE_ADDED dat=package:com.holler.app flg=0x4000010 (has extras) } to com.android.musicfx/.Compatibility$Receiver
06-05 16:55:12.925: W/BroadcastQueue(1371): Background execution not allowed: receiving Intent { act=android.intent.action.PACKAGE_ADDED dat=package:com.holler.app flg=0x4000010 (has extras) } to com.android.vending/com.google.android.finsky.packagemanager.impl.PackageMonitorReceiverImpl$RegisteredReceiver
06-05 16:55:12.925: W/BroadcastQueue(1371): Background execution not allowed: receiving Intent { act=android.intent.action.PACKAGE_ADDED dat=package:com.holler.app flg=0x4000010 (has extras) } to com.google.android.gms/.games.chimera.GamesSystemBroadcastReceiverProxy
06-05 16:55:12.925: W/BroadcastQueue(1371): Background execution not allowed: receiving Intent { act=android.intent.action.PACKAGE_ADDED dat=package:com.holler.app flg=0x4000010 (has extras) } to com.google.android.gms/.gass.chimera.PackageChangeBroadcastReceiver
06-05 16:55:12.925: W/BroadcastQueue(1371): Background execution not allowed: receiving Intent { act=android.intent.action.PACKAGE_ADDED dat=package:com.holler.app flg=0x4000010 (has extras) } to com.google.android.gms/.chimera.GmsIntentOperationService$PersistentTrustedReceiver
06-05 16:55:12.925: W/BroadcastQueue(1371): Background execution not allowed: receiving Intent { act=android.intent.action.PACKAGE_ADDED dat=package:com.holler.app flg=0x4000010 (has extras) } to com.google.android.googlequicksearchbox/com.google.android.apps.gsa.googlequicksearchbox.GelStubAppWatcher
06-05 16:55:12.925: W/BroadcastQueue(1371): Background execution not allowed: receiving Intent { act=android.intent.action.PACKAGE_ADDED dat=package:com.holler.app flg=0x4000010 (has extras) } to com.google.android.ims/.receivers.RcsAutoStartReceiver
06-05 16:55:12.947: E/ExecutionCriteria(3898): Package unavailable for task: com.google.android.apps.gcs/.service.GcsTaskService{u=0 tag="WfaEliRefreshTask" trigger=window{start=0s,end=30s,earliest=-111785s,latest=-111755s} requirements=[NET_CONNECTED] attributes=[] scheduled=-111785s last_run=N/A jid=N/A status=PENDING retries=0 client_lib=MANCHEGO_GCM-11732000}
06-05 16:55:12.948: E/ExecutionCriteria(3898): Package unavailable for task: com.google.android.videos/com.google.android.apps.play.movies.common.service.drm.RefreshLicenseTaskService{u=0 tag="refresh_license_forced" trigger=window{start=3600s,end=10800s,earliest=-108190s,latest=-100990s} requirements=[NET_CONNECTED] attributes=[] scheduled=-111790s last_run=N/A jid=N/A status=PENDING retries=0 client_lib=MANCHEGO_GCM-10400000}
06-05 16:55:12.949: E/ExecutionCriteria(3898): Package unavailable for task: com.google.android.videos/com.google.android.apps.play.movies.common.FlushLogsTaskService{u=0 tag="flush_logs" trigger=window{period=86400s,flex=57600s,earliest=-82990s,latest=-25390s} requirements=[NET_UNMETERED,CHARGING] attributes=[PERSISTED,RECURRING] scheduled=-111790s last_run=N/A jid=N/A status=PENDING retries=0 client_lib=MANCHEGO_GCM-10400000}
06-05 16:55:12.955: E/ExecutionCriteria(3898): Package unavailable for task: com.google.android.apps.gcs/.service.GcsTaskService{u=0 tag="WfaStateTask" trigger=window{period=518400s,flex=86400s,earliest=320206s,latest=406606s} requirements=[NET_ANY] attributes=[PERSISTED,RECURRING] scheduled=-111793s last_run=N/A jid=N/A status=PENDING retries=0 client_lib=MANCHEGO_GCM-11732000}
06-05 16:55:13.231: I/droid.apps.map(20540): Waiting for a blocking GC ProfileSaver
06-05 16:55:13.264: I/droid.apps.map(20540): WaitForGcToComplete blocked ProfileSaver on ClassLinker for 32.742ms
06-05 16:55:13.403: I/Icing(4081): Indexing com.google.android.gms-apps from com.google.android.gms
06-05 16:55:13.407: I/Icing(4081): Indexing done com.google.android.gms-apps
06-05 16:55:13.517: I/oid.apps.photo(20603): WaitForGcToComplete blocked CollectorTransition on ProfileSaver for 7.671ms
06-05 16:55:13.659: W/atrace(21402): type=1400 audit(0.0:534): avc: denied { write } for name="enable" dev="tracefs" ino=7660 scontext=u:r:shell:s0 tcontext=u:object_r:debugfs_tracing_debug:s0 tclass=file permissive=0
06-05 16:55:13.705: E/Backup(4081): [BackupTransportMigratorChimeraService] Could not migrate transport!
06-05 16:55:13.709: I/Backup(4081): [BackupTransportMigratorChimeraService] Starting migration...
06-05 16:55:13.905: I/s:nonpersisten(20697): Waiting for a blocking GC ProfileSaver
06-05 16:55:13.930: I/s:nonpersisten(20697): WaitForGcToComplete blocked ProfileSaver on ClassLinker for 25.209ms
06-05 16:55:13.963: W/BroadcastQueue(1371): Background execution not allowed: receiving Intent { act=android.intent.action.PACKAGE_ADDED dat=package:com.holler.app.test flg=0x4000010 (has extras) } to com.google.android.packageinstaller/com.android.packageinstaller.PackageInstalledReceiver
06-05 16:55:13.965: W/BroadcastQueue(1371): Background execution not allowed: receiving Intent { act=android.intent.action.PACKAGE_ADDED dat=package:com.holler.app.test flg=0x4000010 (has extras) } to com.android.musicfx/.Compatibility$Receiver
06-05 16:55:13.965: W/BroadcastQueue(1371): Background execution not allowed: receiving Intent { act=android.intent.action.PACKAGE_ADDED dat=package:com.holler.app.test flg=0x4000010 (has extras) } to com.android.vending/com.google.android.finsky.packagemanager.impl.PackageMonitorReceiverImpl$RegisteredReceiver
06-05 16:55:13.965: W/BroadcastQueue(1371): Background execution not allowed: receiving Intent { act=android.intent.action.PACKAGE_ADDED dat=package:com.holler.app.test flg=0x4000010 (has extras) } to com.google.android.gms/.games.chimera.GamesSystemBroadcastReceiverProxy
06-05 16:55:13.966: W/BroadcastQueue(1371): Background execution not allowed: receiving Intent { act=android.intent.action.PACKAGE_ADDED dat=package:com.holler.app.test flg=0x4000010 (has extras) } to com.google.android.gms/.gass.chimera.PackageChangeBroadcastReceiver
06-05 16:55:13.966: W/BroadcastQueue(1371): Background execution not allowed: receiving Intent { act=android.intent.action.PACKAGE_ADDED dat=package:com.holler.app.test flg=0x4000010 (has extras) } to com.google.android.gms/.chimera.GmsIntentOperationService$PersistentTrustedReceiver
06-05 16:55:13.966: W/BroadcastQueue(1371): Background execution not allowed: receiving Intent { act=android.intent.action.PACKAGE_ADDED dat=package:com.holler.app.test flg=0x4000010 (has extras) } to com.google.android.googlequicksearchbox/com.google.android.apps.gsa.googlequicksearchbox.GelStubAppWatcher
06-05 16:55:13.966: W/BroadcastQueue(1371): Background execution not allowed: receiving Intent { act=android.intent.action.PACKAGE_ADDED dat=package:com.holler.app.test flg=0x4000010 (has extras) } to com.google.android.ims/.receivers.RcsAutoStartReceiver
06-05 16:55:13.981: W/ModuleInitIntentOp(4081): Dropping unexpected action com.google.android.gms.phenotype.COMMITTED
06-05 16:55:13.981: D/CAR.SETUP(4081): Received Car Phenotype committed intent.
06-05 16:55:13.983: I/PTCommittedOperation(3898): Receive new configuration for com.google.android.gms.car
06-05 16:55:14.009: I/ndroid.calenda(20736): Waiting for a blocking GC ProfileSaver
06-05 16:55:14.011: I/CAR.SETUP(4081): update Car DrivingMode components to false
06-05 16:55:14.016: V/SettingsProvider(1371): Notifying for 0: content://settings/system/gearhead:driving_mode_settings_enabled
06-05 16:55:14.035: I/ndroid.calenda(20736): WaitForGcToComplete blocked ProfileSaver on AddRemoveAppImageSpace for 26.554ms
06-05 16:55:14.055: W/ActivityManager(1371): Unable to start service Intent { act=com.google.android.gms.analytics.service.START cmp=com.google.android.gms/.analytics.service.AnalyticsService (has extras) } U=0: not found
06-05 16:55:14.055: W/GAV2(20736): Thread[GAThread,5,main]: Service unavailable (code=1), will retry.
06-05 16:55:14.178: I/ndroid.contact(20811): Waiting for a blocking GC ProfileSaver
06-05 16:55:14.227: I/ndroid.contact(20811): WaitForGcToComplete blocked ProfileSaver on AddRemoveAppImageSpace for 48.762ms
06-05 16:55:14.369: I/droid.deskcloc(20864): Waiting for a blocking GC ProfileSaver
06-05 16:55:14.394: I/droid.deskcloc(20864): WaitForGcToComplete blocked ProfileSaver on AddRemoveAppImageSpace for 24.410ms
06-05 16:55:14.496: I//vendor/bin/hw/android.hardware.health@2.0-service.crosshatch(886): Entry state_: 1 charger_status: Full batteryLevel: 99
06-05 16:55:14.496: I//vendor/bin/hw/android.hardware.health@2.0-service.crosshatch(886): Exit state_: 1 batteryLevel: 100
06-05 16:55:14.526: D/PowerUI(3292): can't show warning due to - plugged: true status unknown: false
06-05 16:55:14.598: D/NetworkSecurityConfig(20864): No Network Security Config specified, using platform default
06-05 16:55:14.603: I/ogle.android.g(20910): Waiting for a blocking GC ProfileSaver
06-05 16:55:14.632: E/ResolverController(829): No valid NAT64 prefix (100,<unspecified>/0)
06-05 16:55:14.639: I/ogle.android.g(20910): WaitForGcToComplete blocked ProfileSaver on AddRemoveAppImageSpace for 36.487ms
06-05 16:55:14.700: W/ActivityManager(1371): Unable to start service Intent { act=com.google.android.gms.analytics.service.START cmp=com.google.android.gms/.analytics.service.AnalyticsService (has extras) } U=0: not found
06-05 16:55:14.715: W/GAV2(20910): Thread[GAThread,5,main]: Service unavailable (code=1), will retry.
06-05 16:55:14.998: I/roid.music:mai(20974): Waiting for a blocking GC ProfileSaver
06-05 16:55:15.029: I/roid.music:mai(20974): WaitForGcToComplete blocked ProfileSaver on ClassLinker for 30.883ms
06-05 16:55:15.080: I/RoleManagerService(1371): Granting default permissions...
06-05 16:55:15.082: V/AvrcpMediaPlayerList(3271): mPackageChangedBroadcastReceiver: action: android.intent.action.PACKAGE_CHANGED
06-05 16:55:15.083: D/AvrcpMediaPlayerList(3271): Name of package changed: com.google.android.gms
06-05 16:55:15.096: D/RegisteredNfcFServicesCache(4392): Service unchanged, not updating
06-05 16:55:15.107: I/InputReader(1371): Reconfiguring input devices.  changes=0x00000010
06-05 16:55:15.107: W/ollment.xgoogl(15006): Reducing the number of considered missed Gc histogram windows from 11133 to 100
06-05 16:55:15.112: W/llment.okgoogl(11729): Reducing the number of considered missed Gc histogram windows from 11133 to 100
06-05 16:55:15.122: I/AppsUpload(4081): Received intent with action android.intent.action.PACKAGE_CHANGED
06-05 16:55:15.125: E/PhoneInterfaceManager(3723): [PhoneIntfMgr] getCarrierPackageNamesForIntent: No UICC
06-05 16:55:15.125: D/CarrierSvcBindHelper(3723): No carrier app for: 0
06-05 16:55:15.126: D/ImsResolver(3723): maybeAddedImsService, packageName: com.google.android.gms
06-05 16:55:15.140: I/Icing(4081): IndexChimeraService.getServiceInterface callingPackage=com.google.android.gms componentName=AppsCorpus serviceId=SEARCH_CORPORA
06-05 16:55:15.143: I/Icing(4081): IndexChimeraService.getServiceInterface callingPackage=com.google.android.gms componentName=AppsCorpus serviceId=SEARCH_QUERIES
06-05 16:55:15.144: I/Icing(4081): updateResources: need to parse abzz{com.google.android.gms}
06-05 16:55:15.163: I/RoleControllerServiceImpl(19479): Granting default roles, user: 0
06-05 16:55:15.182: I/Telecom(1371): DefaultDialerCache: Refreshing default dialer for user 0: now com.google.android.dialer: DDC.oR@AbA
06-05 16:55:15.188: W/MessageQueue(1371): Handler (com.android.server.backup.internal.BackupHandler) {7780d59} sending message to a Handler on a dead thread
06-05 16:55:15.188: W/MessageQueue(1371): java.lang.IllegalStateException: Handler (com.android.server.backup.internal.BackupHandler) {7780d59} sending message to a Handler on a dead thread
06-05 16:55:15.188: W/MessageQueue(1371): 	at android.os.MessageQueue.enqueueMessage(MessageQueue.java:558)
06-05 16:55:15.188: W/MessageQueue(1371): 	at android.os.Handler.enqueueMessage(Handler.java:754)
06-05 16:55:15.188: W/MessageQueue(1371): 	at android.os.Handler.sendMessageAtTime(Handler.java:703)
06-05 16:55:15.188: W/MessageQueue(1371): 	at android.os.Handler.sendMessageDelayed(Handler.java:673)
06-05 16:55:15.188: W/MessageQueue(1371): 	at android.os.Handler.post(Handler.java:403)
06-05 16:55:15.188: W/MessageQueue(1371): 	at com.android.server.backup.UserBackupManagerService$2.onReceive(UserBackupManagerService.java:1194)
06-05 16:55:15.188: W/MessageQueue(1371): 	at android.app.LoadedApk$ReceiverDispatcher$Args.lambda$getRunnable$0$LoadedApk$ReceiverDispatcher$Args(LoadedApk.java:1559)
06-05 16:55:15.188: W/MessageQueue(1371): 	at android.app.-$$Lambda$LoadedApk$ReceiverDispatcher$Args$_BumDX2UKsnxLVrE6UJsJZkotuA.run(Unknown Source:2)
06-05 16:55:15.188: W/MessageQueue(1371): 	at android.os.Handler.handleCallback(Handler.java:883)
06-05 16:55:15.188: W/MessageQueue(1371): 	at android.os.Handler.dispatchMessage(Handler.java:100)
06-05 16:55:15.188: W/MessageQueue(1371): 	at android.os.Looper.loop(Looper.java:214)
06-05 16:55:15.188: W/MessageQueue(1371): 	at com.android.server.SystemServer.run(SystemServer.java:541)
06-05 16:55:15.188: W/MessageQueue(1371): 	at com.android.server.SystemServer.main(SystemServer.java:349)
06-05 16:55:15.188: W/MessageQueue(1371): 	at java.lang.reflect.Method.invoke(Native Method)
06-05 16:55:15.188: W/MessageQueue(1371): 	at com.android.internal.os.RuntimeInit$MethodAndArgsCaller.run(RuntimeInit.java:492)
06-05 16:55:15.188: W/MessageQueue(1371): 	at com.android.internal.os.ZygoteInit.main(ZygoteInit.java:903)
06-05 16:55:15.195: W/BroadcastQueue(1371): Background execution not allowed: receiving Intent { act=android.location.PROVIDERS_CHANGED flg=0x10 (has extras) } to com.google.android.apps.maps/com.google.android.apps.gmm.locationsharing.usr.LocationAvailabilityChecker$LocationProvidersChangedBroadcastReceiver
06-05 16:55:15.195: W/BroadcastQueue(1371): Background execution not allowed: receiving Intent { act=android.location.PROVIDERS_CHANGED flg=0x10 (has extras) } to com.google.android.gms/com.google.android.location.internal.NlpNetworkProviderSettingsUpdateReceiver
06-05 16:55:15.195: W/BroadcastQueue(1371): Background execution not allowed: receiving Intent { act=android.location.PROVIDERS_CHANGED flg=0x10 (has extras) } to com.google.android.gms/.chimera.GmsIntentOperationService$PersistentTrustedReceiver
06-05 16:55:15.196: V/SettingsProvider(1371): Notifying for 0: content://settings/secure/location_providers_allowed
06-05 16:55:15.196: W/BroadcastQueue(1371): Background execution not allowed: receiving Intent { act=android.location.PROVIDERS_CHANGED flg=0x10 (has extras) } to com.google.android.googlequicksearchbox/com.google.android.apps.gsa.broadcastreceiver.external.ExternalCommonBroadcastReceiver
06-05 16:55:15.197: W/BroadcastQueue(1371): Background execution not allowed: receiving Intent { act=android.location.PROVIDERS_CHANGED flg=0x10 (has extras) } to com.google.android.apps.maps/com.google.android.apps.gmm.locationsharing.usr.LocationAvailabilityChecker$LocationProvidersChangedBroadcastReceiver
06-05 16:55:15.197: W/BroadcastQueue(1371): Background execution not allowed: receiving Intent { act=android.location.PROVIDERS_CHANGED flg=0x10 (has extras) } to com.google.android.gms/com.google.android.location.internal.NlpNetworkProviderSettingsUpdateReceiver
06-05 16:55:15.197: W/BroadcastQueue(1371): Background execution not allowed: receiving Intent { act=android.location.PROVIDERS_CHANGED flg=0x10 (has extras) } to com.google.android.gms/.chimera.GmsIntentOperationService$PersistentTrustedReceiver
06-05 16:55:15.197: W/BroadcastQueue(1371): Background execution not allowed: receiving Intent { act=android.location.PROVIDERS_CHANGED flg=0x10 (has extras) } to com.google.android.googlequicksearchbox/com.google.android.apps.gsa.broadcastreceiver.external.ExternalCommonBroadcastReceiver
06-05 16:55:15.209: I/GeofencerStateMachine(3898): sendQueryLocationOptIn
06-05 16:55:15.213: D/UsageStatsDatabase(1371): endTime(1559753489100) <= beginTime(1559778912396)
06-05 16:55:15.213: I/Icing(4081): Usage reports ok 0, Failed Usage reports 0, indexed 0, rejected 0, imm upload false
06-05 16:55:15.222: W/BroadcastQueue(1371): Background execution not allowed: receiving Intent { act=android.location.PROVIDERS_CHANGED flg=0x10 (has extras) } to com.google.android.apps.maps/com.google.android.apps.gmm.locationsharing.usr.LocationAvailabilityChecker$LocationProvidersChangedBroadcastReceiver
06-05 16:55:15.222: W/BroadcastQueue(1371): Background execution not allowed: receiving Intent { act=android.location.PROVIDERS_CHANGED flg=0x10 (has extras) } to com.google.android.gms/com.google.android.location.internal.NlpNetworkProviderSettingsUpdateReceiver
06-05 16:55:15.222: W/BroadcastQueue(1371): Background execution not allowed: receiving Intent { act=android.location.PROVIDERS_CHANGED flg=0x10 (has extras) } to com.google.android.gms/.chimera.GmsIntentOperationService$PersistentTrustedReceiver
06-05 16:55:15.222: W/BroadcastQueue(1371): Background execution not allowed: receiving Intent { act=android.location.PROVIDERS_CHANGED flg=0x10 (has extras) } to com.google.android.googlequicksearchbox/com.google.android.apps.gsa.broadcastreceiver.external.ExternalCommonBroadcastReceiver
06-05 16:55:15.227: V/SettingsProvider(1371): Notifying for 0: content://settings/secure/location_providers_allowed
06-05 16:55:15.228: W/BroadcastQueue(1371): Background execution not allowed: receiving Intent { act=android.location.PROVIDERS_CHANGED flg=0x10 (has extras) } to com.google.android.apps.maps/com.google.android.apps.gmm.locationsharing.usr.LocationAvailabilityChecker$LocationProvidersChangedBroadcastReceiver
06-05 16:55:15.228: W/BroadcastQueue(1371): Background execution not allowed: receiving Intent { act=android.location.PROVIDERS_CHANGED flg=0x10 (has extras) } to com.google.android.gms/com.google.android.location.internal.NlpNetworkProviderSettingsUpdateReceiver
06-05 16:55:15.228: W/BroadcastQueue(1371): Background execution not allowed: receiving Intent { act=android.location.PROVIDERS_CHANGED flg=0x10 (has extras) } to com.google.android.gms/.chimera.GmsIntentOperationService$PersistentTrustedReceiver
06-05 16:55:15.228: W/BroadcastQueue(1371): Background execution not allowed: receiving Intent { act=android.location.PROVIDERS_CHANGED flg=0x10 (has extras) } to com.google.android.googlequicksearchbox/com.google.android.apps.gsa.broadcastreceiver.external.ExternalCommonBroadcastReceiver
06-05 16:55:15.222: I/Icing(4081): Usage reports ok 0, Failed Usage reports 0, indexed 0, rejected 0, imm upload false
06-05 16:55:15.231: I/GeofencerStateMachine(3898): sendQueryLocationOptIn
06-05 16:55:15.233: I/GCoreUlr(3898): Starting service, intent=Intent { act=com.google.android.location.reporting.ACTION_UPDATE_WORLD cmp=com.google.android.gms/com.google.android.location.reporting.service.DispatchingService (has extras) }, extras=Bundle[{receiverAction=android.location.PROVIDERS_CHANGED}]
06-05 16:55:15.255: I/GCoreUlr(3898): Starting service, intent=Intent { act=com.google.android.location.reporting.ACTION_UPDATE_WORLD cmp=com.google.android.gms/com.google.android.location.reporting.service.DispatchingService (has extras) }, extras=Bundle[{receiverAction=android.location.PROVIDERS_CHANGED}]
06-05 16:55:15.257: I/GCoreUlr(3898): WorldUpdater received intent Intent { act=com.google.android.location.reporting.ACTION_UPDATE_WORLD cmp=com.google.android.gms/com.google.android.location.reporting.service.DispatchingService (has extras) } with receiverAction android.location.PROVIDERS_CHANGED
06-05 16:55:15.261: I/GCoreUlr(3898): Starting service, intent=Intent { act=com.google.android.location.reporting.ACTION_UPDATE_WORLD cmp=com.google.android.gms/com.google.android.location.reporting.service.DispatchingService (has extras) }, extras=Bundle[{receiverAction=android.location.PROVIDERS_CHANGED}]
06-05 16:55:15.266: I/GCoreUlr(3898): WorldUpdater:android.location.PROVIDERS_CHANGED: Ensuring that reporting is stopped because of reasons: (no Google accounts)
06-05 16:55:15.271: I/GCoreUlr(3898): Unbound from all signal providers.
06-05 16:55:15.271: I/GCoreUlr(3898): Successfully accounts update
06-05 16:55:15.276: I/GCoreUlr(3898): Starting service, intent=Intent { act=com.google.android.location.reporting.ACTION_UPDATE_WORLD cmp=com.google.android.gms/com.google.android.location.reporting.service.DispatchingService (has extras) }, extras=Bundle[{receiverAction=android.location.PROVIDERS_CHANGED}]
06-05 16:55:15.277: I/GCoreUlr(3898): DispatchingService ignoring Intent { act=android.net.wifi.WIFI_STATE_CHANGED flg=0x4000010 (has extras) } because ULR inactive
06-05 16:55:15.282: I/GCoreUlr(3898): WorldUpdater received intent Intent { act=com.google.android.location.reporting.ACTION_UPDATE_WORLD cmp=com.google.android.gms/com.google.android.location.reporting.service.DispatchingService (has extras) } with receiverAction android.location.PROVIDERS_CHANGED
06-05 16:55:15.284: I/GCoreUlr(3898): WorldUpdater:android.location.PROVIDERS_CHANGED: Ensuring that reporting is stopped because of reasons: (no Google accounts)
06-05 16:55:15.293: I/GCoreUlr(3898): Unbound from all signal providers.
06-05 16:55:15.293: I/GCoreUlr(3898): Successfully accounts update
06-05 16:55:15.301: I/GCoreUlr(3898): WorldUpdater received intent Intent { act=com.google.android.location.reporting.ACTION_UPDATE_WORLD cmp=com.google.android.gms/com.google.android.location.reporting.service.DispatchingService (has extras) } with receiverAction android.location.PROVIDERS_CHANGED
06-05 16:55:15.313: I/GCoreUlr(3898): WorldUpdater:android.location.PROVIDERS_CHANGED: Ensuring that reporting is stopped because of reasons: (no Google accounts)
06-05 16:55:15.316: I/GCoreUlr(3898): Unbound from all signal providers.
06-05 16:55:15.317: I/GCoreUlr(3898): Successfully accounts update
06-05 16:55:15.321: I/GCoreUlr(3898): WorldUpdater received intent Intent { act=com.google.android.location.reporting.ACTION_UPDATE_WORLD cmp=com.google.android.gms/com.google.android.location.reporting.service.DispatchingService (has extras) } with receiverAction android.location.PROVIDERS_CHANGED
06-05 16:55:15.324: I/GCoreUlr(3898): WorldUpdater:android.location.PROVIDERS_CHANGED: Ensuring that reporting is stopped because of reasons: (no Google accounts)
06-05 16:55:15.339: I/GCoreUlr(3898): Unbound from all signal providers.
06-05 16:55:15.339: I/GCoreUlr(3898): Successfully accounts update
06-05 16:55:15.348: I/GCoreUlr(3898): Unbound from all signal providers.
06-05 16:55:15.348: I/GCoreUlr(3898): Successfully accounts update
06-05 16:55:15.348: I/GCoreUlr(3898): Stopping handler for UlrDispSvcFast
06-05 16:55:15.355: W/BroadcastQueue(1371): Background execution not allowed: receiving Intent { act=com.google.android.music.START_DOWNLOAD_SCHEDULING flg=0x10 } to com.google.android.music/.autocache.AutoCacheSchedulingService$EnablingReceiver
06-05 16:55:15.431: W/SQLiteQueryBuilder(20344): Allowing abusive custom column: *
06-05 16:55:15.432: W/SQLiteQueryBuilder(20344): Allowing abusive custom column: *
