06-05 16:55:05.415: I/NetRec(3898): [1492] akcz.b: Cancelling all NetRec GCM tasks
06-05 16:55:05.421: I/OcrModelUpStIntentOp(4081): Downloading text recognizer
06-05 16:55:05.445: I/GmsModuleFndr(4081): Beginning GMS chimera module scan
06-05 16:55:05.450: I/ModuleSetMgr(4081): Computing pending module set with APKs: {file:///product/priv-app/PrebuiltGmsCore/m/independent/AndroidPlatformServices.apk, file:///product/priv-app/PrebuiltGmsCore/PrebuiltGmsCoreQt.apk}
06-05 16:55:05.453: I/ModuleSetUtils(4081): Assembling ModuleSetRecord for container:16790: []
06-05 16:55:05.453: I/ModuleSetMgr(4081): Pending container Zapp APKs: []
06-05 16:55:05.453: I/ModuleSetMgr(4081): Pending non-container Zapp APKs: []
06-05 16:55:05.458: I/GCoreUlr(3898): WorldUpdater received intent Intent { act=com.google.android.location.reporting.ACTION_UPDATE_WORLD cmp=com.google.android.gms/com.google.android.location.reporting.service.DispatchingService (has extras) } with receiverAction com.google.gservices.intent.action.GSERVICES_CHANGED
06-05 16:55:05.467: I/GCoreUlr(3898): Successfully sent flags updated to controllers.
06-05 16:55:05.469: I/GeofencerStateMachine(3898): sendQueryLocationOptIn
06-05 16:55:05.495: W/ActivityManager(1371): Unable to start service Intent { cmp=com.google.android.gms/.analytics.service.RefreshEnabledStateService } U=0: not found
06-05 16:55:05.480: I/GeofencerStateMachine(3898): sendQueryLocationOptIn
06-05 16:55:05.496: I/GCoreUlr(3898): WorldUpdater:com.google.gservices.intent.action.GSERVICES_CHANGED: Ensuring that reporting is stopped because of reasons: (no Google accounts)
06-05 16:55:05.501: I/GCoreUlr(3898): Unbound from all signal providers.
06-05 16:55:05.501: I/GCoreUlr(3898): Successfully accounts update
06-05 16:55:05.507: I/GCoreUlr(3898): DispatchingService ignoring Intent { act=android.net.wifi.WIFI_STATE_CHANGED flg=0x4000010 (has extras) } because ULR inactive
06-05 16:55:05.513: W/ChimeraUtils(4081): Non Chimera context
06-05 16:55:05.513: W/ChimeraUtils(4081): Non Chimera context
06-05 16:55:05.515: I/RecoverableKeyStoreGms(4081): [RecoverableKeyStoreGmsInitOperation] Initializing auth_folsom
06-05 16:55:05.516: D/CAR.SETUP(4081): Received GService flag change intent.
06-05 16:55:05.517: I/RecoverableKeyStoreGms(4081): [RecoverableKeyStoreGmsInitOperation] com.google.android.gms.auth.folsom.service.FolsomPublicKeyUpdateService is already enabled. Ignore.
06-05 16:55:05.518: I/CAR.SETUP(4081): update Car DrivingMode components to true
06-05 16:55:05.520: I/RecoverableKeyStoreGms(4081): [RecoverableKeyStoreGmsInitOperation] com.google.android.gms.auth.folsom.service.GcmReceiverService is already enabled. Ignore.
06-05 16:55:05.524: V/RecoverableKeyStoreMgr(1371): Not updating secret types - same as old value.
06-05 16:55:05.525: I/GCoreUlr(3898): Unbound from all signal providers.
06-05 16:55:05.525: I/GCoreUlr(3898): Stopping handler for UlrDispSvcFast
06-05 16:55:05.525: I/RecoverableKeyStoreGms(4081): [VaultHandleHelper] Building vaultHandle(version=1, instanceId=fqD1hTz2e4I, deviceId=3793336045642581921)
06-05 16:55:05.525: I/GeofencerStateMachine(3898): sendQueryLocationOptIn
06-05 16:55:05.525: I/RecoverableKeyStoreGms(4081): [RecoverableKeyStoreGmsInitOperation] Setting vault handle
06-05 16:55:05.526: I/GCoreUlr(3898): Successfully accounts update
06-05 16:55:05.527: W/DynamiteModule(4081): Local module descriptor class for providerinstaller not found.
06-05 16:55:05.527: I/DynamiteModule(4081): Considering local module providerinstaller:0 and remote module providerinstaller:0
06-05 16:55:05.527: W/ProviderInstaller(4081): Failed to load providerinstaller module: No acceptable module found. Local version is 0 and remote version is 0.
06-05 16:55:05.528: I/GeofencerStateMachine(3898): sendQueryLocationOptIn
06-05 16:55:05.528: V/RecoverableKeyStoreMgr(1371): Not updating server params - same as old value.
06-05 16:55:05.530: I/GeofencerStateMachine(3898): sendQueryLocationOptIn
06-05 16:55:05.537: W/DynamiteModule(4081): Local module descriptor class for providerinstaller not found.
06-05 16:55:05.537: I/DynamiteModule(4081): Considering local module providerinstaller:0 and remote module providerinstaller:0
06-05 16:55:05.537: W/ProviderInstaller(4081): Failed to load providerinstaller module: No acceptable module found. Local version is 0 and remote version is 0.
06-05 16:55:05.538: W/ChimeraUtils(4081): Non Chimera context
06-05 16:55:05.538: I/chatty(4081): uid=10135(com.google.android.gms) ERVICES_CHANGED identical 2 lines
06-05 16:55:05.539: W/ChimeraUtils(4081): Non Chimera context
06-05 16:55:05.541: I/RecoverableKeyStoreGms(4081): [EnrollmentManager] Returning certificates list from cache
06-05 16:55:05.541: I/GeofencerStateMachine(3898): sendQueryLocationOptIn
06-05 16:55:05.544: I/CAR.DRIVINGMODE(4081): Driving Mode ActivityTransition conditions not met. Skip registration.
06-05 16:55:05.545: W/DynamiteModule(4081): Local module descriptor class for providerinstaller not found.
06-05 16:55:05.545: I/DynamiteModule(4081): Considering local module providerinstaller:0 and remote module providerinstaller:0
06-05 16:55:05.545: W/ProviderInstaller(4081): Failed to load providerinstaller module: No acceptable module found. Local version is 0 and remote version is 0.
06-05 16:55:05.558: I/ChromeSync(4081): [Sync,SyncIntentOperation] Handling the intent: Intent { act=com.google.gservices.intent.action.GSERVICES_CHANGED flg=0x1000010 cmp=com.google.android.gms/.chimera.GmsIntentOperationService$PersistentInternalReceiver }.
06-05 16:55:05.558: W/DynamiteModule(4081): Local module descriptor class for providerinstaller not found.
06-05 16:55:05.558: I/DynamiteModule(4081): Considering local module providerinstaller:0 and remote module providerinstaller:0
06-05 16:55:05.559: W/ProviderInstaller(4081): Failed to load providerinstaller module: No acceptable module found. Local version is 0 and remote version is 0.
06-05 16:55:05.566: W/DynamiteModule(4081): Local module descriptor class for providerinstaller not found.
06-05 16:55:05.567: I/DynamiteModule(4081): Considering local module providerinstaller:0 and remote module providerinstaller:0
06-05 16:55:05.567: W/ProviderInstaller(4081): Failed to load providerinstaller module: No acceptable module found. Local version is 0 and remote version is 0.
06-05 16:55:05.578: I/ModelReloader(19971): Cancelled all jobs.
06-05 16:55:05.578: I/AmbientMusicServiceMana(19971): Unloading model 9f6ad62a-1f0b-11e7-87c5-40a8f03d3f15
06-05 16:55:05.578: I/SoundTriggerManagerComp(19971): Unloading model 9f6ad62a-1f0b-11e7-87c5-40a8f03d3f15
06-05 16:55:05.579: I/SoundTriggerService(1371): deleteSoundModel(): id = 9f6ad62a-1f0b-11e7-87c5-40a8f03d3f15
06-05 16:55:05.579: W/SoundTriggerHelper(1371): Unload error: Attempting unload invalid generic model with id:9f6ad62a-1f0b-11e7-87c5-40a8f03d3f15
06-05 16:55:05.586: W/DynamiteModule(4081): Local module descriptor class for providerinstaller not found.
06-05 16:55:05.587: I/DynamiteModule(4081): Considering local module providerinstaller:0 and remote module providerinstaller:0
06-05 16:55:05.587: W/ProviderInstaller(4081): Failed to load providerinstaller module: No acceptable module found. Local version is 0 and remote version is 0.
06-05 16:55:05.590: I/RecoverableKeyStoreMgr(1371): The cert file serial number is the same, so skip updating.
06-05 16:55:05.590: I/RecoverableKeyStoreGms(4081): [EnrollmentManager] Recovery service is initialized.
06-05 16:55:05.592: I/RecoverySnapshotLstnrs(1371): Registered listener for agent with uid 10135
06-05 16:55:05.593: W/DynamiteModule(4081): Local module descriptor class for providerinstaller not found.
06-05 16:55:05.594: I/DynamiteModule(4081): Considering local module providerinstaller:0 and remote module providerinstaller:0
06-05 16:55:05.594: W/ProviderInstaller(4081): Failed to load providerinstaller module: No acceptable module found. Local version is 0 and remote version is 0.
06-05 16:55:05.601: W/DynamiteModule(4081): Local module descriptor class for providerinstaller not found.
06-05 16:55:05.601: I/DynamiteModule(4081): Considering local module providerinstaller:0 and remote module providerinstaller:0
06-05 16:55:05.601: W/ProviderInstaller(4081): Failed to load providerinstaller module: No acceptable module found. Local version is 0 and remote version is 0.
06-05 16:55:05.632: W/DynamiteModule(4081): Local module descriptor class for providerinstaller not found.
06-05 16:55:05.632: I/DynamiteModule(4081): Considering local module providerinstaller:0 and remote module providerinstaller:0
06-05 16:55:05.632: W/ProviderInstaller(4081): Failed to load providerinstaller module: No acceptable module found. Local version is 0 and remote version is 0.
06-05 16:55:05.649: I/MobileDataHub(4081): Scheduling periodic tasks
06-05 16:55:05.649: I/GmsModuleFndr(4081): Beginning GMS chimera module scan
06-05 16:55:05.651: I/GservicesProvider(4638): override update completed
06-05 16:55:05.675: I/ModuleSetMgr(4081): Computing pending module set with APKs: {file:///product/priv-app/PrebuiltGmsCore/m/independent/AndroidPlatformServices.apk, file:///product/priv-app/PrebuiltGmsCore/PrebuiltGmsCoreQt.apk}
06-05 16:55:05.680: I/Bugle(19743): ApnsOta: OTA version -1
06-05 16:55:05.682: I/ModuleSetUtils(4081): Assembling ModuleSetRecord for container:16790: []
06-05 16:55:05.682: I/ModuleSetMgr(4081): Pending container Zapp APKs: []
06-05 16:55:05.682: I/ModuleSetMgr(4081): Pending non-container Zapp APKs: []
06-05 16:55:05.695: I/MS_Utils(4081): version of com.google.android.apps.maps = 1010704040
06-05 16:55:05.700: E/ExecutionCriteria(3898): Package unavailable for task: com.google.android.apps.gcs/.service.GcsTaskService{u=0 tag="WfaEliRefreshTask" trigger=window{start=0s,end=30s,earliest=-111777s,latest=-111747s} requirements=[NET_CONNECTED] attributes=[] scheduled=-111777s last_run=N/A jid=N/A status=PENDING retries=0 client_lib=MANCHEGO_GCM-11732000}
06-05 16:55:05.706: E/ExecutionCriteria(3898): Package unavailable for task: com.google.android.videos/com.google.android.apps.play.movies.common.service.drm.RefreshLicenseTaskService{u=0 tag="refresh_license_forced" trigger=window{start=3600s,end=10800s,earliest=-108183s,latest=-100983s} requirements=[NET_CONNECTED] attributes=[] scheduled=-111783s last_run=N/A jid=N/A status=PENDING retries=0 client_lib=MANCHEGO_GCM-10400000}
06-05 16:55:05.706: E/ExecutionCriteria(3898): Package unavailable for task: com.google.android.videos/com.google.android.apps.play.movies.common.FlushLogsTaskService{u=0 tag="flush_logs" trigger=window{period=86400s,flex=57600s,earliest=-82983s,latest=-25383s} requirements=[NET_UNMETERED,CHARGING] attributes=[PERSISTED,RECURRING] scheduled=-111783s last_run=N/A jid=N/A status=PENDING retries=0 client_lib=MANCHEGO_GCM-10400000}
06-05 16:55:05.707: I/CarrierServices(19685): [2] dda.e: Carrier Services GServices flags:
06-05 16:55:05.707: I/CarrierServices(19685):    carrier_services_security_flags_ec_api_white_listed_packages: com.google.android.apps.messaging,com.google.android.dialer,com.google.android.ims.client.sampleapp,com.android.contacts,com.lge.rcscall,com.android.incallui,com.huawei.incallui.appfeature.rcsfeature
06-05 16:55:05.707: I/CarrierServices(19685):    carrier_services_security_flags_ec_api_white_listed_signatures: B28C3EDB665DF32686224DF800F603E9959BBE4E,0980A12BE993528C19107BC21AD811478C63CEFC,B38FA7B5ECFAEC44620A020752B07E063B3120A8,203997BC46B8792DC9747ABD230569071F9A0439,EDA6413C3E3A95492114FE07CD953AD897E40D1A,760EBB9F4200B3DFB1B817B40FF0563A3C150D39,5B368CFF2DA2686996BC95EAC190EAA4F5630FE5,01D845B26B688D8EF647205A5944E9407E52E06E,27196E386B875E76ADF700E7EA84E4C6EEE33DFA,1CDD04F1E4A732BB0352FDFAEE26D2315526DF85,025D5212BF3B5F5CDA6117A518721D70A94D84E0
06-05 16:55:05.707: I/CarrierServices(19685):    carrier_services_security_flags_test_service_white_listed_packages: com.google.android.ims.mobly.snippets
06-05 16:55:05.707: I/CarrierServices(19685):    carrier_services_security_flags_test_service_white_listed_signatures: AE41481F52E0F58DF2806D5A38EB3DBCA5AE02B0,E165542B31953CC282AA4EF2F4D5F07F7663A2A2
06-05 16:55:05.707: I/CarrierServices(19685):    carrier_services_security_flags_white_listed_packages: com.google.android.apps.messaging,com.google.android.dialer,com.google.android.ims.client.sampleapp,com.android.contacts,com.lge.rcscall,com.android.incallui,com.huawei.incallui.appfeature.rcsfeature
06-05 16:55:05.707: I/CarrierServices(19685):    carrier_services_security_flags_white_listed_signatures: B28C3EDB665DF32686224DF800F603E9959BBE4E,0980A12BE993528C19107BC21AD811478C63CEFC,B38FA7B5ECFAEC44620A020752B07E063B3120A8,203997BC46B8792DC9747ABD230569071F9A0439,EDA6413C3E3A95492114FE07CD953AD897E40D1A,760EBB9F4200B3DFB1B817B40FF0563A3C150D39,5B368CFF2DA2686996BC95EAC190EAA4F5630FE5,01D845B26B688D8EF647205A5944E9407E52E06E,27196E386B875E76ADF700E7EA84E4C6EEE33DFA,1CDD04F1E4A732BB0352FDFAEE26D2315526DF85,025D5212BF3B5F5CDA6117A518721D70A94D84E0
06-05 16:55:05.707: I/CarrierServices(19685):    carrier_services_video_share_disabled_user_agent_substrings: SM-G930,SM-G935,SM-A320
06-05 16:55:05.707: I/CarrierServices(19685): ====================
06-05 16:55:05.711: I/CarrierServices(19685): [2] RcsAutoStartReceiver.a: enableRcs changed from true to true
06-05 16:55:05.712: I/CarrierServices(19685): [2] RcsAutoStartReceiver.a: RcsAutoStartReceiver triggered. Fetching RCS State. Action: com.google.gservices.intent.action.GSERVICES_OVERRIDE
06-05 16:55:05.715: E/ExecutionCriteria(3898): Package unavailable for task: com.google.android.apps.gcs/.service.GcsTaskService{u=0 tag="WfaStateTask" trigger=window{period=518400s,flex=86400s,earliest=320213s,latest=406613s} requirements=[NET_ANY] attributes=[PERSISTED,RECURRING] scheduled=-111786s last_run=N/A jid=N/A status=PENDING retries=0 client_lib=MANCHEGO_GCM-11732000}
06-05 16:55:05.720: I/CarrierServices(19685): [2] bym.a: Migration binding to RcsMigrationService
06-05 16:55:05.722: I/Icing(4081): Indexing com.google.intelligence.sense-internal.3p:Thing from com.google.intelligence.sense
06-05 16:55:05.727: I/BugleDataModel(19743): RcsMigrationService: Returning RCS state provider.
06-05 16:55:05.729: D/CarrierServices(19685): log_saver already enabled
06-05 16:55:05.733: I/BugleRcsEngine(19743): [3379] pic.a: Sim state is not ready. Returning last known operation mode.
06-05 16:55:05.740: E/ExecutionCriteria(3898): Package unavailable for task: com.google.android.apps.gcs/.service.GcsTaskService{u=0 tag="WfaEliRefreshTask" trigger=window{start=0s,end=30s,earliest=-111777s,latest=-111747s} requirements=[NET_CONNECTED] attributes=[] scheduled=-111777s last_run=N/A jid=N/A status=PENDING retries=0 client_lib=MANCHEGO_GCM-11732000}
06-05 16:55:05.741: E/ExecutionCriteria(3898): Package unavailable for task: com.google.android.videos/com.google.android.apps.play.movies.common.service.drm.RefreshLicenseTaskService{u=0 tag="refresh_license_forced" trigger=window{start=3600s,end=10800s,earliest=-108183s,latest=-100983s} requirements=[NET_CONNECTED] attributes=[] scheduled=-111783s last_run=N/A jid=N/A status=PENDING retries=0 client_lib=MANCHEGO_GCM-10400000}
06-05 16:55:05.741: E/ExecutionCriteria(3898): Package unavailable for task: com.google.android.videos/com.google.android.apps.play.movies.common.FlushLogsTaskService{u=0 tag="flush_logs" trigger=window{period=86400s,flex=57600s,earliest=-82983s,latest=-25383s} requirements=[NET_UNMETERED,CHARGING] attributes=[PERSISTED,RECURRING] scheduled=-111783s last_run=N/A jid=N/A status=PENDING retries=0 client_lib=MANCHEGO_GCM-10400000}
06-05 16:55:05.743: I/CarrierServices(19685): [3330] byn.doInBackground: Saving RCS State
06-05 16:55:05.743: I/CarrierServices(19685): [3330] byn.doInBackground: Old operation mode: 0
06-05 16:55:05.743: I/CarrierServices(19685): [3330] byn.doInBackground: New operation mode: 0
06-05 16:55:05.744: I/CarrierServices(19685): [2] byn.onPostExecute: Finalizing migration for RCS state: Operation mode UNKNOWN
06-05 16:55:05.744: I/CarrierServices(19685): [2] byq.a: Unbinding RcsMigrationService
06-05 16:55:05.750: E/ExecutionCriteria(3898): Package unavailable for task: com.google.android.apps.gcs/.service.GcsTaskService{u=0 tag="WfaStateTask" trigger=window{period=518400s,flex=86400s,earliest=320213s,latest=406613s} requirements=[NET_ANY] attributes=[PERSISTED,RECURRING] scheduled=-111786s last_run=N/A jid=N/A status=PENDING retries=0 client_lib=MANCHEGO_GCM-11732000}
06-05 16:55:05.762: E/ExecutionCriteria(3898): Package unavailable for task: com.google.android.apps.gcs/.service.GcsTaskService{u=0 tag="WfaEliRefreshTask" trigger=window{start=0s,end=30s,earliest=-111777s,latest=-111747s} requirements=[NET_CONNECTED] attributes=[] scheduled=-111777s last_run=N/A jid=N/A status=PENDING retries=0 client_lib=MANCHEGO_GCM-11732000}
06-05 16:55:05.764: E/ExecutionCriteria(3898): Package unavailable for task: com.google.android.videos/com.google.android.apps.play.movies.common.service.drm.RefreshLicenseTaskService{u=0 tag="refresh_license_forced" trigger=window{start=3600s,end=10800s,earliest=-108183s,latest=-100983s} requirements=[NET_CONNECTED] attributes=[] scheduled=-111783s last_run=N/A jid=N/A status=PENDING retries=0 client_lib=MANCHEGO_GCM-10400000}
06-05 16:55:05.764: E/ExecutionCriteria(3898): Package unavailable for task: com.google.android.videos/com.google.android.apps.play.movies.common.FlushLogsTaskService{u=0 tag="flush_logs" trigger=window{period=86400s,flex=57600s,earliest=-82983s,latest=-25383s} requirements=[NET_UNMETERED,CHARGING] attributes=[PERSISTED,RECURRING] scheduled=-111783s last_run=N/A jid=N/A status=PENDING retries=0 client_lib=MANCHEGO_GCM-10400000}
06-05 16:55:05.769: E/ExecutionCriteria(3898): Package unavailable for task: com.google.android.apps.gcs/.service.GcsTaskService{u=0 tag="WfaStateTask" trigger=window{period=518400s,flex=86400s,earliest=320213s,latest=406613s} requirements=[NET_ANY] attributes=[PERSISTED,RECURRING] scheduled=-111786s last_run=N/A jid=N/A status=PENDING retries=0 client_lib=MANCHEGO_GCM-11732000}
06-05 16:55:05.770: I/OcrModelUpStIntentOp(4081): Updating ocr activity enabled=true (phenotypeFlag=true, lowRamDevice=false, prereqCheck=true)
06-05 16:55:05.776: I/TestSupport(4081): Broadcast sent: gms:phenotype:phenotype_flag:debug_bypass_phenotype
06-05 16:55:05.776: I/TestSupport(4081): GServices override confirmed: gms:phenotype:phenotype_flag:debug_bypass_phenotype=false
06-05 16:55:05.780: I/TestSupport(4081): SetFlagOverridesOperation: com.google.android.gms.auth.api.credentials, '', [Flag(SaveStrategy__enableSaving, false, 2, 0)]
06-05 16:55:05.791: D/GservicesChangeReceiver(4302): Gservices Changed broadcast Received. context is android.app.ReceiverRestrictedContext@ce63b4d
06-05 16:55:05.805: D/GservicesChangeReceiver(4302): Gservices isConnectivityMonitorEnabled is False.
06-05 16:55:05.805: I/Icing(4081): Indexing done com.google.intelligence.sense-internal.3p:Thing
06-05 16:55:05.808: D/ConnectivityMonitorManager(4302): Service com.google.android.apps.scone.connectivitymonitor.ConnectivityMonitorService is not running...
06-05 16:55:05.811: D/GservicesChangeReceiver(11155): Gservices Changed broadcast Received. context is android.app.ReceiverRestrictedContext@aa6f3db
06-05 16:55:05.815: D/ConnMetrics:App(19764): IsOptedIn = false
06-05 16:55:05.820: D/GservicesChangeReceiver(11155): Gservices allowPowerAnomalyData is False.
06-05 16:55:05.822: D/ConnectivityMonitorManager(11155): Service com.google.android.connectivitymonitor.PowerAnomalyDetectorService is not running...
06-05 16:55:05.823: E/ExecutionCriteria(3898): Package unavailable for task: com.google.android.apps.gcs/.service.GcsTaskService{u=0 tag="WfaEliRefreshTask" trigger=window{start=0s,end=30s,earliest=-111777s,latest=-111747s} requirements=[NET_CONNECTED] attributes=[] scheduled=-111777s last_run=N/A jid=N/A status=PENDING retries=0 client_lib=MANCHEGO_GCM-11732000}
06-05 16:55:05.823: E/ExecutionCriteria(3898): Package unavailable for task: com.google.android.videos/com.google.android.apps.play.movies.common.service.drm.RefreshLicenseTaskService{u=0 tag="refresh_license_forced" trigger=window{start=3600s,end=10800s,earliest=-108183s,latest=-100983s} requirements=[NET_CONNECTED] attributes=[] scheduled=-111783s last_run=N/A jid=N/A status=PENDING retries=0 client_lib=MANCHEGO_GCM-10400000}
06-05 16:55:05.823: E/ExecutionCriteria(3898): Package unavailable for task: com.google.android.videos/com.google.android.apps.play.movies.common.FlushLogsTaskService{u=0 tag="flush_logs" trigger=window{period=86400s,flex=57600s,earliest=-82983s,latest=-25383s} requirements=[NET_UNMETERED,CHARGING] attributes=[PERSISTED,RECURRING] scheduled=-111783s last_run=N/A jid=N/A status=PENDING retries=0 client_lib=MANCHEGO_GCM-10400000}
06-05 16:55:05.824: I/Vision(4081): Details: ocr_arm64_v8a.zip, eef0f328b471a7ddd7197ba013d6462194ac8566
06-05 16:55:05.825: I/Vision(4081): Engine already satisfied by existing download for ocr
06-05 16:55:05.833: E/ExecutionCriteria(3898): Package unavailable for task: com.google.android.apps.gcs/.service.GcsTaskService{u=0 tag="WfaStateTask" trigger=window{period=518400s,flex=86400s,earliest=320213s,latest=406613s} requirements=[NET_ANY] attributes=[PERSISTED,RECURRING] scheduled=-111786s last_run=N/A jid=N/A status=PENDING retries=0 client_lib=MANCHEGO_GCM-11732000}
06-05 16:55:05.833: D/GservicesChangeReceiver(11155): Gservices allowLowPowerMonitoring is False.
06-05 16:55:05.834: D/ConnectivityMonitorManager(11155): Service com.google.android.connectivitymonitor.LowPowerMonitorService is not running...
06-05 16:55:05.853: I/SystemUpdate(4081): [Installation,ReceiverIntentOperation] Received intent: Intent { act=com.google.gservices.intent.action.GSERVICES_CHANGED flg=0x1000010 cmp=com.google.android.gms/.chimera.GmsIntentOperationService$PersistentInternalReceiver }.
06-05 16:55:05.854: I/OcrModelUpStIntentOp(4081): Downloading text recognizer
06-05 16:55:05.866: I/SystemUpdate(4081): [Execution,InstallationEventIntentOperation] Handling event of type 2.
06-05 16:55:05.878: I/SystemUpdate(4081): [Execution,InstallationIntentOperation] Received intent: Intent { act=com.google.android.gms.update.INSTALL_UPDATE cat=[targeted_intent_op_prefix:.update.execution.InstallationIntentOperation] cmp=com.google.android.gms/.chimera.GmsIntentOperationService }.
06-05 16:55:05.879: I/SystemUpdate(4081): [Execution,ExecutionManager] Action finished-execution executed for 0.00 seconds.
06-05 16:55:05.890: D/GservicesChangeReceiver(11155): Gservices isConnectivityMonitorEnabled is True.
06-05 16:55:05.892: I/TestSupport(4081): AwaitCommitOperation: SaveStrategy__enableSaving
06-05 16:55:05.892: D/ConnectivityMonitorManager(11155): Service com.google.android.connectivitymonitor.ConnectivityMonitorService is running...
06-05 16:55:05.907: I/EuiccGoogle(19803): [2] GservicesChangedReceiver.onReceive: Setting EUICC_SUPPORTED_COUNTRIES to de,es,gb,in,us
06-05 16:55:05.932: I/Backup(4081): [GmsBackupStatusChangeReceiver] Going to enable gms backup transport.
06-05 16:55:05.948: I/NetRec(3898): [1494] akcz.b: onConfigChanged()
06-05 16:55:05.954: I/NetRec(3898): [1494] akcz.b: Cancelling all NetRec GCM tasks
06-05 16:55:05.954: I/BgTaskExecutorImpl(14743): Starting NONEXCLUSIVE background task UPDATE_GSERVICES_CONFIG.
06-05 16:55:05.955: I/NetRec(3898): [1497] ClearDatabaseService.onHandleIntent: Clearing score cache
06-05 16:55:05.957: I/GservicesUpdateTask(14743): Updating Gservices keys
06-05 16:55:05.958: I/GCoreUlr(3898): Starting service, intent=Intent { act=com.google.android.location.reporting.ACTION_UPDATE_WORLD cmp=com.google.android.gms/com.google.android.location.reporting.service.DispatchingService (has extras) }, extras=Bundle[{receiverAction=com.google.gservices.intent.action.GSERVICES_CHANGED}]
06-05 16:55:05.981: E/ResolverController(829): No valid NAT64 prefix (100,<unspecified>/0)
06-05 16:55:05.987: I/GmsModuleFndr(4081): Beginning GMS chimera module scan
06-05 16:55:05.991: I/GCoreUlr(3898): WorldUpdater received intent Intent { act=com.google.android.location.reporting.ACTION_UPDATE_WORLD cmp=com.google.android.gms/com.google.android.location.reporting.service.DispatchingService (has extras) } with receiverAction com.google.gservices.intent.action.GSERVICES_CHANGED
06-05 16:55:05.991: I/ModuleSetMgr(4081): Computing pending module set with APKs: {file:///product/priv-app/PrebuiltGmsCore/m/independent/AndroidPlatformServices.apk, file:///product/priv-app/PrebuiltGmsCore/PrebuiltGmsCoreQt.apk}
06-05 16:55:05.992: I/ModuleSetUtils(4081): Assembling ModuleSetRecord for container:16790: []
06-05 16:55:05.992: I/ModuleSetMgr(4081): Pending container Zapp APKs: []
06-05 16:55:05.992: I/ModuleSetMgr(4081): Pending non-container Zapp APKs: []
06-05 16:55:06.000: W/Conscrypt(3898): Could not set socket write timeout: java.net.SocketException: Socket closed
06-05 16:55:06.000: W/Conscrypt(3898): 	at com.google.android.gms.org.conscrypt.Platform.setSocketWriteTimeout(:com.google.android.gms@16790048@16.7.90 (120408-241364873):2)
06-05 16:55:06.000: W/Conscrypt(3898): 	at com.google.android.gms.org.conscrypt.ConscryptFileDescriptorSocket.setSoWriteTimeout(:com.google.android.gms@16790048@16.7.90 (120408-241364873):2)
06-05 16:55:06.003: I/GCoreUlr(3898): Successfully sent flags updated to controllers.
06-05 16:55:06.004: W/Conscrypt(3898): Could not set socket write timeout: java.net.SocketException: Socket closed
06-05 16:55:06.005: W/Conscrypt(3898): 	at com.google.android.gms.org.conscrypt.Platform.setSocketWriteTimeout(:com.google.android.gms@16790048@16.7.90 (120408-241364873):2)
06-05 16:55:06.005: W/Conscrypt(3898): 	at com.google.android.gms.org.conscrypt.ConscryptFileDescriptorSocket.setSoWriteTimeout(:com.google.android.gms@16790048@16.7.90 (120408-241364873):2)
06-05 16:55:06.020: I/TestSupport(4081): AwaitCommitOperation: uncommitted: FlagOverride(com.google.android.gms.auth.api.credentials, , Flag(SaveStrategy__enableSaving, false, 2, 0), false)
06-05 16:55:06.020: I/TestSupport(4081): AwaitCommitOperation:  sleeping for 10 msec.
06-05 16:55:06.021: W/ActivityManager(1371): Unable to start service Intent { cmp=com.google.android.gms/.analytics.service.RefreshEnabledStateService } U=0: not found
06-05 16:55:06.024: I/GeofencerStateMachine(3898): sendQueryLocationOptIn
06-05 16:55:06.029: I/GCoreUlr(3898): WorldUpdater:com.google.gservices.intent.action.GSERVICES_CHANGED: Ensuring that reporting is stopped because of reasons: (no Google accounts)
06-05 16:55:06.030: I/RecoverableKeyStoreGms(4081): [RecoverableKeyStoreGmsInitOperation] Initializing auth_folsom
06-05 16:55:06.032: I/GeofencerStateMachine(3898): sendQueryLocationOptIn
06-05 16:55:06.033: I/RecoverableKeyStoreGms(4081): [RecoverableKeyStoreGmsInitOperation] com.google.android.gms.auth.folsom.service.FolsomPublicKeyUpdateService is already enabled. Ignore.
06-05 16:55:06.035: I/GCoreUlr(3898): Unbound from all signal providers.
06-05 16:55:06.036: I/GCoreUlr(3898): Successfully accounts update
06-05 16:55:06.036: I/TestSupport(4081): AwaitCommitOperation: uncommitted: FlagOverride(com.google.android.gms.auth.api.credentials, , Flag(SaveStrategy__enableSaving, false, 2, 0), false)
06-05 16:55:06.036: I/TestSupport(4081): AwaitCommitOperation:  sleeping for 20 msec.
06-05 16:55:06.037: W/ChimeraUtils(4081): Non Chimera context
06-05 16:55:06.038: W/ChimeraUtils(4081): Non Chimera context
06-05 16:55:06.038: I/RecoverableKeyStoreGms(4081): [RecoverableKeyStoreGmsInitOperation] com.google.android.gms.auth.folsom.service.GcmReceiverService is already enabled. Ignore.
06-05 16:55:06.041: V/RecoverableKeyStoreMgr(1371): Not updating secret types - same as old value.
06-05 16:55:06.042: I/RecoverableKeyStoreGms(4081): [VaultHandleHelper] Building vaultHandle(version=1, instanceId=fqD1hTz2e4I, deviceId=3793336045642581921)
06-05 16:55:06.042: I/RecoverableKeyStoreGms(4081): [RecoverableKeyStoreGmsInitOperation] Setting vault handle
06-05 16:55:06.042: D/CAR.SETUP(4081): Received GService flag change intent.
06-05 16:55:06.043: V/RecoverableKeyStoreMgr(1371): Not updating server params - same as old value.
06-05 16:55:06.044: I/GCoreUlr(3898): DispatchingService ignoring Intent { act=android.net.wifi.WIFI_STATE_CHANGED flg=0x4000010 (has extras) } because ULR inactive
06-05 16:55:06.047: I/CAR.SETUP(4081): update Car DrivingMode components to true
06-05 16:55:06.051: I/RecoverableKeyStoreGms(4081): [EnrollmentManager] Returning certificates list from cache
06-05 16:55:06.055: W/DynamiteModule(4081): Local module descriptor class for providerinstaller not found.
06-05 16:55:06.055: I/DynamiteModule(4081): Considering local module providerinstaller:0 and remote module providerinstaller:0
06-05 16:55:06.055: W/ProviderInstaller(4081): Failed to load providerinstaller module: No acceptable module found. Local version is 0 and remote version is 0.
06-05 16:55:06.059: I/TestSupport(4081): AwaitCommitOperation: uncommitted: FlagOverride(com.google.android.gms.auth.api.credentials, , Flag(SaveStrategy__enableSaving, false, 2, 0), false)
06-05 16:55:06.059: I/TestSupport(4081): AwaitCommitOperation:  sleeping for 40 msec.
06-05 16:55:06.063: I/GCoreUlr(3898): Unbound from all signal providers.
06-05 16:55:06.064: I/GCoreUlr(3898): Stopping handler for UlrDispSvcFast
06-05 16:55:06.064: I/GCoreUlr(3898): Successfully accounts update
06-05 16:55:06.064: I/GeofencerStateMachine(3898): sendQueryLocationOptIn
06-05 16:55:06.067: W/DynamiteModule(4081): Local module descriptor class for providerinstaller not found.
06-05 16:55:06.067: I/DynamiteModule(4081): Considering local module providerinstaller:0 and remote module providerinstaller:0
06-05 16:55:06.067: W/ProviderInstaller(4081): Failed to load providerinstaller module: No acceptable module found. Local version is 0 and remote version is 0.
06-05 16:55:06.071: W/ChimeraUtils(4081): Non Chimera context
06-05 16:55:06.071: I/chatty(4081): uid=10135(com.google.android.gms) ERVICES_CHANGED identical 1 line
06-05 16:55:06.071: W/ChimeraUtils(4081): Non Chimera context
06-05 16:55:06.072: I/GeofencerStateMachine(3898): sendQueryLocationOptIn
06-05 16:55:06.072: W/ChimeraUtils(4081): Non Chimera context
06-05 16:55:06.077: W/DynamiteModule(4081): Local module descriptor class for providerinstaller not found.
06-05 16:55:06.077: I/DynamiteModule(4081): Considering local module providerinstaller:0 and remote module providerinstaller:0
06-05 16:55:06.077: W/ProviderInstaller(4081): Failed to load providerinstaller module: No acceptable module found. Local version is 0 and remote version is 0.
06-05 16:55:06.077: I/RecoverableKeyStoreMgr(1371): The cert file serial number is the same, so skip updating.
06-05 16:55:06.078: I/RecoverableKeyStoreGms(4081): [EnrollmentManager] Recovery service is initialized.
06-05 16:55:06.079: I/GeofencerStateMachine(3898): sendQueryLocationOptIn
06-05 16:55:06.080: I/RecoverySnapshotLstnrs(1371): Registered listener for agent with uid 10135
06-05 16:55:06.083: I/CAR.DRIVINGMODE(4081): Driving Mode ActivityTransition conditions not met. Skip registration.
06-05 16:55:06.086: I/ChromeSync(4081): [Sync,SyncIntentOperation] Handling the intent: Intent { act=com.google.gservices.intent.action.GSERVICES_CHANGED flg=0x1000010 cmp=com.google.android.gms/.chimera.GmsIntentOperationService$PersistentInternalReceiver }.
06-05 16:55:06.089: I/GeofencerStateMachine(3898): sendQueryLocationOptIn
06-05 16:55:06.096: W/DynamiteModule(4081): Local module descriptor class for providerinstaller not found.
06-05 16:55:06.096: I/DynamiteModule(4081): Considering local module providerinstaller:0 and remote module providerinstaller:0
06-05 16:55:06.096: W/ProviderInstaller(4081): Failed to load providerinstaller module: No acceptable module found. Local version is 0 and remote version is 0.
06-05 16:55:06.104: I/TestSupport(4081): AwaitCommitOperation: uncommitted: FlagOverride(com.google.android.gms.auth.api.credentials, , Flag(SaveStrategy__enableSaving, false, 2, 0), false)
06-05 16:55:06.104: I/TestSupport(4081): AwaitCommitOperation:  sleeping for 80 msec.
06-05 16:55:06.105: W/DynamiteModule(4081): Local module descriptor class for providerinstaller not found.
06-05 16:55:06.105: I/DynamiteModule(4081): Considering local module providerinstaller:0 and remote module providerinstaller:0
06-05 16:55:06.105: W/ProviderInstaller(4081): Failed to load providerinstaller module: No acceptable module found. Local version is 0 and remote version is 0.
06-05 16:55:06.120: I/ModelReloader(19971): Cancelled all jobs.
06-05 16:55:06.121: I/AmbientMusicServiceMana(19971): Unloading model 9f6ad62a-1f0b-11e7-87c5-40a8f03d3f15
06-05 16:55:06.121: I/SoundTriggerManagerComp(19971): Unloading model 9f6ad62a-1f0b-11e7-87c5-40a8f03d3f15
06-05 16:55:06.122: I/SoundTriggerService(1371): deleteSoundModel(): id = 9f6ad62a-1f0b-11e7-87c5-40a8f03d3f15
06-05 16:55:06.122: W/SoundTriggerHelper(1371): Unload error: Attempting unload invalid generic model with id:9f6ad62a-1f0b-11e7-87c5-40a8f03d3f15
06-05 16:55:06.125: W/DynamiteModule(4081): Local module descriptor class for providerinstaller not found.
06-05 16:55:06.125: I/DynamiteModule(4081): Considering local module providerinstaller:0 and remote module providerinstaller:0
06-05 16:55:06.125: W/ProviderInstaller(4081): Failed to load providerinstaller module: No acceptable module found. Local version is 0 and remote version is 0.
06-05 16:55:06.132: W/DynamiteModule(4081): Local module descriptor class for providerinstaller not found.
06-05 16:55:06.132: I/DynamiteModule(4081): Considering local module providerinstaller:0 and remote module providerinstaller:0
06-05 16:55:06.132: W/ProviderInstaller(4081): Failed to load providerinstaller module: No acceptable module found. Local version is 0 and remote version is 0.
06-05 16:55:06.142: W/DynamiteModule(4081): Local module descriptor class for providerinstaller not found.
06-05 16:55:06.143: I/DynamiteModule(4081): Considering local module providerinstaller:0 and remote module providerinstaller:0
06-05 16:55:06.143: W/ProviderInstaller(4081): Failed to load providerinstaller module: No acceptable module found. Local version is 0 and remote version is 0.
06-05 16:55:06.152: E/LoadManifestTask(4081): Can't find Chimera operation impl class com.google.android.gms.walletp2p.infra.phenotype.PhenotypeCommitIntentOperation dropping operation
06-05 16:55:06.152: E/LoadManifestTask(4081): java.lang.ClassNotFoundException: Didn't find class "com.google.android.gms.walletp2p.infra.phenotype.PhenotypeCommitIntentOperation" on path: DexPathList[[zip file "/product/priv-app/PrebuiltGmsCore/PrebuiltGmsCoreQt.apk"],nativeLibraryDirectories=[/product/priv-app/PrebuiltGmsCore/lib/arm64, /product/priv-app/PrebuiltGmsCore/PrebuiltGmsCoreQt.apk!/lib/arm64-v8a, /system/lib64, /product/lib64, /system/lib64, /product/lib64]]
06-05 16:55:06.152: E/LoadManifestTask(4081): 	at dalvik.system.BaseDexClassLoader.findClass(BaseDexClassLoader.java:196)
06-05 16:55:06.152: E/LoadManifestTask(4081): 	at java.lang.ClassLoader.loadClass(ClassLoader.java:379)
06-05 16:55:06.152: E/LoadManifestTask(4081): 	at java.lang.ClassLoader.loadClass(ClassLoader.java:312)
06-05 16:55:06.152: E/LoadManifestTask(4081): 	at efr.<init>(:com.google.android.gms@16790048@16.7.90 (120408-241364873):5)
06-05 16:55:06.152: E/LoadManifestTask(4081): 	at efs.run(:com.google.android.gms@16790048@16.7.90 (120408-241364873):53)
06-05 16:55:06.152: E/LoadManifestTask(4081): 	at java.util.concurrent.ThreadPoolExecutor.runWorker(ThreadPoolExecutor.java:1167)
06-05 16:55:06.152: E/LoadManifestTask(4081): 	at java.util.concurrent.ThreadPoolExecutor$Worker.run(ThreadPoolExecutor.java:641)
06-05 16:55:06.152: E/LoadManifestTask(4081): 	at java.lang.Thread.run(Thread.java:919)
06-05 16:55:06.154: I/Vision(4081): Details: ocr_arm64_v8a.zip, eef0f328b471a7ddd7197ba013d6462194ac8566
06-05 16:55:06.155: I/Vision(4081): Engine already satisfied by existing download for ocr
06-05 16:55:06.155: I/MobileDataHub(4081): Scheduling periodic tasks
06-05 16:55:06.158: I/zygote64(863): Ignoring open file descriptor 32
06-05 16:55:06.164: I/MS_Utils(4081): version of com.google.android.apps.maps = 1010704040
06-05 16:55:06.169: D/Zygote(863): Forked child process 20071
06-05 16:55:06.165: E/ExecutionCriteria(3898): Package unavailable for task: com.google.android.apps.gcs/.service.GcsTaskService{u=0 tag="WfaEliRefreshTask" trigger=window{start=0s,end=30s,earliest=-111778s,latest=-111748s} requirements=[NET_CONNECTED] attributes=[] scheduled=-111778s last_run=N/A jid=N/A status=PENDING retries=0 client_lib=MANCHEGO_GCM-11732000}
06-05 16:55:06.174: I/ActivityManager(1371): Start proc 20071:com.google.android.gms.ui/u0a135 for service com.google.android.gms/.chimera.UiIntentOperationService
06-05 16:55:06.180: W/DynamiteModule(4081): Local module descriptor class for providerinstaller not found.
06-05 16:55:06.180: I/DynamiteModule(4081): Considering local module providerinstaller:0 and remote module providerinstaller:0
06-05 16:55:06.180: W/ProviderInstaller(4081): Failed to load providerinstaller module: No acceptable module found. Local version is 0 and remote version is 0.
06-05 16:55:06.183: E/.android.gms.u(20071): Not starting debugger since process cannot load the jdwp agent.
06-05 16:55:06.184: E/ExecutionCriteria(3898): Package unavailable for task: com.google.android.videos/com.google.android.apps.play.movies.common.service.drm.RefreshLicenseTaskService{u=0 tag="refresh_license_forced" trigger=window{start=3600s,end=10800s,earliest=-108183s,latest=-100983s} requirements=[NET_CONNECTED] attributes=[] scheduled=-111783s last_run=N/A jid=N/A status=PENDING retries=0 client_lib=MANCHEGO_GCM-10400000}
06-05 16:55:06.184: E/ExecutionCriteria(3898): Package unavailable for task: com.google.android.videos/com.google.android.apps.play.movies.common.FlushLogsTaskService{u=0 tag="flush_logs" trigger=window{period=86400s,flex=57600s,earliest=-82983s,latest=-25383s} requirements=[NET_UNMETERED,CHARGING] attributes=[PERSISTED,RECURRING] scheduled=-111783s last_run=N/A jid=N/A status=PENDING retries=0 client_lib=MANCHEGO_GCM-10400000}
06-05 16:55:06.188: E/ExecutionCriteria(3898): Package unavailable for task: com.google.android.apps.gcs/.service.GcsTaskService{u=0 tag="WfaStateTask" trigger=window{period=518400s,flex=86400s,earliest=320212s,latest=406612s} requirements=[NET_ANY] attributes=[PERSISTED,RECURRING] scheduled=-111787s last_run=N/A jid=N/A status=PENDING retries=0 client_lib=MANCHEGO_GCM-11732000}
06-05 16:55:06.189: I/OcrModelUpStIntentOp(4081): Updating ocr activity enabled=true (phenotypeFlag=true, lowRamDevice=false, prereqCheck=true)
06-05 16:55:06.199: I/SystemUpdate(4081): [Installation,ReceiverIntentOperation] Received intent: Intent { act=com.google.gservices.intent.action.GSERVICES_CHANGED flg=0x1000010 cmp=com.google.android.gms/.chimera.GmsIntentOperationService$PersistentInternalReceiver }.
06-05 16:55:06.207: I/TestSupport(4081): AwaitCommitOperation: FlagOverride(com.google.android.gms.auth.api.credentials, , Flag(SaveStrategy__enableSaving, false, 2, 0), true) committed
06-05 16:55:06.207: I/TestSupport(4081): AwaitCommitOperation: no more uncommitted overrides
06-05 16:55:06.212: I/SystemUpdate(4081): [Execution,InstallationEventIntentOperation] Handling event of type 2.
06-05 16:55:06.215: I/.android.gms.u(20071): The ClassLoaderContext is a special shared library.
06-05 16:55:06.216: I/GmsModuleFndr(4081): Beginning GMS chimera module scan
06-05 16:55:06.218: I/.android.gms.u(20071): The ClassLoaderContext is a special shared library.
06-05 16:55:06.220: I/.android.gms.u(20071): The ClassLoaderContext is a special shared library.
06-05 16:55:06.220: I/ModuleSetMgr(4081): Computing pending module set with APKs: {file:///product/priv-app/PrebuiltGmsCore/m/independent/AndroidPlatformServices.apk, file:///product/priv-app/PrebuiltGmsCore/PrebuiltGmsCoreQt.apk}
06-05 16:55:06.222: I/ModuleSetUtils(4081): Assembling ModuleSetRecord for container:16790: []
06-05 16:55:06.222: I/ModuleSetMgr(4081): Pending container Zapp APKs: []
06-05 16:55:06.222: I/ModuleSetMgr(4081): Pending non-container Zapp APKs: []
06-05 16:55:06.225: I/SystemUpdate(4081): [Execution,InstallationIntentOperation] Received intent: Intent { act=com.google.android.gms.update.INSTALL_UPDATE cat=[targeted_intent_op_prefix:.update.execution.InstallationIntentOperation] cmp=com.google.android.gms/.chimera.GmsIntentOperationService }.
06-05 16:55:06.226: I/SystemUpdate(4081): [Execution,ExecutionManager] Action finished-execution executed for 0.00 seconds.
06-05 16:55:06.229: E/ExecutionCriteria(3898): Package unavailable for task: com.google.android.apps.gcs/.service.GcsTaskService{u=0 tag="WfaEliRefreshTask" trigger=window{start=0s,end=30s,earliest=-111778s,latest=-111748s} requirements=[NET_CONNECTED] attributes=[] scheduled=-111778s last_run=N/A jid=N/A status=PENDING retries=0 client_lib=MANCHEGO_GCM-11732000}
06-05 16:55:06.230: E/ExecutionCriteria(3898): Package unavailable for task: com.google.android.videos/com.google.android.apps.play.movies.common.service.drm.RefreshLicenseTaskService{u=0 tag="refresh_license_forced" trigger=window{start=3600s,end=10800s,earliest=-108183s,latest=-100983s} requirements=[NET_CONNECTED] attributes=[] scheduled=-111783s last_run=N/A jid=N/A status=PENDING retries=0 client_lib=MANCHEGO_GCM-10400000}
06-05 16:55:06.231: E/ExecutionCriteria(3898): Package unavailable for task: com.google.android.videos/com.google.android.apps.play.movies.common.FlushLogsTaskService{u=0 tag="flush_logs" trigger=window{period=86400s,flex=57600s,earliest=-82983s,latest=-25383s} requirements=[NET_UNMETERED,CHARGING] attributes=[PERSISTED,RECURRING] scheduled=-111783s last_run=N/A jid=N/A status=PENDING retries=0 client_lib=MANCHEGO_GCM-10400000}
06-05 16:55:06.234: I/.android.gms.u(20071): The ClassLoaderContext is a special shared library.
06-05 16:55:06.240: I/OcrModelUpStIntentOp(4081): Downloading text recognizer
06-05 16:55:06.250: W/ModuleInitIntentOp(4081): Dropping unexpected action com.google.android.gms.phenotype.COMMITTED
06-05 16:55:06.255: I/PTCommittedOperation(3898): Receive new configuration for com.google.android.gms.auth.api.credentials
06-05 16:55:06.256: E/ExecutionCriteria(3898): Package unavailable for task: com.google.android.apps.gcs/.service.GcsTaskService{u=0 tag="WfaStateTask" trigger=window{period=518400s,flex=86400s,earliest=320212s,latest=406612s} requirements=[NET_ANY] attributes=[PERSISTED,RECURRING] scheduled=-111787s last_run=N/A jid=N/A status=PENDING retries=0 client_lib=MANCHEGO_GCM-11732000}
06-05 16:55:06.270: E/ExecutionCriteria(3898): Package unavailable for task: com.google.android.apps.gcs/.service.GcsTaskService{u=0 tag="WfaEliRefreshTask" trigger=window{start=0s,end=30s,earliest=-111778s,latest=-111748s} requirements=[NET_CONNECTED] attributes=[] scheduled=-111778s last_run=N/A jid=N/A status=PENDING retries=0 client_lib=MANCHEGO_GCM-11732000}
06-05 16:55:06.272: E/ExecutionCriteria(3898): Package unavailable for task: com.google.android.videos/com.google.android.apps.play.movies.common.service.drm.RefreshLicenseTaskService{u=0 tag="refresh_license_forced" trigger=window{start=3600s,end=10800s,earliest=-108183s,latest=-100983s} requirements=[NET_CONNECTED] attributes=[] scheduled=-111783s last_run=N/A jid=N/A status=PENDING retries=0 client_lib=MANCHEGO_GCM-10400000}
06-05 16:55:06.272: E/ExecutionCriteria(3898): Package unavailable for task: com.google.android.videos/com.google.android.apps.play.movies.common.FlushLogsTaskService{u=0 tag="flush_logs" trigger=window{period=86400s,flex=57600s,earliest=-82983s,latest=-25383s} requirements=[NET_UNMETERED,CHARGING] attributes=[PERSISTED,RECURRING] scheduled=-111783s last_run=N/A jid=N/A status=PENDING retries=0 client_lib=MANCHEGO_GCM-10400000}
06-05 16:55:06.286: I/Vision(4081): Details: ocr_arm64_v8a.zip, eef0f328b471a7ddd7197ba013d6462194ac8566
06-05 16:55:06.287: I/Vision(4081): Engine already satisfied by existing download for ocr
06-05 16:55:06.289: I/gle.android.gm(4081): Background young concurrent copying GC freed 87118(5556KB) AllocSpace objects, 43(2428KB) LOS objects, 31% free, 15MB/21MB, paused 37us total 108.756ms
06-05 16:55:06.289: W/DynamiteModule(20071): Local module descriptor class for providerinstaller not found.
06-05 16:55:06.292: E/ExecutionCriteria(3898): Package unavailable for task: com.google.android.apps.gcs/.service.GcsTaskService{u=0 tag="WfaStateTask" trigger=window{period=518400s,flex=86400s,earliest=320212s,latest=406612s} requirements=[NET_ANY] attributes=[PERSISTED,RECURRING] scheduled=-111787s last_run=N/A jid=N/A status=PENDING retries=0 client_lib=MANCHEGO_GCM-11732000}
06-05 16:55:06.294: W/ProviderHelper(20071): Unknown dynamite feature providerinstaller
06-05 16:55:06.297: I/TestSupport(4081): AwaitCommitOperation: *
06-05 16:55:06.298: I/DynamiteModule(20071): Considering local module providerinstaller:0 and remote module providerinstaller:0
06-05 16:55:06.298: W/ProviderInstaller(20071): Failed to load providerinstaller module: No acceptable module found. Local version is 0 and remote version is 0.
06-05 16:55:06.304: V/NativeCrypto(20071): Registering com/google/android/gms/org/conscrypt/NativeCrypto's 284 native methods...
06-05 16:55:06.308: E/ExecutionCriteria(3898): Package unavailable for task: com.google.android.apps.gcs/.service.GcsTaskService{u=0 tag="WfaEliRefreshTask" trigger=window{start=0s,end=30s,earliest=-111778s,latest=-111748s} requirements=[NET_CONNECTED] attributes=[] scheduled=-111778s last_run=N/A jid=N/A status=PENDING retries=0 client_lib=MANCHEGO_GCM-11732000}
06-05 16:55:06.309: E/ExecutionCriteria(3898): Package unavailable for task: com.google.android.videos/com.google.android.apps.play.movies.common.service.drm.RefreshLicenseTaskService{u=0 tag="refresh_license_forced" trigger=window{start=3600s,end=10800s,earliest=-108184s,latest=-100984s} requirements=[NET_CONNECTED] attributes=[] scheduled=-111784s last_run=N/A jid=N/A status=PENDING retries=0 client_lib=MANCHEGO_GCM-10400000}
06-05 16:55:06.309: E/ExecutionCriteria(3898): Package unavailable for task: com.google.android.videos/com.google.android.apps.play.movies.common.FlushLogsTaskService{u=0 tag="flush_logs" trigger=window{period=86400s,flex=57600s,earliest=-82984s,latest=-25384s} requirements=[NET_UNMETERED,CHARGING] attributes=[PERSISTED,RECURRING] scheduled=-111784s last_run=N/A jid=N/A status=PENDING retries=0 client_lib=MANCHEGO_GCM-10400000}
06-05 16:55:06.312: D/NetworkSecurityConfig(20071): Using Network Security Config from resource network_security_config debugBuild: false
06-05 16:55:06.312: E/ExecutionCriteria(3898): Package unavailable for task: com.google.android.apps.gcs/.service.GcsTaskService{u=0 tag="WfaStateTask" trigger=window{period=518400s,flex=86400s,earliest=320212s,latest=406612s} requirements=[NET_ANY] attributes=[PERSISTED,RECURRING] scheduled=-111787s last_run=N/A jid=N/A status=PENDING retries=0 client_lib=MANCHEGO_GCM-11732000}
06-05 16:55:06.313: I/ProviderInstaller(20071): Installed default security provider GmsCore_OpenSSL
06-05 16:55:06.316: E/ExecutionCriteria(3898): Package unavailable for task: com.google.android.apps.gcs/.service.GcsTaskService{u=0 tag="WfaEliRefreshTask" trigger=window{start=0s,end=30s,earliest=-111778s,latest=-111748s} requirements=[NET_CONNECTED] attributes=[] scheduled=-111778s last_run=N/A jid=N/A status=PENDING retries=0 client_lib=MANCHEGO_GCM-11732000}
06-05 16:55:06.317: E/ExecutionCriteria(3898): Package unavailable for task: com.google.android.videos/com.google.android.apps.play.movies.common.service.drm.RefreshLicenseTaskService{u=0 tag="refresh_license_forced" trigger=window{start=3600s,end=10800s,earliest=-108184s,latest=-100984s} requirements=[NET_CONNECTED] attributes=[] scheduled=-111784s last_run=N/A jid=N/A status=PENDING retries=0 client_lib=MANCHEGO_GCM-10400000}
06-05 16:55:06.318: E/ExecutionCriteria(3898): Package unavailable for task: com.google.android.videos/com.google.android.apps.play.movies.common.FlushLogsTaskService{u=0 tag="flush_logs" trigger=window{period=86400s,flex=57600s,earliest=-82984s,latest=-25384s} requirements=[NET_UNMETERED,CHARGING] attributes=[PERSISTED,RECURRING] scheduled=-111784s last_run=N/A jid=N/A status=PENDING retries=0 client_lib=MANCHEGO_GCM-10400000}
06-05 16:55:06.322: E/ExecutionCriteria(3898): Package unavailable for task: com.google.android.apps.gcs/.service.GcsTaskService{u=0 tag="WfaStateTask" trigger=window{period=518400s,flex=86400s,earliest=320212s,latest=406612s} requirements=[NET_ANY] attributes=[PERSISTED,RECURRING] scheduled=-111787s last_run=N/A jid=N/A status=PENDING retries=0 client_lib=MANCHEGO_GCM-11732000}
06-05 16:55:06.324: W/dxm(19971): Uh oh! An open ClosingFuture has leaked and will close: {0}
06-05 16:55:06.324: I/chatty(19971): uid=10136(com.google.intelligence.sense) FinalizerDaemon identical 2 lines
06-05 16:55:06.324: W/dxm(19971): Uh oh! An open ClosingFuture has leaked and will close: {0}
06-05 16:55:06.339: W/Primes(20071): Primes not initialized, returning default (no-op) Primes instance which will ignore all calls. Please call Primes.initialize(...) before using any Primes API.
06-05 16:55:06.408: I/TestSupport(4081): AwaitCommitOperation: FlagOverride(com.google.android.gms.auth.api.credentials, , Flag(SaveStrategy__enableSaving, false, 2, 0), true) committed
06-05 16:55:06.408: I/TestSupport(4081): AwaitCommitOperation: no more uncommitted overrides
06-05 16:55:06.493: I/TSDRIVER(19581): Handled command: PACKAGE
06-05 16:55:06.494: I/TSDRIVER(19581): CommandService onHandleIntent()
06-05 16:55:06.494: I/TSDRIVER(19581): Got command: PACKAGE
