06-05 16:55:06.494: I/TSDRIVER(19581): flag package: Eh9jb20uZ29vZ2xlLmFuZHJvaWQuZ21zLmF1dG9maWxsGhQKEGF1dG9maWxsX2VuYWJsZWQYAA
06-05 16:55:06.494: I/TSDRIVER(19581): flag package: com.google.android.gms.autofill
06-05 16:55:06.503: I/TestSupport(4081): SetFlagOverridesOperation: com.google.android.gms.autofill, '', [Flag(autofill_enabled, false, 2, 0)]
06-05 16:55:06.523: I/BgTaskExecutorImpl(14743): Starting EXCLUSIVE background task FETCH_CONFIGS_FROM_PHENOTYPE.
06-05 16:55:06.526: I/TestSupport(4081): AwaitCommitOperation: autofill_enabled
06-05 16:55:06.528: I/zygote(864): Ignoring open file descriptor 10
06-05 16:55:06.531: I/TestSupport(4081): AwaitCommitOperation: uncommitted: FlagOverride(com.google.android.gms.autofill, , Flag(autofill_enabled, false, 2, 0), false)
06-05 16:55:06.531: I/TestSupport(4081): AwaitCommitOperation:  sleeping for 10 msec.
06-05 16:55:06.534: D/Zygote(864): Forked child process 20123
06-05 16:55:06.538: I/ActivityManager(1371): Start proc 20123:com.google.android.dialer/u0a131 for broadcast com.google.android.dialer/com.google.android.libraries.internal.growth.growthkit.internal.experiments.impl.PhenotypeBroadcastReceiver
06-05 16:55:06.547: E/.android.diale(20123): Not starting debugger since process cannot load the jdwp agent.
06-05 16:55:06.564: D/ApplicationLoaders(20123): Returning zygote-cached class loader: /system/framework/android.hidl.base-V1.0-java.jar
06-05 16:55:06.564: D/ApplicationLoaders(20123): Returning zygote-cached class loader: /system/framework/android.hidl.manager-V1.0-java.jar
06-05 16:55:06.564: D/ApplicationLoaders(20123): Returning zygote-cached class loader: /system/framework/android.hidl.base-V1.0-java.jar
06-05 16:55:06.566: I/.android.diale(20123): The ClassLoaderContext is a special shared library.
06-05 16:55:06.570: I/.android.diale(20123): The ClassLoaderContext is a special shared library.
06-05 16:55:06.600: I/TestSupport(4081): AwaitCommitOperation: uncommitted: FlagOverride(com.google.android.gms.autofill, , Flag(autofill_enabled, false, 2, 0), false)
06-05 16:55:06.600: I/TestSupport(4081): AwaitCommitOperation:  sleeping for 20 msec.
06-05 16:55:06.618: I/Dialer(20123): DialerApplication.onCreate - enter
06-05 16:55:06.621: I/Dialer(20123): ClearcutMetricsInitializer.initialize - enter
06-05 16:55:06.624: W/PrimesInit(20123): Primes instant initialization
06-05 16:55:06.625: I/amtp(3898): updateFromConfigurations device config for package [CONTEXT service_id=51 ]
06-05 16:55:06.625: W/Primes(20123): background initialization
06-05 16:55:06.625: I/Dialer(20123): ClearcutMetricsInitializer.initialize - primes metrics monitoring started!
06-05 16:55:06.626: I/Dialer(20123): PrimesMetrics.startTimer - Application.onCreate is empty
06-05 16:55:06.626: I/ModelDownloadListener(14743): Schdedule model download
06-05 16:55:06.626: I/TestSupport(4081): AwaitCommitOperation: uncommitted: FlagOverride(com.google.android.gms.autofill, , Flag(autofill_enabled, false, 2, 0), false)
06-05 16:55:06.626: I/TestSupport(4081): AwaitCommitOperation:  sleeping for 40 msec.
06-05 16:55:06.633: I/BgTaskExecutorImpl(14743): Starting EXCLUSIVE background task UPDATE_HOTWORD_MODELS.
06-05 16:55:06.636: I/ModelDownloadController(14743): requestHotwordModelUpdate modelType-2 modelLocale-en-US
06-05 16:55:06.636: I/ModelDownloadController(14743): We already downloaded model from given location.
06-05 16:55:06.636: I/ModelDownloadController(14743): Model download failed
06-05 16:55:06.636: W/BroadcastQueue(1371): Background execution not allowed: receiving Intent { act=com.google.android.systemui.OPA_ENABLED flg=0x10000010 (has extras) } to com.google.android.apps.nexuslauncher/.qsb.OPAStatusReceiver
06-05 16:55:06.640: I/OpaEnabledReceiver(3292): Dispatching OPA eligble = true; AGSA = true; OPA enabled = true
06-05 16:55:06.640: I/OpaLayout(3292): Setting opa enabled to true
06-05 16:55:06.640: I/OpaLayout(3292): Setting opa enabled to true
06-05 16:55:06.642: I/OpaEligibilityChecker(14743): send OpaEligibilityChange broadcast to CommonBroadcastReceiver
06-05 16:55:06.648: W/earchbox:searc(14743): Reducing the number of considered missed Gc histogram windows from 1731 to 100
06-05 16:55:06.653: I/OpaEnabledReceiver(3292): Dispatching OPA eligble = true; AGSA = true; OPA enabled = true
06-05 16:55:06.653: D/AndroidRuntime(20122): >>>>>> START com.android.internal.os.RuntimeInit uid 2000 <<<<<<
06-05 16:55:06.653: I/OpaLayout(3292): Setting opa enabled to true
06-05 16:55:06.653: I/OpaLayout(3292): Setting opa enabled to true
06-05 16:55:06.656: E/libc(20122): Access denied finding property "persist.device_config.runtime_native_boot.enable_apex_image"
06-05 16:55:06.656: I/AndroidRuntime(20122): Using default boot image
06-05 16:55:06.656: W/app_process(20122): type=1400 audit(0.0:520): avc: denied { read } for name="u:object_r:device_config_runtime_native_boot_prop:s0" dev="tmpfs" ino=19061 scontext=u:r:shell:s0 tcontext=u:object_r:device_config_runtime_native_boot_prop:s0 tclass=file permissive=0
06-05 16:55:06.656: W/app_process(20122): type=1400 audit(0.0:521): avc: denied { read } for name="u:object_r:device_config_runtime_native_boot_prop:s0" dev="tmpfs" ino=19061 scontext=u:r:shell:s0 tcontext=u:object_r:device_config_runtime_native_boot_prop:s0 tclass=file permissive=0
06-05 16:55:06.656: E/libc(20122): Access denied finding property "persist.device_config.runtime_native_boot.enable_generational_cc"
06-05 16:55:06.659: I/PrimesTesting(20123): GserviceFlagsSupplier.get()
06-05 16:55:06.671: I/Icing(4081): IndexChimeraService.getServiceInterface callingPackage=com.google.android.googlequicksearchbox componentName=agsa_icing_connection serviceId=GLOBAL_SEARCH_ADMIN
06-05 16:55:06.671: I/Dialer(20123): DialerExecutorModule.newThread - creating low priority thread
06-05 16:55:06.675: I/Dialer(20123): DialerExecutorModule.newThread - creating low priority thread
06-05 16:55:06.677: I/Icing(4081): IndexChimeraService.getServiceInterface callingPackage=com.google.android.googlequicksearchbox componentName=agsa_icing_connection serviceId=SEARCH_QUERIES
06-05 16:55:06.684: I/Dialer(20123): DialerExecutorModule.newThread - creating low priority thread
06-05 16:55:06.684: I/Dialer(20123): DialerApplication.initializeAnnotatedCallLog - enter
06-05 16:55:06.704: I/amtp(3898): updateFromConfigurations device config for package [CONTEXT service_id=51 ]
06-05 16:55:06.705: I/TestSupport(4081): AwaitCommitOperation: uncommitted: FlagOverride(com.google.android.gms.autofill, , Flag(autofill_enabled, false, 2, 0), false)
06-05 16:55:06.705: I/TestSupport(4081): AwaitCommitOperation:  sleeping for 80 msec.
06-05 16:55:06.711: I/Dialer(20123): DuoModule.provideDuo - enabled, returning impl
06-05 16:55:06.727: D/UsageStatsDatabase(1371): endTime(1559753489100) <= beginTime(1559778904108)
06-05 16:55:06.728: I/Icing(4081): Usage reports ok 0, Failed Usage reports 0, indexed 0, rejected 0, imm upload true
06-05 16:55:06.739: I/Icing(4081): Usage reports ok 0, Failed Usage reports 0, indexed 0, rejected 0, imm upload true
06-05 16:55:06.739: D/ICU(20122): Time zone APEX file found: /apex/com.android.tzdata/etc/icu/icu_tzdata.dat
06-05 16:55:06.744: I/amtp(3898): updateFromConfigurations device config for package [CONTEXT service_id=51 ]
06-05 16:55:06.748: I/app_process(20122): The ClassLoaderContext is a special shared library.
06-05 16:55:06.760: W/app_process(20122): JNI RegisterNativeMethods: attempt to register 0 native methods for android.media.AudioAttributes
06-05 16:55:06.764: D/AndroidRuntime(20122): Calling main entry com.android.commands.am.Am
06-05 16:55:06.766: I/Dialer(20123): SpamModule.provideSpam - using composite spam
06-05 16:55:06.769: I/ActivityManager(1371): Force stopping com.google.android.apps.mtaas.tools appid=10204 user=0: start instr
06-05 16:55:06.772: I/amtp(3898): updateFromConfigurations device config for package [CONTEXT service_id=51 ]
06-05 16:55:06.775: I/zygote64(863): Ignoring open file descriptor 32
06-05 16:55:06.784: D/Zygote(863): Forked child process 20175
06-05 16:55:06.787: I/ActivityManager(1371): Start proc 20175:com.google.android.apps.mtaas.tools/u0a204 for added application com.google.android.apps.mtaas.tools
06-05 16:55:06.789: W/main(20175): type=1400 audit(0.0:522): avc: granted { read } for name="u:object_r:net_dns_prop:s0" dev="tmpfs" ino=19109 scontext=u:r:untrusted_app_25:s0:c512,c768 tcontext=u:object_r:net_dns_prop:s0 tclass=file
06-05 16:55:06.795: E/pps.mtaas.tool(20175): Not starting debugger since process cannot load the jdwp agent.
06-05 16:55:06.797: I/Dialer(20123): SpamModule.provideSpam - using composite spam
06-05 16:55:06.801: I/amtp(3898): updateFromConfigurations device config for package [CONTEXT service_id=51 ]
06-05 16:55:06.802: I/TestSupport(4081): AwaitCommitOperation: uncommitted: FlagOverride(com.google.android.gms.autofill, , Flag(autofill_enabled, false, 2, 0), false)
06-05 16:55:06.802: I/TestSupport(4081): AwaitCommitOperation:  sleeping for 160 msec.
06-05 16:55:06.821: I/Dialer(20123): SpamModule.provideSpam - using composite spam
06-05 16:55:06.823: I/pps.mtaas.tool(20175): The ClassLoaderContext is a special shared library.
06-05 16:55:06.830: I/amtp(3898): updateFromConfigurations device config for package [CONTEXT service_id=51 ]
06-05 16:55:06.843: I/Dialer(20123): SpamModule.provideSpam - using composite spam
06-05 16:55:06.846: I/Dialer(20123): DialerApplication.initializeAnnotatedCallLog - framework not enabled
06-05 16:55:06.848: I/Dialer(20123): CallLogConfigImpl.schedulePollingJob - scheduling
06-05 16:55:06.854: I/Dialer(20123): NonUiTaskBuilder.newThread - creating serial thread
06-05 16:55:06.855: I/Dialer(20123): DialerExecutorModule.newThread - creating low priority thread
06-05 16:55:06.856: I/Dialer(20123): DialerExecutorModule.newThread - creating low priority thread
06-05 16:55:06.856: I/Dialer(20123): ShortcutsJobScheduler.scheduleAllJobs - enter
06-05 16:55:06.859: I/Dialer(20123): ShortcutsJobScheduler.scheduleAllJobs - enabling shortcuts
06-05 16:55:06.859: I/Dialer(20123): PeriodicJobService.schedulePeriodicJob - enter
06-05 16:55:06.860: I/Dialer(20123): PeriodicJobService.schedulePeriodicJob - job already scheduled.
06-05 16:55:06.861: I/amtp(3898): updateFromConfigurations device config for package [CONTEXT service_id=51 ]
06-05 16:55:06.875: I/ActivityTaskManager(1371): Config changes=2004 {1.0 ?mcc?mnc [en] ldltr sw392dp w392dp h713dp 440dpi nrml long hdr widecg port finger -keyb/v/h -nav/h winConfig={ mBounds=Rect(0, 0 - 1080, 2160) mAppBounds=Rect(0, 0 - 1080, 2028) mWindowingMode=fullscreen mDisplayWindowingMode=fullscreen mActivityType=undefined mAlwaysOnTop=undefined mRotation=ROTATION_0} s.45}
06-05 16:55:06.881: I/ActivityTaskManager(1371): Override config changes=2004 {1.0 ?mcc?mnc [en] ldltr sw392dp w392dp h713dp 440dpi nrml long hdr widecg port finger -keyb/v/h -nav/h winConfig={ mBounds=Rect(0, 0 - 1080, 2160) mAppBounds=Rect(0, 0 - 1080, 2028) mWindowingMode=fullscreen mDisplayWindowingMode=fullscreen mActivityType=undefined mAlwaysOnTop=undefined mRotation=ROTATION_0} s.45} for displayId=0
06-05 16:55:06.912: D/PermissionCache(665): checking android.permission.READ_FRAME_BUFFER for uid=1000 => granted (1687 us)
06-05 16:55:06.921: I/hwservicemanager(623): getTransport: Cannot find entry android.hardware.graphics.mapper@3.0::IMapper/default in either framework or device manifest.
06-05 16:55:06.921: W/Gralloc3(1371): mapper 3.x is not supported
06-05 16:55:06.922: W/Binder:1371_9(1371): type=1400 audit(0.0:523): avc: denied { read } for name="u:object_r:vendor_default_prop:s0" dev="tmpfs" ino=19145 scontext=u:r:system_server:s0 tcontext=u:object_r:vendor_default_prop:s0 tclass=file permissive=0
06-05 16:55:06.925: E/libc(1371): Access denied finding property "vendor.gralloc.disable_ubwc"
06-05 16:55:06.925: E/libc(1371): Access denied finding property "vendor.gralloc.disable_ahardware_buffer"
06-05 16:55:06.926: E/libc(1371): Access denied finding property "ro.vendor.graphics.memory"
06-05 16:55:06.926: E/libc(1371): Access denied finding property "vendor.debug.prerotation.disable"
06-05 16:55:06.929: W/Binder:665_3(665): type=1400 audit(0.0:524): avc: denied { read } for name="u:object_r:vendor_display_prop:s0" dev="tmpfs" ino=19147 scontext=u:r:surfaceflinger:s0 tcontext=u:object_r:vendor_display_prop:s0 tclass=file permissive=0
06-05 16:55:06.930: E/libc(665): Access denied finding property "vendor.gralloc.disable_ubwc"
06-05 16:55:06.930: E/libc(665): Access denied finding property "vendor.gralloc.disable_ahardware_buffer"
06-05 16:55:06.933: W/ActivityManager(1371): Slow operation: 64ms so far, now at getContentProviderImpl: after updateOomAdj
06-05 16:55:06.933: W/ActivityManager(1371): Slow operation: 64ms so far, now at getContentProviderImpl: done!
06-05 16:55:06.934: D/ChangeLocale(20175): Instrumentation completed successfully
06-05 16:55:06.935: D/ActivityTaskManager(1371): Storing locale en for decryption UI
06-05 16:55:06.943: I/ActivityManager(1371): Force stopping com.google.android.apps.mtaas.tools appid=10204 user=0: finished inst
06-05 16:55:06.944: I/ActivityManager(1371): Killing 20175:com.google.android.apps.mtaas.tools/u0a204 (adj 0): stop com.google.android.apps.mtaas.tools
06-05 16:55:06.945: W/Binder(1371): Outgoing transactions from this process must be FLAG_ONEWAY
06-05 16:55:06.945: W/Binder(1371): java.lang.Throwable
06-05 16:55:06.945: W/Binder(1371): 	at android.os.BinderProxy.transact(BinderProxy.java:480)
06-05 16:55:06.945: W/Binder(1371): 	at android.app.IInstrumentationWatcher$Stub$Proxy.instrumentationFinished(IInstrumentationWatcher.java:203)
06-05 16:55:06.945: W/Binder(1371): 	at com.android.server.am.InstrumentationReporter$MyThread.run(InstrumentationReporter.java:86)
06-05 16:55:06.947: D/AndroidRuntime(20122): Shutting down VM
06-05 16:55:06.963: I/zygote64(863): Ignoring open file descriptor 32
06-05 16:55:06.969: I/WallpaperService(3373): engine paused
06-05 16:55:06.971: D/Zygote(863): Forked child process 20203
06-05 16:55:06.971: I/DeviceStatusMonitor(19606): onReceive() : Action = android.intent.action.CONFIGURATION_CHANGED
06-05 16:55:06.972: I/ActivityManager(1371): Start proc 20203:com.android.carrierdefaultapp/u0a86 for broadcast com.android.carrierdefaultapp/.CarrierDefaultBroadcastReceiver
06-05 16:55:06.972: I/ConfigNotification(19606): Get device mode by ui mode:1 and smallestScreenWidthDp:392
06-05 16:55:06.972: I/chatty(19606): uid=10202(com.google.android.inputmethod.latin) identical 2 lines
06-05 16:55:06.972: I/ConfigNotification(19606): Get device mode by ui mode:1 and smallestScreenWidthDp:392
06-05 16:55:06.974: E/InputDispatcher(1371): Window handle Window{e77aef0 u0 com.google.android.apps.nexuslauncher/com.google.android.apps.nexuslauncher.NexusLauncherActivity} has no registered input channel
06-05 16:55:06.982: E/rrierdefaultap(20203): Not starting debugger since process cannot load the jdwp agent.
06-05 16:55:06.986: I/Zygote(863): Process 20175 exited due to signal 9 (Killed)
06-05 16:55:06.990: I/DictSuperpacksManager(19606): onEnabledInputMethodEntriesChanged
06-05 16:55:06.996: I/libprocessgroup(1371): Successfully killed process cgroup uid 10204 pid 20175 in 51ms
06-05 16:55:06.998: I/amtp(3898): updateFromConfigurations device config for package [CONTEXT service_id=51 ]
06-05 16:55:07.000: I/TestSupport(4081): AwaitCommitOperation: uncommitted: FlagOverride(com.google.android.gms.autofill, , Flag(autofill_enabled, false, 2, 0), false)
06-05 16:55:07.000: I/TestSupport(4081): AwaitCommitOperation:  sleeping for 320 msec.
06-05 16:55:07.001: I/GsaVoiceInteractionSrv(14803): Handling ACTION_STOP_DSP_HOTWORD
06-05 16:55:07.003: D/sound_trigger_hw(875): stdev_stop_recognition:[3] Enter
06-05 16:55:07.003: D/sound_trigger_hw(875): active_state_fn:[3] handle event id 7
06-05 16:55:07.003: D/sound_trigger_hw(875): active_state_fn:[3] unhandled event
06-05 16:55:07.003: D/sound_trigger_hw(875): active_state_fn:[3] handle event id 4
06-05 16:55:07.003: D/sound_trigger_hw(875): dereg_hal_event_session: ST_EVENT_SESSION_DEREGISTER capture_handle 102 p_ses 0xeaf2eb40
06-05 16:55:07.003: D/sound_trigger_hw(875): stop:[3] gcs stop VA engine, size=24
06-05 16:55:07.003: D/sound_trigger_hw(875): [ 06-05 16:55:07.003   875:  875 D/         ]
06-05 16:55:07.003: D/sound_trigger_hw(875): pktzr_send_cmd: opcode = 0x5, size = 24, token = 22
06-05 16:55:07.008: I/ing.testsuppor(19581): Waiting for a blocking GC ProfileSaver
06-05 16:55:07.008: I/ing.testsuppor(19581): [ 06-05 16:55:07.017   875: 1340 D/         ]
06-05 16:55:07.008: I/ing.testsuppor(19581): ipc_resp_thread: opcode: 0x2, payload_size: 4, resp_buf size: 16
06-05 16:55:07.008: I/ing.testsuppor(19581): [ 06-05 16:55:07.017   875: 1340 D/         ]
06-05 16:55:07.008: I/ing.testsuppor(19581): pktzr_resp_cb: opcode = 0x2 size = 4 token = 22
06-05 16:55:07.008: I/ing.testsuppor(19581): [ 06-05 16:55:07.017   875: 1340 D/         ]
06-05 16:55:07.008: I/ing.testsuppor(19581): pktzr_resp_cb: token 22 matched
06-05 16:55:07.017: D/sound_trigger_hw(875): stop:[3] calling gcs_disable with handle 3
06-05 16:55:07.017: D/sound_trigger_hw(875): [ 06-05 16:55:07.017   875:  875 E/         ]
06-05 16:55:07.017: D/sound_trigger_hw(875): __gcs_disable_update_pld: sgt_array[i] = 0x1
06-05 16:55:07.017: D/sound_trigger_hw(875): [ 06-05 16:55:07.017   875:  875 E/         ]
06-05 16:55:07.017: D/sound_trigger_hw(875): __gcs_disable_update_pld: sgt_array[i] = 0x2
06-05 16:55:07.017: D/sound_trigger_hw(875): [ 06-05 16:55:07.017   875:  875 D/         ]
06-05 16:55:07.017: D/sound_trigger_hw(875): pktzr_send_cmd: opcode = 0x4, size = 80, token = 23
06-05 16:55:07.022: I/rrierdefaultap(20203): The ClassLoaderContext is a special shared library.
06-05 16:55:07.022: I/rrierdefaultap(20203): [ 06-05 16:55:07.031   875: 1340 D/         ]
06-05 16:55:07.022: I/rrierdefaultap(20203): ipc_resp_thread: opcode: 0x2, payload_size: 4, resp_buf size: 16
06-05 16:55:07.022: I/rrierdefaultap(20203): [ 06-05 16:55:07.031   875: 1340 D/         ]
06-05 16:55:07.022: I/rrierdefaultap(20203): pktzr_resp_cb: opcode = 0x2 size = 4 token = 23
06-05 16:55:07.022: I/rrierdefaultap(20203): [ 06-05 16:55:07.031   875: 1340 D/         ]
06-05 16:55:07.022: I/rrierdefaultap(20203): pktzr_resp_cb: token 23 matched
06-05 16:55:07.032: D/sound_trigger_hw(875): set_device: disable device (1) = listen-cpe-handset-mic
06-05 16:55:07.033: D/sound_trigger_hw(875): session[3]: active_state_fn ---> loaded_state_fn
06-05 16:55:07.033: D/sound_trigger_hw(875): stdev_stop_recognition:[3] Exit status 0
06-05 16:55:07.034: I/GsaVoiceInteractionSrv(14803): Stop Hotword Recognition status: true
06-05 16:55:07.035: D/CarrierDefaultBroadcastReceiver(20203): onReceive intent: android.intent.action.LOCALE_CHANGED
06-05 16:55:07.043: I/ing.testsuppor(19581): WaitForGcToComplete blocked ProfileSaver on AddRemoveAppImageSpace for 35.008ms
06-05 16:55:07.047: I/zygote64(863): Ignoring open file descriptor 32
06-05 16:55:07.050: I/putmethod.lati(19606): Waiting for a blocking GC ProfileSaver
06-05 16:55:07.051: D/Zygote(863): Forked child process 20232
06-05 16:55:07.055: I/ActivityManager(1371): Start proc 20232:com.android.cellbroadcastreceiver/u0a70 for broadcast com.android.cellbroadcastreceiver/.PrivilegedCellBroadcastReceiver
06-05 16:55:07.061: I/PBSessionCacheImpl(14743): Deleted sessionId[153035629196] from persistence.
06-05 16:55:07.063: E/oadcastreceive(20232): Not starting debugger since process cannot load the jdwp agent.
06-05 16:55:07.090: W/Looper(1371): Slow dispatch took 137ms main h=android.app.ActivityThread$H c=android.app.-$$Lambda$LoadedApk$ReceiverDispatcher$Args$_BumDX2UKsnxLVrE6UJsJZkotuA@dac436f m=0
06-05 16:55:07.091: I/oadcastreceive(20232): The ClassLoaderContext is a special shared library.
06-05 16:55:07.092: D/UsbDeviceManager(1371): Clear notification
06-05 16:55:07.092: D/UsbDeviceManager(1371): push notification:Charging this device via USB
06-05 16:55:07.095: W/SearchServiceCore(14743): Abort, client detached.
06-05 16:55:07.102: D/CellBroadcastReceiver(20232): onReceive Intent { act=android.intent.action.LOCALE_CHANGED flg=0x11200010 cmp=com.android.cellbroadcastreceiver/.PrivilegedCellBroadcastReceiver }
06-05 16:55:07.108: W/InputMethodManagerService(1371): Illegal subtype state: old subtype = null, new subtype = android.view.inputmethod.InputMethodSubtype@70bfcd7e
06-05 16:55:07.109: I/Telecom(1371): : Locale change; recreating channels.
06-05 16:55:07.112: D/NotificationSQLiteLog(1371): Pruned event entries: 0
06-05 16:55:07.115: V/SettingsProvider(1371): Notifying for 0: content://settings/secure/input_methods_subtype_history
06-05 16:55:07.115: I/zygote(864): Ignoring open file descriptor 10
06-05 16:55:07.124: D/Zygote(864): Forked child process 20262
06-05 16:55:07.127: I/putmethod.lati(19606): WaitForGcToComplete blocked ProfileSaver on ClassLinker for 77.480ms
06-05 16:55:07.128: E/libprocessgroup(3489): set_timerslack_ns write failed: Operation not permitted
06-05 16:55:07.133: I/ActivityManager(1371): Start proc 20262:com.android.chrome/u0a196 for broadcast com.android.chrome/org.chromium.chrome.browser.locale.LocaleChangedBroadcastReceiver
06-05 16:55:07.128: E/libprocessgroup(3489): set_timerslack_ns write failed: Operation not permitted
06-05 16:55:07.138: I/Dialer(20123): WhisperCallScreenModule - returning CallScreenManagerStub
06-05 16:55:07.141: D/StatusBar(3292): disable<e i a s b h r c s > disable2<q i n >
06-05 16:55:07.143: E/.android.chrom(20262): Not starting debugger since process cannot load the jdwp agent.
06-05 16:55:07.151: E/libprocessgroup(3489): set_timerslack_ns write failed: Operation not permitted
06-05 16:55:07.152: D/LoaderTask(3489): loadWorkspace: loading default favorites
06-05 16:55:07.163: I/.android.chrom(20262): The ClassLoaderContext is a special shared library.
06-05 16:55:07.167: I/.android.chrom(20262): The ClassLoaderContext is a special shared library.
06-05 16:55:07.168: I/.android.chrom(20262): Failed to add image file Rejecting application image due to class loader mismatch: 'Mismatch in shared libraries'
06-05 16:55:07.171: I/StatusBar/NavBarView(3292): updateNavButtonIcons (b/113914868): home disabled=false mDisabledFlags=0
06-05 16:55:07.184: I/StatusBar/NavBarView(3292): updateNavButtonIcons (b/113914868): home disabled=false mDisabledFlags=0
06-05 16:55:07.184: D/OpenGLRenderer(3489): Swap behavior 2
06-05 16:55:07.186: I/StatusBar/NavBarView(3292): updateNavButtonIcons (b/113914868): home disabled=false mDisabledFlags=0
06-05 16:55:07.187: I/amtp(3898): updateFromConfigurations device config for package [CONTEXT service_id=51 ]
06-05 16:55:07.191: I/StatusBar/NavBarView(3292): updateNavButtonIcons (b/113914868): home disabled=false mDisabledFlags=0
06-05 16:55:07.192: I/WallpaperService(3373): engine resumed
06-05 16:55:07.193: I/LoadedApk(20262): No resource references to update in package com.google.android.trichromelibrary
06-05 16:55:07.194: I/StatusBar/NavBarView(3292): updateNavButtonIcons (b/113914868): home disabled=false mDisabledFlags=0
06-05 16:55:07.196: E/WindowManager(1371): Performed 6 layouts in a row. Skipping
06-05 16:55:07.206: E/libprocessgroup(3489): set_timerslack_ns write failed: Operation not permitted
06-05 16:55:07.210: E/WindowManager(1371): Performed 6 layouts in a row. Skipping
06-05 16:55:07.219: D/UsageStatsDatabase(1371): endTime(1559753489100) <= beginTime(1559778307218)
06-05 16:55:07.219: D/UsageStatsDatabase(1371): endTime(1559667082277) <= beginTime(1559778307218)
06-05 16:55:07.224: W/PhoneWindow(14743): Previously focused view reported id 2131755218 during save, but can't be found during restore.
06-05 16:55:07.241: W/View(3292): requestLayout() improperly called by com.android.keyguard.AlphaOptimizedLinearLayout{11e7822 V.E...... ......ID 7,0-52,61 #7f0a03db app:id/wifi_group} during layout: running second layout pass
06-05 16:55:07.241: W/View(3292): requestLayout() improperly called by com.android.keyguard.AlphaOptimizedLinearLayout{edfb2b3 V.E...... ......ID 7,0-52,61 #7f0a03db app:id/wifi_group} during layout: running second layout pass
06-05 16:55:07.244: V/SettingsProvider(1371): Notifying for 0: content://settings/system/accelerometer_rotation
06-05 16:55:07.246: V/SettingsProvider(1371): Notifying for 0: content://settings/system/user_rotation
06-05 16:55:07.247: V/SettingsProvider(1371): Notifying for 0: content://settings/secure/immersive_mode_confirmations
06-05 16:55:07.250: I/zygote64(863): Ignoring open file descriptor 32
06-05 16:55:07.256: D/Zygote(863): Forked child process 20293
06-05 16:55:07.258: D/OpenGLRenderer(3292): Swap behavior 2
06-05 16:55:07.265: I/KeyboardViewUtil(19606): systemKeyboardHeightRatio:1.200000; userKeyboardHeightRatio:1.000000.
06-05 16:55:07.268: I/ActivityManager(1371): Start proc 20293:android.process.acore/u0a56 for broadcast com.android.providers.contacts/.LocaleChangeReceiver
06-05 16:55:07.269: W/SessionLifecycleManager(14743): Handover failed. Creating new session controller.
06-05 16:55:07.271: E/libprocessgroup(3489): set_timerslack_ns write failed: Operation not permitted
06-05 16:55:07.274: I/WindowManager(1371): Screen frozen for +392ms due to Window{d6ac730 u0 NavigationBar0}
06-05 16:55:07.275: E/d.process.acor(20293): Not starting debugger since process cannot load the jdwp agent.
06-05 16:55:07.279: W/s.nexuslaunche(3489): Reducing the number of considered missed Gc histogram windows from 11124 to 100
06-05 16:55:07.280: I/OpaEnabledReceiver(3292): Dispatching OPA eligble = true; AGSA = true; OPA enabled = true
06-05 16:55:07.280: I/amtp(3898): updateFromConfigurations device config for package [CONTEXT service_id=51 ]
06-05 16:55:07.280: I/OpaLayout(3292): Setting opa enabled to true
06-05 16:55:07.280: I/OpaLayout(3292): Setting opa enabled to true
06-05 16:55:07.280: W/OpaLayout(3292): mOpaEnabledNeedsUpdate not cleared by AssistManagerGoogle!
06-05 16:55:07.280: I/OpaEnabledReceiver(3292): Dispatching OPA eligble = true; AGSA = true; OPA enabled = true
06-05 16:55:07.280: I/OpaLayout(3292): Setting opa enabled to true
06-05 16:55:07.280: I/OpaLayout(3292): Setting opa enabled to true
06-05 16:55:07.280: W/OpaLayout(3292): mOpaEnabledNeedsUpdate not cleared by AssistManagerGoogle!
06-05 16:55:07.283: W/ThreadPoolDumper(14743): Queue length for executor EventBus is now 11. Perhaps some tasks are too long, or the pool is too small.
06-05 16:55:07.309: I/d.process.acor(20293): The ClassLoaderContext is a special shared library.
06-05 16:55:07.315: I/Dialer(20123): Flags.register - phenotype register status: true
06-05 16:55:07.318: I/VoiceImeUtils(19606): S3 recognizer enabled.
06-05 16:55:07.319: I/LatinImeEntryActivation(19606): Entry activation content observer disabled.
06-05 16:55:07.328: I/JapaneseMozcExtension(19606): onCreateServiceInternal()
06-05 16:55:07.329: I/d.process.acor(20293): The ClassLoaderContext is a special shared library.
06-05 16:55:07.342: I/d.process.acor(20293): The ClassLoaderContext is a special shared library.
06-05 16:55:07.342: W/CDHeaderDataHandler(14743): Invalid integer value "" in experiments IDs.
06-05 16:55:07.342: I/HandwritingImeExtension(19606): onCreate
06-05 16:55:07.343: I/HandwritingConfig(19606): Caching enable_handwriting_lstm value to true
06-05 16:55:07.343: I/HwrMappingProvider(19606): getHandwritingMappingParser(): Using LSTM parser
06-05 16:55:07.344: I/HWRSuperpacksManager(19606): onNetworkAvailable
06-05 16:55:07.345: I/ContactsPerf(20293): VoicemailContentProvider.onCreate start
06-05 16:55:07.351: I/ContactsPerf(20293): VoicemailContentProvider.onCreate finish
06-05 16:55:07.356: I/KeyboardGroupDefParser(19606): parseKeyboardGroupDef() 2132148518 -> extension_emoji_search_extension_view : WaitTime = 4 ms : RunTime = 5 ms
06-05 16:55:07.359: D/ActivityThread(20293): Loading provider contacts;com.android.contacts: com.android.providers.contacts.ContactsProvider2
06-05 16:55:07.373: V/SettingsProvider(1371): Notifying for 0: content://settings/system/firebase.test.lab
06-05 16:55:07.377: E/FileOperationUtils(19606): Cannot read from /data/user/0/com.google.android.inputmethod.latin/cache/tenor_categories.pb
06-05 16:55:07.391: I/zygote64(863): Ignoring open file descriptor 32
06-05 16:55:07.396: E/ResolverController(829): No valid NAT64 prefix (100,<unspecified>/0)
06-05 16:55:07.398: D/Zygote(863): Forked child process 20344
06-05 16:55:07.399: I/amtp(3898): updateFromConfigurations device config for package [CONTEXT service_id=51 ]
06-05 16:55:07.400: I/KeyboardGroupDefParser(19606): parseKeyboardGroupDef() 2132148520 -> extension_emoji_search_keyboards : WaitTime = 21 ms : RunTime = 21 ms
06-05 16:55:07.406: I/TestSupport(4081): AwaitCommitOperation: uncommitted: FlagOverride(com.google.android.gms.autofill, , Flag(autofill_enabled, false, 2, 0), false)
06-05 16:55:07.406: I/TestSupport(4081): AwaitCommitOperation:  sleeping for 640 msec.
06-05 16:55:07.406: E/d.process.medi(20344): Not starting debugger since process cannot load the jdwp agent.
06-05 16:55:07.407: I/ActivityManager(1371): Start proc 20344:android.process.media/u0a59 for broadcast com.android.providers.media/.MediaReceiver
06-05 16:55:07.417: D/ContactsDatabaseHelper(20293): WAL enabled for contacts2.db: true
06-05 16:55:07.419: I/ShortcutsDataManager(19606): startImportContentTask()
06-05 16:55:07.425: I/d.process.medi(20344): The ClassLoaderContext is a special shared library.
06-05 16:55:07.425: D/NetworkSecurityConfig(19606): No Network Security Config specified, using platform default
06-05 16:55:07.447: E/ExecutionCriteria(3898): Package unavailable for task: com.google.android.apps.gcs/.service.GcsTaskService{u=0 tag="WfaEliRefreshTask" trigger=window{start=0s,end=30s,earliest=-111779s,latest=-111749s} requirements=[NET_CONNECTED] attributes=[] scheduled=-111779s last_run=N/A jid=N/A status=PENDING retries=0 client_lib=MANCHEGO_GCM-11732000}
06-05 16:55:07.449: E/ExecutionCriteria(3898): Package unavailable for task: com.google.android.videos/com.google.android.apps.play.movies.common.service.drm.RefreshLicenseTaskService{u=0 tag="refresh_license_forced" trigger=window{start=3600s,end=10800s,earliest=-108185s,latest=-100985s} requirements=[NET_CONNECTED] attributes=[] scheduled=-111785s last_run=N/A jid=N/A status=PENDING retries=0 client_lib=MANCHEGO_GCM-10400000}
06-05 16:55:07.449: E/ExecutionCriteria(3898): Package unavailable for task: com.google.android.videos/com.google.android.apps.play.movies.common.FlushLogsTaskService{u=0 tag="flush_logs" trigger=window{period=86400s,flex=57600s,earliest=-82985s,latest=-25385s} requirements=[NET_UNMETERED,CHARGING] attributes=[PERSISTED,RECURRING] scheduled=-111785s last_run=N/A jid=N/A status=PENDING retries=0 client_lib=MANCHEGO_GCM-10400000}
06-05 16:55:07.463: V/SettingsProvider(1371): Notifying for 0: content://settings/secure/autofill_service
06-05 16:55:07.464: E/RemoteAugmentedAutofillService(1371): Bad service name for flags 1048704: com.google.android.as/com.google.android.apps.miphone.aiai.app.AiAiAugmentedAutofillService
06-05 16:55:07.469: I/d.process.medi(20344): The ClassLoaderContext is a special shared library.
06-05 16:55:07.478: I/ShortcutsDataManager(19606): doInBackground()
06-05 16:55:07.478: I/PersonalDictDataHandler(19606): Locales = [en_US]
06-05 16:55:07.494: I/zygote64(863): Ignoring open file descriptor 32
06-05 16:55:07.497: D/j(14743): setAvailableAccounts() 0 -> 0.
06-05 16:55:07.497: D/j(14743): availableAccounts hasn't changed, returning.
06-05 16:55:07.497: D/j(14743): modelLoaded
06-05 16:55:07.502: I/MediaProvider(20344): Begin Intent { act=android.intent.action.LOCALE_CHANGED flg=0x11200010 cmp=com.android.providers.media/.MediaService }
06-05 16:55:07.508: D/Zygote(863): Forked child process 20377
06-05 16:55:07.510: I/ActivityManager(1371): Start proc 20377:com.android.sdm.plugins.sprintdm/1001 for broadcast com.android.sdm.plugins.sprintdm/.SprintDMReceiver
06-05 16:55:07.519: E/lugins.sprintd(20377): Not starting debugger since process cannot load the jdwp agent.
06-05 16:55:07.519: E/ExecutionCriteria(3898): Package unavailable for task: com.google.android.apps.gcs/.service.GcsTaskService{u=0 tag="WfaStateTask" trigger=window{period=518400s,flex=86400s,earliest=320211s,latest=406611s} requirements=[NET_ANY] attributes=[PERSISTED,RECURRING] scheduled=-111788s last_run=N/A jid=N/A status=PENDING retries=0 client_lib=MANCHEGO_GCM-11732000}
06-05 16:55:07.549: D/ApplicationLoaders(20377): Returning zygote-cached class loader: /system/framework/android.hidl.base-V1.0-java.jar
06-05 16:55:07.549: D/ApplicationLoaders(20377): Returning zygote-cached class loader: /system/framework/android.hidl.manager-V1.0-java.jar
06-05 16:55:07.549: D/ApplicationLoaders(20377): Returning zygote-cached class loader: /system/framework/android.hidl.base-V1.0-java.jar
06-05 16:55:07.553: I/lugins.sprintd(20377): The ClassLoaderContext is a special shared library.
06-05 16:55:07.559: I/amtp(3898): updateFromConfigurations device config for package [CONTEXT service_id=51 ]
06-05 16:55:07.563: I/lugins.sprintd(20377): The ClassLoaderContext is a special shared library.
06-05 16:55:07.573: I/ContactLocale(20293): AddressBook Labels [[en]]: [, A, B, C, D, E, F, G, H, I, J, K, L, M, N, O, P, Q, R, S, T, U, V, W, X, Y, Z, , , , , , , , , , , , , , , ,  , , , , , , , , , , , , , , , , , , , , , , , , , , , , , , , ,  , , , , , , , , , , , , , , , , , , , , , , , , , , , ,  , , , , , , , , , , , , , , , , , , , , , , , , , , , , , , , , , , , , , , , , , , , , , , , , , , , , , , , , , , , , , , , , , , , , , ,  , , , , , , , , , , , , , , , , , , , , , , , , , , , , , , , , , , , , , , , , , #, ]
06-05 16:55:07.583: I/amtp(3898): updateFromConfigurations device config for package [CONTEXT service_id=51 ]
06-05 16:55:07.584: D/SprintDMReceiver(20377): [SUBID-1] Received intent: android.intent.action.LOCALE_CHANGED
06-05 16:55:07.591: I/Finsky(12728): [2] com.google.android.finsky.userlanguages.LocaleChangedReceiver.a(8): Clear all Billing acquire cache.
06-05 16:55:07.592: I/Finsky(12728): [2] com.google.android.finsky.userlanguages.LocaleChangedReceiver.a(8): Entering LocaleChangedReceiver.
06-05 16:55:07.593: I/Finsky(12728): [2] ixc.a(3): Task 9 requested foreground
06-05 16:55:07.593: I/Finsky(12728): [2] ixc.a(13): Entering foreground
06-05 16:55:07.595: I/Finsky(12728): [116] com.google.android.finsky.billing.acquirecache.AcquireCacheManager.a(9): Commerce cache was cleared.
06-05 16:55:07.604: I/Finsky(12728): [2] uud.a(8): Clearing cache.
06-05 16:55:07.607: D/Volley(12728): [127] uul.b: Cache cleared.
06-05 16:55:07.611: D/ContactsDatabaseHelper(20293): WAL enabled for profile.db: false
06-05 16:55:07.613: D/Volley(12728): [126] uul.b: Cache cleared.
06-05 16:55:07.615: D/Volley(12728): [2] uul.b: Cache cleared.
06-05 16:55:07.615: D/Volley(12728): [317] uul.b: Cache cleared.
06-05 16:55:07.624: I/amtp(3898): updateFromConfigurations device config for package [CONTEXT service_id=51 ]
06-05 16:55:07.630: I/Finsky(12728): [2] ttj.run(3): Checking for new language splits.
06-05 16:55:07.630: I/Finsky(12728): [2] ttp.a(1): Updating language store, changed to [en]
06-05 16:55:07.635: D/AndroidRuntime(20395): >>>>>> START com.android.internal.os.RuntimeInit uid 2000 <<<<<<
06-05 16:55:07.636: W/app_process(20395): type=1400 audit(0.0:525): avc: denied { read } for name="u:object_r:device_config_runtime_native_boot_prop:s0" dev="tmpfs" ino=19061 scontext=u:r:shell:s0 tcontext=u:object_r:device_config_runtime_native_boot_prop:s0 tclass=file permissive=0
06-05 16:55:07.638: E/libc(20395): Access denied finding property "persist.device_config.runtime_native_boot.enable_apex_image"
06-05 16:55:07.638: I/AndroidRuntime(20395): Using default boot image
06-05 16:55:07.638: E/libc(20395): Access denied finding property "persist.device_config.runtime_native_boot.enable_generational_cc"
06-05 16:55:07.638: I/Finsky(12728): [322] tts.a(2): Existing languages: []
06-05 16:55:07.636: W/app_process(20395): type=1400 audit(0.0:526): avc: denied { read } for name="u:object_r:device_config_runtime_native_boot_prop:s0" dev="tmpfs" ino=19061 scontext=u:r:shell:s0 tcontext=u:object_r:device_config_runtime_native_boot_prop:s0 tclass=file permissive=0
06-05 16:55:07.641: I/Finsky(12728): [322] ttt.a(2): Language change to [en], of which [en] are new, removed [].
06-05 16:55:07.642: I/zygote(864): Ignoring open file descriptor 10
06-05 16:55:07.642: I/Finsky(12728): [323] tsf.run(2): Checking for language splits...
06-05 16:55:07.654: D/Zygote(864): Forked child process 20408
06-05 16:55:07.659: I/ActivityManager(1371): Start proc 20408:com.android.vending:instant_app_installer/u0a115 for broadcast com.android.vending/com.google.android.finsky.instantapps.InstantAppsConfigChangeListener
06-05 16:55:07.663: E/t_app_installe(20408): Not starting debugger since process cannot load the jdwp agent.
06-05 16:55:07.685: I/ContactsProvider(20293): Locale has changed from [en_US] to [en]
06-05 16:55:07.688: I/ContactsDatabaseHelper(20293): Switching to locale [en] (ICU v63.1.0.0)
06-05 16:55:07.689: D/ApplicationLoaders(20408): Returning zygote-cached class loader: /system/framework/android.hidl.base-V1.0-java.jar
06-05 16:55:07.689: D/ApplicationLoaders(20408): Returning zygote-cached class loader: /system/framework/android.hidl.manager-V1.0-java.jar
06-05 16:55:07.689: D/ApplicationLoaders(20408): Returning zygote-cached class loader: /system/framework/android.hidl.base-V1.0-java.jar
06-05 16:55:07.690: E/ExecutionCriteria(3898): Package unavailable for task: com.google.android.apps.gcs/.service.GcsTaskService{u=0 tag="WfaEliRefreshTask" trigger=window{start=0s,end=30s,earliest=-111779s,latest=-111749s} requirements=[NET_CONNECTED] attributes=[] scheduled=-111779s last_run=N/A jid=N/A status=PENDING retries=0 client_lib=MANCHEGO_GCM-11732000}
06-05 16:55:07.691: I/t_app_installe(20408): The ClassLoaderContext is a special shared library.
06-05 16:55:07.691: E/ExecutionCriteria(3898): Package unavailable for task: com.google.android.videos/com.google.android.apps.play.movies.common.service.drm.RefreshLicenseTaskService{u=0 tag="refresh_license_forced" trigger=window{start=3600s,end=10800s,earliest=-108185s,latest=-100985s} requirements=[NET_CONNECTED] attributes=[] scheduled=-111785s last_run=N/A jid=N/A status=PENDING retries=0 client_lib=MANCHEGO_GCM-10400000}
06-05 16:55:07.691: E/ExecutionCriteria(3898): Package unavailable for task: com.google.android.videos/com.google.android.apps.play.movies.common.FlushLogsTaskService{u=0 tag="flush_logs" trigger=window{period=86400s,flex=57600s,earliest=-82985s,latest=-25385s} requirements=[NET_UNMETERED,CHARGING] attributes=[PERSISTED,RECURRING] scheduled=-111785s last_run=N/A jid=N/A status=PENDING retries=0 client_lib=MANCHEGO_GCM-10400000}
06-05 16:55:07.703: E/ExecutionCriteria(3898): Package unavailable for task: com.google.android.apps.gcs/.service.GcsTaskService{u=0 tag="WfaStateTask" trigger=window{period=518400s,flex=86400s,earliest=320211s,latest=406611s} requirements=[NET_ANY] attributes=[PERSISTED,RECURRING] scheduled=-111788s last_run=N/A jid=N/A status=PENDING retries=0 client_lib=MANCHEGO_GCM-11732000}
06-05 16:55:07.710: I/ShortcutsDataManager(19606): importRecords() : Success : Count = 0
06-05 16:55:07.724: D/ICU(20395): Time zone APEX file found: /apex/com.android.tzdata/etc/icu/icu_tzdata.dat
06-05 16:55:07.730: I/Dialer(20123): WhisperCallScreenModule - returning CallScreenManagerStub
06-05 16:55:07.737: I/app_process(20395): The ClassLoaderContext is a special shared library.
06-05 16:55:07.740: I/amtp(3898): updateFromConfigurations device config for package [CONTEXT service_id=51 ]
06-05 16:55:07.750: W/app_process(20395): JNI RegisterNativeMethods: attempt to register 0 native methods for android.media.AudioAttributes
06-05 16:55:07.754: D/AndroidRuntime(20395): Calling main entry com.android.commands.input.Input
06-05 16:55:07.760: D/AndroidRuntime(20395): Shutting down VM
06-05 16:55:07.761: I/ActivityTaskManager(1371): START u0 {act=android.intent.action.MAIN cat=[android.intent.category.HOME] flg=0x10000100 cmp=com.google.android.apps.nexuslauncher/.NexusLauncherActivity (has extras)} from uid 0
06-05 16:55:07.762: I/Dialer(20123): Flags.register - commit succeeded: true
06-05 16:55:07.768: V/StatusBar(3292): mStatusBarWindow: com.android.systemui.statusbar.phone.StatusBarWindowView{79a8750 V.E...... ........ 0,0-1080,66} canPanelBeCollapsed(): false
06-05 16:55:07.769: D/UsageStatsDatabase(1371): endTime(1559753489100) <= beginTime(1559778307767)
06-05 16:55:07.769: D/UsageStatsDatabase(1371): endTime(1559667082277) <= beginTime(1559778307767)
06-05 16:55:07.800: I/amtp(3898): updateFromConfigurations device config for package [CONTEXT service_id=51 ]
06-05 16:55:07.808: I/ContactsProvider(20293): Locale has changed from [en_US] to [en]
06-05 16:55:07.810: I/ContactsDatabaseHelper(20293): Switching to locale [en] (ICU v63.1.0.0)
06-05 16:55:07.817: I/zygote64(863): Ignoring open file descriptor 32
06-05 16:55:07.817: E/ExecutionCriteria(3898): Package unavailable for task: com.google.android.apps.gcs/.service.GcsTaskService{u=0 tag="WfaEliRefreshTask" trigger=window{start=0s,end=30s,earliest=-111779s,latest=-111749s} requirements=[NET_CONNECTED] attributes=[] scheduled=-111779s last_run=N/A jid=N/A status=PENDING retries=0 client_lib=MANCHEGO_GCM-11732000}
06-05 16:55:07.818: E/ExecutionCriteria(3898): Package unavailable for task: com.google.android.videos/com.google.android.apps.play.movies.common.service.drm.RefreshLicenseTaskService{u=0 tag="refresh_license_forced" trigger=window{start=3600s,end=10800s,earliest=-108185s,latest=-100985s} requirements=[NET_CONNECTED] attributes=[] scheduled=-111785s last_run=N/A jid=N/A status=PENDING retries=0 client_lib=MANCHEGO_GCM-10400000}
06-05 16:55:07.818: E/ExecutionCriteria(3898): Package unavailable for task: com.google.android.videos/com.google.android.apps.play.movies.common.FlushLogsTaskService{u=0 tag="flush_logs" trigger=window{period=86400s,flex=57600s,earliest=-82985s,latest=-25385s} requirements=[NET_UNMETERED,CHARGING] attributes=[PERSISTED,RECURRING] scheduled=-111785s last_run=N/A jid=N/A status=PENDING retries=0 client_lib=MANCHEGO_GCM-10400000}
06-05 16:55:07.819: I/MediaProvider(20344): End Intent { act=android.intent.action.LOCALE_CHANGED flg=0x11200010 cmp=com.android.providers.media/.MediaService }
06-05 16:55:07.821: E/ExecutionCriteria(3898): Package unavailable for task: com.google.android.apps.gcs/.service.GcsTaskService{u=0 tag="WfaStateTask" trigger=window{period=518400s,flex=86400s,earliest=320211s,latest=406611s} requirements=[NET_ANY] attributes=[PERSISTED,RECURRING] scheduled=-111788s last_run=N/A jid=N/A status=PENDING retries=0 client_lib=MANCHEGO_GCM-11732000}
06-05 16:55:07.823: D/Zygote(863): Forked child process 20456
06-05 16:55:07.836: I/ActivityManager(1371): Start proc 20456:com.google.android.apps.docs/u0a193 for broadcast com.google.android.apps.docs/.notification.common.NotificationChannelReceiver
06-05 16:55:07.837: I/ContactsDatabaseHelper(20293): Locale change completed in 150ms
06-05 16:55:07.839: E/droid.apps.doc(20456): Not starting debugger since process cannot load the jdwp agent.
06-05 16:55:07.840: I/ContactsDatabaseHelper(20293): Switching to locale [en] (ICU v63.1.0.0)
06-05 16:55:07.846: I/Dialer(20123): WhisperCallScreenModule - returning CallScreenManagerStub
06-05 16:55:07.856: I/ActivityTaskManager(1371): START u0 {flg=0x10000000 cmp=com.google.android.apps.mtaas.backdrop/.BackdropActivity} from uid 2000
06-05 16:55:07.856: I/Dialer(20123): UpdateBroadcastReceiver.onReceive - commit succeeded: true
06-05 16:55:07.862: D/android.hardware.power@1.3-service.pixel-libperfmgr(892): LAUNCH: 1
06-05 16:55:07.866: I/droid.apps.doc(20456): The ClassLoaderContext is a special shared library.
06-05 16:55:07.871: E/system_server(1371): Invalid ID 0x00000000.
06-05 16:55:07.879: E/LoadManifestTask(4081): Can't find Chimera operation impl class com.google.android.gms.walletp2p.infra.phenotype.PhenotypeCommitIntentOperation dropping operation
06-05 16:55:07.879: E/LoadManifestTask(4081): java.lang.ClassNotFoundException: Didn't find class "com.google.android.gms.walletp2p.infra.phenotype.PhenotypeCommitIntentOperation" on path: DexPathList[[zip file "/product/priv-app/PrebuiltGmsCore/PrebuiltGmsCoreQt.apk"],nativeLibraryDirectories=[/product/priv-app/PrebuiltGmsCore/lib/arm64, /product/priv-app/PrebuiltGmsCore/PrebuiltGmsCoreQt.apk!/lib/arm64-v8a, /system/lib64, /product/lib64, /system/lib64, /product/lib64]]
06-05 16:55:07.879: E/LoadManifestTask(4081): 	at dalvik.system.BaseDexClassLoader.findClass(BaseDexClassLoader.java:196)
06-05 16:55:07.879: E/LoadManifestTask(4081): 	at java.lang.ClassLoader.loadClass(ClassLoader.java:379)
06-05 16:55:07.879: E/LoadManifestTask(4081): 	at java.lang.ClassLoader.loadClass(ClassLoader.java:312)
06-05 16:55:07.879: E/LoadManifestTask(4081): 	at efr.<init>(:com.google.android.gms@16790048@16.7.90 (120408-241364873):5)
06-05 16:55:07.879: E/LoadManifestTask(4081): 	at efs.run(:com.google.android.gms@16790048@16.7.90 (120408-241364873):53)
06-05 16:55:07.879: E/LoadManifestTask(4081): 	at java.util.concurrent.ThreadPoolExecutor.runWorker(ThreadPoolExecutor.java:1167)
06-05 16:55:07.879: E/LoadManifestTask(4081): 	at java.util.concurrent.ThreadPoolExecutor$Worker.run(ThreadPoolExecutor.java:641)
06-05 16:55:07.879: E/LoadManifestTask(4081): 	at java.lang.Thread.run(Thread.java:919)
06-05 16:55:07.885: I/ContactsDatabaseHelper(20293): Locale change completed in 44ms
06-05 16:55:07.886: I/ShortcutsDataManager(19606): importContentData() : Ending import process
06-05 16:55:07.887: I/zygote64(863): Ignoring open file descriptor 32
06-05 16:55:07.888: I/PhenotypeUpdate(19606): onReceive() urgent = false
06-05 16:55:07.899: I/ContactsDatabaseHelper(20293): Locale change completed in 89ms
06-05 16:55:07.900: D/Zygote(863): Forked child process 20482
06-05 16:55:07.902: E/LoadManifestTask(4081): Can't find Chimera operation impl class com.google.android.gms.walletp2p.infra.phenotype.PhenotypeCommitIntentOperation dropping operation
06-05 16:55:07.902: E/LoadManifestTask(4081): java.lang.ClassNotFoundException: Didn't find class "com.google.android.gms.walletp2p.infra.phenotype.PhenotypeCommitIntentOperation" on path: DexPathList[[zip file "/product/priv-app/PrebuiltGmsCore/PrebuiltGmsCoreQt.apk"],nativeLibraryDirectories=[/product/priv-app/PrebuiltGmsCore/lib/arm64, /product/priv-app/PrebuiltGmsCore/PrebuiltGmsCoreQt.apk!/lib/arm64-v8a, /system/lib64, /product/lib64, /system/lib64, /product/lib64]]
06-05 16:55:07.902: E/LoadManifestTask(4081): 	at dalvik.system.BaseDexClassLoader.findClass(BaseDexClassLoader.java:196)
06-05 16:55:07.902: E/LoadManifestTask(4081): 	at java.lang.ClassLoader.loadClass(ClassLoader.java:379)
06-05 16:55:07.902: E/LoadManifestTask(4081): 	at java.lang.ClassLoader.loadClass(ClassLoader.java:312)
06-05 16:55:07.902: E/LoadManifestTask(4081): 	at efr.<init>(:com.google.android.gms@16790048@16.7.90 (120408-241364873):5)
06-05 16:55:07.902: E/LoadManifestTask(4081): 	at efs.run(:com.google.android.gms@16790048@16.7.90 (120408-241364873):53)
06-05 16:55:07.902: E/LoadManifestTask(4081): 	at java.util.concurrent.ThreadPoolExecutor.runWorker(ThreadPoolExecutor.java:1167)
06-05 16:55:07.902: E/LoadManifestTask(4081): 	at java.util.concurrent.ThreadPoolExecutor$Worker.run(ThreadPoolExecutor.java:641)
06-05 16:55:07.902: E/LoadManifestTask(4081): 	at java.lang.Thread.run(Thread.java:919)
06-05 16:55:07.903: I/ActivityManager(1371): Start proc 20482:com.google.android.apps.mtaas.backdrop/u0a206 for activity com.google.android.apps.mtaas.backdrop/.BackdropActivity
06-05 16:55:07.911: E/.mtaas.backdro(20482): Not starting debugger since process cannot load the jdwp agent.
06-05 16:55:07.919: E/LoadManifestTask(4081): Can't find Chimera operation impl class com.google.android.gms.walletp2p.infra.phenotype.PhenotypeCommitIntentOperation dropping operation
06-05 16:55:07.919: E/LoadManifestTask(4081): java.lang.ClassNotFoundException: Didn't find class "com.google.android.gms.walletp2p.infra.phenotype.PhenotypeCommitIntentOperation" on path: DexPathList[[zip file "/product/priv-app/PrebuiltGmsCore/PrebuiltGmsCoreQt.apk"],nativeLibraryDirectories=[/product/priv-app/PrebuiltGmsCore/lib/arm64, /product/priv-app/PrebuiltGmsCore/PrebuiltGmsCoreQt.apk!/lib/arm64-v8a, /system/lib64, /product/lib64, /system/lib64, /product/lib64]]
06-05 16:55:07.919: E/LoadManifestTask(4081): 	at dalvik.system.BaseDexClassLoader.findClass(BaseDexClassLoader.java:196)
06-05 16:55:07.919: E/LoadManifestTask(4081): 	at java.lang.ClassLoader.loadClass(ClassLoader.java:379)
06-05 16:55:07.919: E/LoadManifestTask(4081): 	at java.lang.ClassLoader.loadClass(ClassLoader.java:312)
06-05 16:55:07.919: E/LoadManifestTask(4081): 	at efr.<init>(:com.google.android.gms@16790048@16.7.90 (120408-241364873):5)
06-05 16:55:07.919: E/LoadManifestTask(4081): 	at efs.run(:com.google.android.gms@16790048@16.7.90 (120408-241364873):53)
06-05 16:55:07.919: E/LoadManifestTask(4081): 	at java.util.concurrent.ThreadPoolExecutor.runWorker(ThreadPoolExecutor.java:1167)
06-05 16:55:07.919: E/LoadManifestTask(4081): 	at java.util.concurrent.ThreadPoolExecutor$Worker.run(ThreadPoolExecutor.java:641)
06-05 16:55:07.919: E/LoadManifestTask(4081): 	at java.lang.Thread.run(Thread.java:919)
