06-05 16:55:01.664: I/dex2oat(19549): Explicit concurrent copying GC freed 11090(2414KB) AllocSpace objects, 0(0B) LOS objects, 99% free, 760B/1536KB, paused 23us total 2.611ms
06-05 16:55:01.670: I/Icing(4081): IndexChimeraService.getServiceInterface callingPackage=com.google.android.gms componentName=AppsCorpus serviceId=SEARCH_CORPORA
06-05 16:55:01.673: I/Icing(4081): IndexChimeraService.getServiceInterface callingPackage=com.google.android.gms componentName=AppsCorpus serviceId=SEARCH_QUERIES
06-05 16:55:01.684: W/DynamiteModule(4081): Local module descriptor class for providerinstaller not found.
06-05 16:55:01.684: I/DynamiteModule(4081): Considering local module providerinstaller:0 and remote module providerinstaller:0
06-05 16:55:01.684: W/ProviderInstaller(4081): Failed to load providerinstaller module: No acceptable module found. Local version is 0 and remote version is 0.
06-05 16:55:01.688: E/ResolverController(829): No valid NAT64 prefix (100,<unspecified>/0)
06-05 16:55:01.697: W/Conscrypt(4081): Could not set socket write timeout: java.net.SocketException: Socket closed
06-05 16:55:01.697: W/Conscrypt(4081): 	at com.google.android.gms.org.conscrypt.Platform.setSocketWriteTimeout(:com.google.android.gms@16790048@16.7.90 (120408-241364873):2)
06-05 16:55:01.697: W/Conscrypt(4081): 	at com.google.android.gms.org.conscrypt.ConscryptFileDescriptorSocket.setSoWriteTimeout(:com.google.android.gms@16790048@16.7.90 (120408-241364873):2)
06-05 16:55:01.703: W/DynamiteModule(4081): Local module descriptor class for providerinstaller not found.
06-05 16:55:01.703: I/DynamiteModule(4081): Considering local module providerinstaller:0 and remote module providerinstaller:0
06-05 16:55:01.703: W/ProviderInstaller(4081): Failed to load providerinstaller module: No acceptable module found. Local version is 0 and remote version is 0.
06-05 16:55:01.727: W/ProcessStats(1371): Tracking association SourceState{aaabe com.google.android.gms.persistent/10135 ImpFg #94270} whose proc state 2 is better than process ProcessState{d8bb2bf com.google.android.gms/10135 pkg=com.google.android.gms} proc state 3 (0 skipped)
06-05 16:55:01.740: D/UsageStatsDatabase(1371): endTime(1559753489100) <= beginTime(1559774606329)
06-05 16:55:01.741: W/DynamiteModule(4081): Local module descriptor class for providerinstaller not found.
06-05 16:55:01.741: I/DynamiteModule(4081): Considering local module providerinstaller:0 and remote module providerinstaller:0
06-05 16:55:01.741: W/ProviderInstaller(4081): Failed to load providerinstaller module: No acceptable module found. Local version is 0 and remote version is 0.
06-05 16:55:01.741: I/Icing(4081): Usage reports ok 0, Failed Usage reports 0, indexed 0, rejected 0, imm upload false
06-05 16:55:01.748: W/Conscrypt(4081): Could not set socket write timeout: java.net.SocketException: Socket closed
06-05 16:55:01.748: W/Conscrypt(4081): 	at com.google.android.gms.org.conscrypt.Platform.setSocketWriteTimeout(:com.google.android.gms@16790048@16.7.90 (120408-241364873):2)
06-05 16:55:01.748: W/Conscrypt(4081): 	at com.google.android.gms.org.conscrypt.ConscryptFileDescriptorSocket.setSoWriteTimeout(:com.google.android.gms@16790048@16.7.90 (120408-241364873):2)
06-05 16:55:01.751: W/DynamiteModule(4081): Local module descriptor class for providerinstaller not found.
06-05 16:55:01.751: I/DynamiteModule(4081): Considering local module providerinstaller:0 and remote module providerinstaller:0
06-05 16:55:01.751: W/ProviderInstaller(4081): Failed to load providerinstaller module: No acceptable module found. Local version is 0 and remote version is 0.
06-05 16:55:01.751: D/UsageStatsDatabase(1371): endTime(1559753489100) <= beginTime(1559778901737)
06-05 16:55:01.753: I/Icing(4081): Usage reports ok 0, Failed Usage reports 0, indexed 0, rejected 0, imm upload false
06-05 16:55:01.763: W/DynamiteModule(4081): Local module descriptor class for providerinstaller not found.
06-05 16:55:01.763: I/DynamiteModule(4081): Considering local module providerinstaller:0 and remote module providerinstaller:0
06-05 16:55:01.763: W/ProviderInstaller(4081): Failed to load providerinstaller module: No acceptable module found. Local version is 0 and remote version is 0.
06-05 16:55:01.764: I/dex2oat(19549): dex2oat took 436.438ms (912.871ms cpu) (threads: 8) arena alloc=16KB (16624B) java alloc=16KB (17144B) native alloc=5007KB (5127744B) free=784KB (803264B)
06-05 16:55:01.769: V/installd(995): DexInv: --- END '/data/app/com.google.android.gmscore.testing.testsupport-1e7PmH93geF3U2UMg4EWxg==/base.apk' (success) ---
06-05 16:55:01.771: I/netd(829): trafficSetNetPermForUids(0, [10218]) <0.07802000000000001ms>
06-05 16:55:01.771: I/netd(829): [ 06-05 16:55:01.772   995:  995 E/         ]
06-05 16:55:01.771: I/netd(829): Couldn't opendir /data/app/vmdl1469864212.tmp: No such file or directory
06-05 16:55:01.772: E/installd(995): Failed to delete /data/app/vmdl1469864212.tmp: No such file or directory
06-05 16:55:01.785: W/DynamiteModule(4081): Local module descriptor class for providerinstaller not found.
06-05 16:55:01.786: I/DynamiteModule(4081): Considering local module providerinstaller:0 and remote module providerinstaller:0
06-05 16:55:01.786: W/ProviderInstaller(4081): Failed to load providerinstaller module: No acceptable module found. Local version is 0 and remote version is 0.
06-05 16:55:01.804: I/RoleManagerService(1371): Granting default permissions...
06-05 16:55:01.807: I/RoleControllerServiceImpl(19479): Granting default roles, user: 0
06-05 16:55:01.810: I/InputReader(1371): Reconfiguring input devices.  changes=0x00000010
06-05 16:55:01.811: D/BluetoothMapAppObserver(3271): onReceive
06-05 16:55:01.811: D/BluetoothMapAppObserver(3271): The installed package is: com.google.android.gmscore.testing.testsupport
06-05 16:55:01.811: W/BroadcastQueue(1371): Background execution not allowed: receiving Intent { act=android.intent.action.PACKAGE_ADDED dat=package:com.google.android.gmscore.testing.testsupport flg=0x4000010 (has extras) } to com.google.android.packageinstaller/com.android.packageinstaller.PackageInstalledReceiver
06-05 16:55:01.811: W/BroadcastQueue(1371): Background execution not allowed: receiving Intent { act=android.intent.action.PACKAGE_ADDED dat=package:com.google.android.gmscore.testing.testsupport flg=0x4000010 (has extras) } to com.android.musicfx/.Compatibility$Receiver
06-05 16:55:01.811: W/BroadcastQueue(1371): Background execution not allowed: receiving Intent { act=android.intent.action.PACKAGE_ADDED dat=package:com.google.android.gmscore.testing.testsupport flg=0x4000010 (has extras) } to com.android.vending/com.google.android.finsky.packagemanager.impl.PackageMonitorReceiverImpl$RegisteredReceiver
06-05 16:55:01.811: W/BroadcastQueue(1371): Background execution not allowed: receiving Intent { act=android.intent.action.PACKAGE_ADDED dat=package:com.google.android.gmscore.testing.testsupport flg=0x4000010 (has extras) } to com.google.android.gms/.games.chimera.GamesSystemBroadcastReceiverProxy
06-05 16:55:01.811: W/BroadcastQueue(1371): Background execution not allowed: receiving Intent { act=android.intent.action.PACKAGE_ADDED dat=package:com.google.android.gmscore.testing.testsupport flg=0x4000010 (has extras) } to com.google.android.gms/.gass.chimera.PackageChangeBroadcastReceiver
06-05 16:55:01.811: W/BroadcastQueue(1371): Background execution not allowed: receiving Intent { act=android.intent.action.PACKAGE_ADDED dat=package:com.google.android.gmscore.testing.testsupport flg=0x4000010 (has extras) } to com.google.android.gms/.chimera.GmsIntentOperationService$PersistentTrustedReceiver
06-05 16:55:01.811: W/BroadcastQueue(1371): Background execution not allowed: receiving Intent { act=android.intent.action.PACKAGE_ADDED dat=package:com.google.android.gmscore.testing.testsupport flg=0x4000010 (has extras) } to com.google.android.googlequicksearchbox/com.google.android.apps.gsa.googlequicksearchbox.GelStubAppWatcher
06-05 16:55:01.812: W/BroadcastQueue(1371): Background execution not allowed: receiving Intent { act=android.intent.action.PACKAGE_ADDED dat=package:com.google.android.gmscore.testing.testsupport flg=0x4000010 (has extras) } to com.google.android.ims/.receivers.RcsAutoStartReceiver
06-05 16:55:01.812: I/Finsky(12728): [2] com.google.android.finsky.packagemanager.impl.PackageMonitorReceiverImpl.a(4): PackageMonitor received: android.intent.action.PACKAGE_ADDED
06-05 16:55:01.813: D/BluetoothMapAppObserver(3271): Found 0 application(s) with intent android.bluetooth.action.BLUETOOTH_MAP_PROVIDER
06-05 16:55:01.813: D/BluetoothMapAppObserver(3271): Found 0 application(s) with intent android.bluetooth.action.BLUETOOTH_MAP_IM_PROVIDER
06-05 16:55:01.814: V/AvrcpMediaPlayerList(3271): mPackageChangedBroadcastReceiver: action: android.intent.action.PACKAGE_ADDED
06-05 16:55:01.814: D/AvrcpMediaPlayerList(3271): Name of package changed: com.google.android.gmscore.testing.testsupport
06-05 16:55:01.816: I/Finsky(12728): [2] vcd.a(11): Do not start WearSupportService due to Wear service optimization
06-05 16:55:01.817: I/GmsModuleFndr(4081): Beginning GMS chimera module scan
06-05 16:55:01.819: I/Finsky(12728): [2] vcd.a(11): Do not start WearSupportService due to Wear service optimization
06-05 16:55:01.820: I/Finsky(12728): [312] knw.run(2): Cleaning dev-triggered-update data on package install for com.google.android.gmscore.testing.testsupport.
06-05 16:55:01.821: D/RegisteredNfcFServicesCache(4392): Service unchanged, not updating
06-05 16:55:01.827: I/Finsky(12728): [2] mzy.b(2): Frosting ID looked up on UI thread. Caller should move to a background thread.
06-05 16:55:01.827: I/ModuleSetMgr(4081): Computing pending module set with APKs: {file:///product/priv-app/PrebuiltGmsCore/m/independent/AndroidPlatformServices.apk, file:///product/priv-app/PrebuiltGmsCore/PrebuiltGmsCoreQt.apk}
06-05 16:55:01.828: I/ModuleSetUtils(4081): Assembling ModuleSetRecord for container:16790: []
06-05 16:55:01.828: I/ModuleSetMgr(4081): Pending container Zapp APKs: []
06-05 16:55:01.828: I/ModuleSetMgr(4081): Pending non-container Zapp APKs: []
06-05 16:55:01.831: E//system/bin/idmap2d(991): overlay "/product/overlay/ChinaMobileFrameworksRes/ChinaMobileFrameworksRes.apk" does not successfully overlay any resource
06-05 16:55:01.837: I/Finsky(12728): [314] kny.run(2): Finished dev-triggered-update cleaning.
06-05 16:55:01.839: E/PhoneInterfaceManager(3723): [PhoneIntfMgr] getCarrierPackageNamesForIntent: No UICC
06-05 16:55:01.839: D/CarrierSvcBindHelper(3723): No carrier app for: 0
06-05 16:55:01.840: I/Finsky(12728): [2] ikb.run(4): Package state data is missing for com.google.android.gmscore.testing.testsupport
06-05 16:55:01.840: I/Finsky(12728): [313] mzx.run(16): Wrote row to frosting DB: 333
06-05 16:55:01.845: E/VvmPkgInstalledRcvr(3723): cannot create TelephonyManager from ComponentInfo{com.android.phone/com.android.services.telephony.TelephonyConnectionService}, ***, UserHandle{0}
06-05 16:55:01.845: D/ImsResolver(3723): maybeAddedImsService, packageName: com.google.android.gmscore.testing.testsupport
06-05 16:55:01.846: D/CarrierConfigLoader(3723): mHandler: 9 phoneId: 0
06-05 16:55:01.850: I/zygote64(863): Ignoring open file descriptor 32
06-05 16:55:01.853: I/Telecom(1371): DefaultDialerCache: Refreshing default dialer for user 0: now com.google.android.dialer: DDC.oR@AaI
06-05 16:55:01.858: D/Zygote(863): Forked child process 19581
06-05 16:55:01.862: W/main(19581): type=1400 audit(0.0:519): avc: granted { read } for name="u:object_r:net_dns_prop:s0" dev="tmpfs" ino=19109 scontext=u:r:untrusted_app_25:s0:c512,c768 tcontext=u:object_r:net_dns_prop:s0 tclass=file
06-05 16:55:01.864: E/ExecutionCriteria(3898): Package unavailable for task: com.google.android.apps.gcs/.service.GcsTaskService{u=0 tag="WfaEliRefreshTask" trigger=window{start=0s,end=30s,earliest=-111773s,latest=-111743s} requirements=[NET_CONNECTED] attributes=[] scheduled=-111773s last_run=N/A jid=N/A status=PENDING retries=0 client_lib=MANCHEGO_GCM-11732000}
06-05 16:55:01.865: W/MessageQueue(1371): Handler (com.android.server.backup.internal.BackupHandler) {7780d59} sending message to a Handler on a dead thread
06-05 16:55:01.865: W/MessageQueue(1371): java.lang.IllegalStateException: Handler (com.android.server.backup.internal.BackupHandler) {7780d59} sending message to a Handler on a dead thread
06-05 16:55:01.865: W/MessageQueue(1371): 	at android.os.MessageQueue.enqueueMessage(MessageQueue.java:558)
06-05 16:55:01.865: W/MessageQueue(1371): 	at android.os.Handler.enqueueMessage(Handler.java:754)
06-05 16:55:01.865: W/MessageQueue(1371): 	at android.os.Handler.sendMessageAtTime(Handler.java:703)
06-05 16:55:01.865: W/MessageQueue(1371): 	at android.os.Handler.sendMessageDelayed(Handler.java:673)
06-05 16:55:01.865: W/MessageQueue(1371): 	at android.os.Handler.post(Handler.java:403)
06-05 16:55:01.865: W/MessageQueue(1371): 	at com.android.server.backup.UserBackupManagerService.writeFullBackupScheduleAsync(UserBackupManagerService.java:1020)
06-05 16:55:01.865: W/MessageQueue(1371): 	at com.android.server.backup.UserBackupManagerService.access$1000(UserBackupManagerService.java:169)
06-05 16:55:01.865: W/MessageQueue(1371): 	at com.android.server.backup.UserBackupManagerService$2.onReceive(UserBackupManagerService.java:1242)
06-05 16:55:01.865: W/MessageQueue(1371): 	at android.app.LoadedApk$ReceiverDispatcher$Args.lambda$getRunnable$0$LoadedApk$ReceiverDispatcher$Args(LoadedApk.java:1559)
06-05 16:55:01.865: W/MessageQueue(1371): 	at android.app.-$$Lambda$LoadedApk$ReceiverDispatcher$Args$_BumDX2UKsnxLVrE6UJsJZkotuA.run(Unknown Source:2)
06-05 16:55:01.865: W/MessageQueue(1371): 	at android.os.Handler.handleCallback(Handler.java:883)
06-05 16:55:01.865: W/MessageQueue(1371): 	at android.os.Handler.dispatchMessage(Handler.java:100)
06-05 16:55:01.865: W/MessageQueue(1371): 	at android.os.Looper.loop(Looper.java:214)
06-05 16:55:01.865: W/MessageQueue(1371): 	at com.android.server.SystemServer.run(SystemServer.java:541)
06-05 16:55:01.865: W/MessageQueue(1371): 	at com.android.server.SystemServer.main(SystemServer.java:349)
06-05 16:55:01.865: W/MessageQueue(1371): 	at java.lang.reflect.Method.invoke(Native Method)
06-05 16:55:01.865: W/MessageQueue(1371): 	at com.android.internal.os.RuntimeInit$MethodAndArgsCaller.run(RuntimeInit.java:492)
06-05 16:55:01.865: W/MessageQueue(1371): 	at com.android.internal.os.ZygoteInit.main(ZygoteInit.java:903)
06-05 16:55:01.865: W/MessageQueue(1371): Handler (com.android.server.backup.internal.BackupHandler) {7780d59} sending message to a Handler on a dead thread
06-05 16:55:01.865: W/MessageQueue(1371): java.lang.IllegalStateException: Handler (com.android.server.backup.internal.BackupHandler) {7780d59} sending message to a Handler on a dead thread
06-05 16:55:01.865: W/MessageQueue(1371): 	at android.os.MessageQueue.enqueueMessage(MessageQueue.java:558)
06-05 16:55:01.865: W/MessageQueue(1371): 	at android.os.Handler.enqueueMessage(Handler.java:754)
06-05 16:55:01.865: W/MessageQueue(1371): 	at android.os.Handler.sendMessageAtTime(Handler.java:703)
06-05 16:55:01.865: W/MessageQueue(1371): 	at android.os.Handler.sendMessageDelayed(Handler.java:673)
06-05 16:55:01.865: W/MessageQueue(1371): 	at android.os.Handler.post(Handler.java:403)
06-05 16:55:01.865: W/MessageQueue(1371): 	at com.android.server.backup.UserBackupManagerService$2.onReceive(UserBackupManagerService.java:1245)
06-05 16:55:01.865: W/MessageQueue(1371): 	at android.app.LoadedApk$ReceiverDispatcher$Args.lambda$getRunnable$0$LoadedApk$ReceiverDispatcher$Args(LoadedApk.java:1559)
06-05 16:55:01.865: W/MessageQueue(1371): 	at android.app.-$$Lambda$LoadedApk$ReceiverDispatcher$Args$_BumDX2UKsnxLVrE6UJsJZkotuA.run(Unknown Source:2)
06-05 16:55:01.865: W/MessageQueue(1371): 	at android.os.Handler.handleCallback(Handler.java:883)
06-05 16:55:01.865: W/MessageQueue(1371): 	at android.os.Handler.dispatchMessage(Handler.java:100)
06-05 16:55:01.865: W/MessageQueue(1371): 	at android.os.Looper.loop(Looper.java:214)
06-05 16:55:01.865: W/MessageQueue(1371): 	at com.android.server.SystemServer.run(SystemServer.java:541)
06-05 16:55:01.865: W/MessageQueue(1371): 	at com.android.server.SystemServer.main(SystemServer.java:349)
06-05 16:55:01.865: W/MessageQueue(1371): 	at java.lang.reflect.Method.invoke(Native Method)
06-05 16:55:01.865: W/MessageQueue(1371): 	at com.android.internal.os.RuntimeInit$MethodAndArgsCaller.run(RuntimeInit.java:492)
06-05 16:55:01.865: W/MessageQueue(1371): 	at com.android.internal.os.ZygoteInit.main(ZygoteInit.java:903)
06-05 16:55:01.865: E/ExecutionCriteria(3898): Package unavailable for task: com.google.android.videos/com.google.android.apps.play.movies.common.service.drm.RefreshLicenseTaskService{u=0 tag="refresh_license_forced" trigger=window{start=3600s,end=10800s,earliest=-108179s,latest=-100979s} requirements=[NET_CONNECTED] attributes=[] scheduled=-111779s last_run=N/A jid=N/A status=PENDING retries=0 client_lib=MANCHEGO_GCM-10400000}
06-05 16:55:01.865: E/ExecutionCriteria(3898): Package unavailable for task: com.google.android.videos/com.google.android.apps.play.movies.common.FlushLogsTaskService{u=0 tag="flush_logs" trigger=window{period=86400s,flex=57600s,earliest=-82979s,latest=-25379s} requirements=[NET_UNMETERED,CHARGING] attributes=[PERSISTED,RECURRING] scheduled=-111779s last_run=N/A jid=N/A status=PENDING retries=0 client_lib=MANCHEGO_GCM-10400000}
06-05 16:55:01.868: I/ActivityManager(1371): Start proc 19581:com.google.android.gmscore.testing.testsupport/u0a218 for service com.google.android.gmscore.testing.testsupport/.CommandService
06-05 16:55:01.870: E/ing.testsuppor(19581): Not starting debugger since process cannot load the jdwp agent.
06-05 16:55:01.895: I/ing.testsuppor(19581): The ClassLoaderContext is a special shared library.
06-05 16:55:01.912: I/TSDRIVER(19581): CommandService onHandleIntent()
06-05 16:55:01.912: I/TSDRIVER(19581): Got command: PACKAGE
06-05 16:55:01.916: I/TSDRIVER(19581): flag package: Eglnc2VydmljZXMaLAooZmluc2t5LnBsYXlfc2VydmljZXNfYXV0b191cGRhdGVfZW5hYmxlZBgAGjUKMWZpbnNreS5zZXR1cF93aXphcmRfYWRkaXRpb25hbF9hY2NvdW50X3ZwYV9lbmFibGUYABoxCi1maW5za3kuZGFpbHlfaHlnaWVuZV9zY2hlZHVsZV91bmF1dGhlbnRpY2F0ZWQYAA
06-05 16:55:01.920: I/TSDRIVER(19581): flag package: gservices
06-05 16:55:01.923: I/brella.TrainingTaskService(4955): onCreate()
06-05 16:55:01.927: E/GooglePlayServicesUtil(19581): The Google Play services resources were not found. Check your project configuration to ensure that the resources are included.
06-05 16:55:01.938: E/ExecutionCriteria(3898): Package unavailable for task: com.google.android.apps.gcs/.service.GcsTaskService{u=0 tag="WfaStateTask" trigger=window{period=518400s,flex=86400s,earliest=320217s,latest=406617s} requirements=[NET_ANY] attributes=[PERSISTED,RECURRING] scheduled=-111782s last_run=N/A jid=N/A status=PENDING retries=0 client_lib=MANCHEGO_GCM-11732000}
06-05 16:55:01.945: I/zygote64(863): Ignoring open file descriptor 32
06-05 16:55:01.953: W/Primes(4081): Primes not initialized, returning default (no-op) Primes instance which will ignore all calls. Please call Primes.initialize(...) before using any Primes API.
06-05 16:55:01.953: D/Zygote(863): Forked child process 19606
06-05 16:55:01.956: I/ActivityManager(1371): Start proc 19606:com.google.android.inputmethod.latin/u0a202 for service com.google.android.inputmethod.latin/com.firebase.jobdispatcher.GooglePlayReceiver
06-05 16:55:01.966: I/system_server(1371): Background concurrent copying GC freed 111614(5951KB) AllocSpace objects, 34(2412KB) LOS objects, 42% free, 18MB/31MB, paused 131us total 189.642ms
06-05 16:55:01.975: E/putmethod.lati(19606): Not starting debugger since process cannot load the jdwp agent.
06-05 16:55:01.994: I/DynamiteModule(4081): Considering local module com.google.android.gms.googlecertificates:4 and remote module com.google.android.gms.googlecertificates:4
06-05 16:55:01.994: I/DynamiteModule(4081): Selected local version of com.google.android.gms.googlecertificates
06-05 16:55:01.999: D/ApplicationLoaders(19606): Returning zygote-cached class loader: /system/framework/android.hidl.base-V1.0-java.jar
06-05 16:55:01.999: D/ApplicationLoaders(19606): Returning zygote-cached class loader: /system/framework/android.hidl.manager-V1.0-java.jar
06-05 16:55:01.999: D/ApplicationLoaders(19606): Returning zygote-cached class loader: /system/framework/android.hidl.base-V1.0-java.jar
06-05 16:55:02.048: I/brella.TrainingTaskService(4955): server uri is 'https://federatedml-pa.googleapis.com'
06-05 16:55:02.063: I/LatinApp(19606): set BrellaInit fields for in-app training.
06-05 16:55:02.083: D/ConnectivityService(1371): requestNetwork for uid/pid:10202/19606 NetworkRequest [ TRACK_DEFAULT id=152, [ Capabilities: INTERNET&NOT_RESTRICTED&TRUSTED Uid: 10202] ]
06-05 16:55:02.084: D/UntrustedWifiNetworkFactory(1371): got request NetworkRequest [ TRACK_DEFAULT id=152, [ Capabilities: INTERNET&NOT_RESTRICTED&TRUSTED Uid: 10202] ] with score 60 and serial -1
06-05 16:55:02.084: D/WifiNetworkFactory(1371): got request NetworkRequest [ TRACK_DEFAULT id=152, [ Capabilities: INTERNET&NOT_RESTRICTED&TRUSTED Uid: 10202] ] with score 60 and serial -1
06-05 16:55:02.084: D/WIFI_AWARE_FACTORY(1371): got request NetworkRequest [ TRACK_DEFAULT id=152, [ Capabilities: INTERNET&NOT_RESTRICTED&TRUSTED Uid: 10202] ] with score 60 and serial -1
06-05 16:55:02.084: D/Ethernet(1371): got request NetworkRequest [ TRACK_DEFAULT id=152, [ Capabilities: INTERNET&NOT_RESTRICTED&TRUSTED Uid: 10202] ] with score 60 and serial -1
06-05 16:55:02.084: D/PhoneSwitcherNetworkRequstListener(3723): got request NetworkRequest [ TRACK_DEFAULT id=152, [ Capabilities: INTERNET&NOT_RESTRICTED&TRUSTED Uid: 10202] ] with score 60 and serial -1
06-05 16:55:02.097: I/TransientFileCleaner(19606): Deleting 0 files
06-05 16:55:02.097: I/TransientFileCleaner(19606): Deleting 0 files
06-05 16:55:02.099: I/LatinApp(19606): initialize()
06-05 16:55:02.102: I/ConfigNotification(19606): Get device mode by ui mode:1 and smallestScreenWidthDp:392
06-05 16:55:02.102: I/chatty(19606): uid=10202(com.google.android.inputmethod.latin) identical 1 line
06-05 16:55:02.103: I/ConfigNotification(19606): Get device mode by ui mode:1 and smallestScreenWidthDp:392
06-05 16:55:02.106: I/TransientFileCleaner(19606): Deleting 0 files
06-05 16:55:02.110: I/LauncherIconVisibility(19606): doUpdate() : Visible = false
06-05 16:55:02.113: I/AndroidIME(19606): device protected preferences are migrated
06-05 16:55:02.118: I/UrgentSignal(19606): getInstance(): Creating UrgentSignalsProcessor instance
06-05 16:55:02.120: E/putmethod.lati(19606): No implementation found for boolean com.google.android.apps.inputmethod.libs.trainingcache.tiresias.TiresiasNativePipe.nativeInit() (tried Java_com_google_android_apps_inputmethod_libs_trainingcache_tiresias_TiresiasNativePipe_nativeInit and Java_com_google_android_apps_inputmethod_libs_trainingcache_tiresias_TiresiasNativePipe_nativeInit__)
06-05 16:55:02.127: W/ExecutorUtils(19606): createScheduledExecutorService(): name[PhenotypeExpConfig] exceeds limit
06-05 16:55:02.131: I/ConfigNotification(19606): Get device mode by ui mode:1 and smallestScreenWidthDp:392
06-05 16:55:02.131: W/PhenotypeExpConfig(19606): Type of flag delight_metadata_launch_tag should be [5], got [4]
06-05 16:55:02.131: W/PhenotypeExpConfig(19606): Type of flag delight_metadata_uri should be [5], got [4]
06-05 16:55:02.131: W/PhenotypeExpConfig(19606): Type of flag delight_overrides_metadata_uri should be [5], got [4]
06-05 16:55:02.132: I/PhenotypeExpConfig(19606): refreshConfiguration() : Force = true : UpdateAvailable = false : Age = 58 minutes : MaxAge = 720 minutes
06-05 16:55:02.132: I/SuperDelight(19606): initializeDelightSuperpacks()
06-05 16:55:02.133: I/SuperDelight(19606): getDelightMetadataUriAndVersion(): Phenotype : 20190514 : https://www.gstatic.com/android/keyboard/dictionarypack/Yehu-normal/metadata.json
06-05 16:55:02.134: I/PhenotypeIme(19606): RegisterTask.registerWithPhenotype() : com.google.android.inputmethod.latin : 26821114
06-05 16:55:02.137: I/SuperpacksMgr(19606): initializeInternal()
06-05 16:55:02.144: I/ModuleManager(19606): Unexpected key 'preloaded_fonts' does not match 'module:'
06-05 16:55:02.144: I/ModuleManager(19606): Unexpected key 'com.google.android.partnersetup.RLZ_BOUNTY_ACCESS_POINT' does not match 'module:'
06-05 16:55:02.151: W/DynamiteModule(19606): Local module descriptor class for com.google.android.gms.googlecertificates not found.
06-05 16:55:02.166: W/putmethod.lati(19606): Unsupported class loader
06-05 16:55:02.180: I/DynamiteModule(19606): Considering local module com.google.android.gms.googlecertificates:0 and remote module com.google.android.gms.googlecertificates:4
06-05 16:55:02.180: I/DynamiteModule(19606): Selected remote version of com.google.android.gms.googlecertificates, version >= 4
06-05 16:55:02.198: I/Auth(4081): [SupervisedAccountIntentOperation] onHandleIntent(): android.intent.action.PACKAGE_ADDED
06-05 16:55:02.198: I/Auth(4081): [SupervisedAccountIntentOperation] This operation is disabled
06-05 16:55:02.198: I/ChromeSync(4081): [Sync,SyncIntentOperation] Handling the intent: Intent { act=android.intent.action.PACKAGE_ADDED dat=package:com.google.android.gmscore.testing.testsupport flg=0x4000010 cmp=com.google.android.gms/.chimera.GmsIntentOperationService (has extras) }.
06-05 16:55:02.199: I/AppsUpload(4081): Received intent with action android.intent.action.PACKAGE_ADDED
06-05 16:55:02.200: I/DictSuperpacksManager(19606): onEnabledInputMethodEntriesChanged
06-05 16:55:02.207: I/ModuleManager(19606): Unexpected key 'com.google.android.backup.api_key' does not match 'module:'
06-05 16:55:02.208: W/PeopleContactsSync(4081): CP2 sync disabled by gservices.
06-05 16:55:02.213: I/FirebaseJobDispatcher(19606): onStartJob(): PeriodicContextualMetrics.
06-05 16:55:02.217: I/OD-RecognizerModule(19606): onCreate()
06-05 16:55:02.217: I/SpeechPackManager(19606): registering the speech pack manifest : 20181012
06-05 16:55:02.218: I/PContextMetricsRunner(19606): call()
06-05 16:55:02.221: I/ModuleManager(19606): Unexpected key 'com.google.android.gms.version' does not match 'module:'
06-05 16:55:02.222: W/PrimesInit(19606): Primes instant initialization
06-05 16:55:02.222: I/PContextMetricsRunner(19606): call() : Finished in 5 ms
06-05 16:55:02.223: I/Icing(4081): IndexChimeraService.getServiceInterface callingPackage=com.google.android.gms componentName=AppsCorpus serviceId=SEARCH_CORPORA
06-05 16:55:02.224: I/Icing(4081): IndexChimeraService.getServiceInterface callingPackage=com.google.android.gms componentName=AppsCorpus serviceId=SEARCH_QUERIES
06-05 16:55:02.234: I/ShortcutsDataManager(19606): onContentChanged()
06-05 16:55:02.236: I/ContactsDataManager(19606): onContentChanged()
06-05 16:55:02.236: I/ModuleManager(19606): initializeModules() : WaitTime = 1 ms : RunTime = 136 ms
06-05 16:55:02.237: W/Primes(19606): background initialization
06-05 16:55:02.240: I/EmailDataManager(19606): onContentChanged()
06-05 16:55:02.241: D/UsageStatsDatabase(1371): endTime(1559753489100) <= beginTime(1559778901749)
06-05 16:55:02.242: I/Icing(4081): Usage reports ok 0, Failed Usage reports 0, indexed 0, rejected 0, imm upload false
06-05 16:55:02.254: I/RoleUserState(1371): Wrote roles.xml successfully
06-05 16:55:02.254: I/Icing(4081): Usage reports ok 0, Failed Usage reports 0, indexed 0, rejected 0, imm upload false
06-05 16:55:02.267: I/PrimesTesting(19606): GserviceFlagsSupplier.get()
06-05 16:55:02.272: I/FirebaseJobDispatcher(19606): Task: PeriodicContextualMetrics successes.
06-05 16:55:02.286: E/ExecutionCriteria(3898): Package unavailable for task: com.google.android.apps.gcs/.service.GcsTaskService{u=0 tag="WfaEliRefreshTask" trigger=window{start=0s,end=30s,earliest=-111774s,latest=-111744s} requirements=[NET_CONNECTED] attributes=[] scheduled=-111774s last_run=N/A jid=N/A status=PENDING retries=0 client_lib=MANCHEGO_GCM-11732000}
06-05 16:55:02.286: E/ExecutionCriteria(3898): Package unavailable for task: com.google.android.videos/com.google.android.apps.play.movies.common.service.drm.RefreshLicenseTaskService{u=0 tag="refresh_license_forced" trigger=window{start=3600s,end=10800s,earliest=-108180s,latest=-100980s} requirements=[NET_CONNECTED] attributes=[] scheduled=-111780s last_run=N/A jid=N/A status=PENDING retries=0 client_lib=MANCHEGO_GCM-10400000}
06-05 16:55:02.286: E/ExecutionCriteria(3898): Package unavailable for task: com.google.android.videos/com.google.android.apps.play.movies.common.FlushLogsTaskService{u=0 tag="flush_logs" trigger=window{period=86400s,flex=57600s,earliest=-82980s,latest=-25380s} requirements=[NET_UNMETERED,CHARGING] attributes=[PERSISTED,RECURRING] scheduled=-111780s last_run=N/A jid=N/A status=PENDING retries=0 client_lib=MANCHEGO_GCM-10400000}
06-05 16:55:02.306: E/ExecutionCriteria(3898): Package unavailable for task: com.google.android.apps.gcs/.service.GcsTaskService{u=0 tag="WfaStateTask" trigger=window{period=518400s,flex=86400s,earliest=320216s,latest=406616s} requirements=[NET_ANY] attributes=[PERSISTED,RECURRING] scheduled=-111783s last_run=N/A jid=N/A status=PENDING retries=0 client_lib=MANCHEGO_GCM-11732000}
06-05 16:55:02.556: I/amvm(3898): Scheduling Phenotype for a PhenotypeSyncImmediately(6, com.google.android.gms.testsupport) one off with window [1, 2] in seconds [CONTEXT service_id=51 ]
06-05 16:55:02.580: I/PhenotypeIme(19606): FetchConfigurationTask.fetchConfiguration() : com.google.android.inputmethod.latin
06-05 16:55:02.592: I/TestSupport(4081): Activated: 1559631600000@1559778901555
06-05 16:55:02.592: I/TestSupport(4081): Boot time: 1559667068067
06-05 16:55:02.593: I/TestSupport(4081): Passing package and signature checks: com.google.android.gmscore.testing.testsupport
06-05 16:55:02.612: I/TestSupport(4081): SetOverrideOperation: finsky.play_services_auto_update_enabled = false
06-05 16:55:02.679: I/GservicesProvider(4638): override update completed
06-05 16:55:02.685: I/zygote64(863): Ignoring open file descriptor 32
06-05 16:55:02.694: D/Zygote(863): Forked child process 19685
06-05 16:55:02.696: I/ActivityManager(1371): Start proc 19685:com.google.android.ims/u0a145 for broadcast com.google.android.ims/.receivers.RcsAutoStartReceiver
06-05 16:55:02.700: E/gle.android.im(19685): Not starting debugger since process cannot load the jdwp agent.
06-05 16:55:02.710: E/ExecutionCriteria(3898): Package unavailable for task: com.google.android.apps.gcs/.service.GcsTaskService{u=0 tag="WfaEliRefreshTask" trigger=window{start=0s,end=30s,earliest=-111774s,latest=-111744s} requirements=[NET_CONNECTED] attributes=[] scheduled=-111774s last_run=N/A jid=N/A status=PENDING retries=0 client_lib=MANCHEGO_GCM-11732000}
06-05 16:55:02.711: E/ExecutionCriteria(3898): Package unavailable for task: com.google.android.videos/com.google.android.apps.play.movies.common.service.drm.RefreshLicenseTaskService{u=0 tag="refresh_license_forced" trigger=window{start=3600s,end=10800s,earliest=-108180s,latest=-100980s} requirements=[NET_CONNECTED] attributes=[] scheduled=-111780s last_run=N/A jid=N/A status=PENDING retries=0 client_lib=MANCHEGO_GCM-10400000}
06-05 16:55:02.711: E/ExecutionCriteria(3898): Package unavailable for task: com.google.android.videos/com.google.android.apps.play.movies.common.FlushLogsTaskService{u=0 tag="flush_logs" trigger=window{period=86400s,flex=57600s,earliest=-82980s,latest=-25380s} requirements=[NET_UNMETERED,CHARGING] attributes=[PERSISTED,RECURRING] scheduled=-111780s last_run=N/A jid=N/A status=PENDING retries=0 client_lib=MANCHEGO_GCM-10400000}
06-05 16:55:02.719: E/ExecutionCriteria(3898): Package unavailable for task: com.google.android.apps.gcs/.service.GcsTaskService{u=0 tag="WfaStateTask" trigger=window{period=518400s,flex=86400s,earliest=320216s,latest=406616s} requirements=[NET_ANY] attributes=[PERSISTED,RECURRING] scheduled=-111783s last_run=N/A jid=N/A status=PENDING retries=0 client_lib=MANCHEGO_GCM-11732000}
06-05 16:55:02.724: I/Icing(4081): Indexing com.google.android.gms-apps from com.google.android.gms
06-05 16:55:02.727: D/ApplicationLoaders(19685): Returning zygote-cached class loader: /system/framework/android.hidl.base-V1.0-java.jar
06-05 16:55:02.727: D/ApplicationLoaders(19685): Returning zygote-cached class loader: /system/framework/android.hidl.manager-V1.0-java.jar
06-05 16:55:02.727: D/ApplicationLoaders(19685): Returning zygote-cached class loader: /system/framework/android.hidl.base-V1.0-java.jar
06-05 16:55:02.729: I/gle.android.im(19685): The ClassLoaderContext is a special shared library.
06-05 16:55:02.733: I/Icing(4081): Indexing done com.google.android.gms-apps
06-05 16:55:02.742: E/ResolverController(829): No valid NAT64 prefix (100,<unspecified>/0)
06-05 16:55:02.746: W/putmethod.lati(19606): Verification of void q.c() took 396.735ms
06-05 16:55:02.749: W/Conscrypt(3898): Could not set socket write timeout: java.net.SocketException: Socket closed
06-05 16:55:02.749: W/Conscrypt(3898): 	at com.google.android.gms.org.conscrypt.Platform.setSocketWriteTimeout(:com.google.android.gms@16790048@16.7.90 (120408-241364873):2)
06-05 16:55:02.749: W/Conscrypt(3898): 	at com.google.android.gms.org.conscrypt.ConscryptFileDescriptorSocket.setSoWriteTimeout(:com.google.android.gms@16790048@16.7.90 (120408-241364873):2)
06-05 16:55:02.773: W/Conscrypt(3898): Could not set socket write timeout: java.net.SocketException: Socket closed
06-05 16:55:02.773: W/Conscrypt(3898): 	at com.google.android.gms.org.conscrypt.Platform.setSocketWriteTimeout(:com.google.android.gms@16790048@16.7.90 (120408-241364873):2)
06-05 16:55:02.773: W/Conscrypt(3898): 	at com.google.android.gms.org.conscrypt.ConscryptFileDescriptorSocket.setSoWriteTimeout(:com.google.android.gms@16790048@16.7.90 (120408-241364873):2)
06-05 16:55:02.776: I/CarrierServices(19685): [2] CarrierServicesReleaseApp.a: Initializing CarrierServices application.
06-05 16:55:02.778: I/CarrierServices(19685): [2] bge.a: Initializing Carrier Services Library.
06-05 16:55:02.813: I/CarrierServices(19685): [2] bge.b: Initializing Carrier Services Logging.
06-05 16:55:02.837: E/ExecutionCriteria(3898): Package unavailable for task: com.google.android.apps.gcs/.service.GcsTaskService{u=0 tag="WfaEliRefreshTask" trigger=window{start=0s,end=30s,earliest=-111774s,latest=-111744s} requirements=[NET_CONNECTED] attributes=[] scheduled=-111774s last_run=N/A jid=N/A status=PENDING retries=0 client_lib=MANCHEGO_GCM-11732000}
06-05 16:55:02.838: E/ExecutionCriteria(3898): Package unavailable for task: com.google.android.videos/com.google.android.apps.play.movies.common.service.drm.RefreshLicenseTaskService{u=0 tag="refresh_license_forced" trigger=window{start=3600s,end=10800s,earliest=-108180s,latest=-100980s} requirements=[NET_CONNECTED] attributes=[] scheduled=-111780s last_run=N/A jid=N/A status=PENDING retries=0 client_lib=MANCHEGO_GCM-10400000}
06-05 16:55:02.838: E/ExecutionCriteria(3898): Package unavailable for task: com.google.android.videos/com.google.android.apps.play.movies.common.FlushLogsTaskService{u=0 tag="flush_logs" trigger=window{period=86400s,flex=57600s,earliest=-82980s,latest=-25380s} requirements=[NET_UNMETERED,CHARGING] attributes=[PERSISTED,RECURRING] scheduled=-111780s last_run=N/A jid=N/A status=PENDING retries=0 client_lib=MANCHEGO_GCM-10400000}
06-05 16:55:02.843: E/ExecutionCriteria(3898): Package unavailable for task: com.google.android.apps.gcs/.service.GcsTaskService{u=0 tag="WfaStateTask" trigger=window{period=518400s,flex=86400s,earliest=320216s,latest=406616s} requirements=[NET_ANY] attributes=[PERSISTED,RECURRING] scheduled=-111783s last_run=N/A jid=N/A status=PENDING retries=0 client_lib=MANCHEGO_GCM-11732000}
06-05 16:55:02.850: I/dhw(19685): LogSaver new instance with filename: carrier_services
06-05 16:55:02.867: I/CarrierServices(19685): [2] bge.b: Initializing Carrier Services Logging.
06-05 16:55:02.872: D/CarrierServices(19685): log_saver already enabled
06-05 16:55:02.873: I/CarrierServices(19685): [2] dda.c: Checking if using CarrierServices.apk is possible. Enabled: true, isAtLeastM: true, runningInsideBugle: false
06-05 16:55:02.873: I/CarrierServices(19685): [2] cfs.a: Using AndroidNetworkFactory
06-05 16:55:02.877: I/Bugle(19685): GServicesValues:
06-05 16:55:02.877: I/Bugle(19685): bugle_enable_primes_crash_metrics: true
06-05 16:55:02.877: I/Bugle(19685): bugle_max_telemetry_upload_retries: 10
06-05 16:55:02.877: I/Bugle(19685): bugle_sticker_set_list_version: 3
06-05 16:55:02.895: D/ConnectivityService(1371): requestNetwork for uid/pid:10145/19685 NetworkRequest [ TRACK_DEFAULT id=153, [ Capabilities: INTERNET&NOT_RESTRICTED&TRUSTED Uid: 10145] ]
06-05 16:55:02.897: W/Conscrypt(3898): Could not set socket write timeout: java.net.SocketException: Socket closed
06-05 16:55:02.897: D/UntrustedWifiNetworkFactory(1371): got request NetworkRequest [ TRACK_DEFAULT id=153, [ Capabilities: INTERNET&NOT_RESTRICTED&TRUSTED Uid: 10145] ] with score 60 and serial -1
06-05 16:55:02.897: W/Conscrypt(3898): 	at com.google.android.gms.org.conscrypt.Platform.setSocketWriteTimeout(:com.google.android.gms@16790048@16.7.90 (120408-241364873):2)
06-05 16:55:02.897: W/Conscrypt(3898): 	at com.google.android.gms.org.conscrypt.ConscryptFileDescriptorSocket.setSoWriteTimeout(:com.google.android.gms@16790048@16.7.90 (120408-241364873):2)
06-05 16:55:02.897: D/WifiNetworkFactory(1371): got request NetworkRequest [ TRACK_DEFAULT id=153, [ Capabilities: INTERNET&NOT_RESTRICTED&TRUSTED Uid: 10145] ] with score 60 and serial -1
06-05 16:55:02.897: D/Ethernet(1371): got request NetworkRequest [ TRACK_DEFAULT id=153, [ Capabilities: INTERNET&NOT_RESTRICTED&TRUSTED Uid: 10145] ] with score 60 and serial -1
06-05 16:55:02.897: D/WIFI_AWARE_FACTORY(1371): got request NetworkRequest [ TRACK_DEFAULT id=153, [ Capabilities: INTERNET&NOT_RESTRICTED&TRUSTED Uid: 10145] ] with score 60 and serial -1
06-05 16:55:02.898: D/PhoneSwitcherNetworkRequstListener(3723): got request NetworkRequest [ TRACK_DEFAULT id=153, [ Capabilities: INTERNET&NOT_RESTRICTED&TRUSTED Uid: 10145] ] with score 60 and serial -1
06-05 16:55:02.899: I/CarrierServices(19685): [3335] cdi.d: Connected state: [1], networkType: [WIFI]
06-05 16:55:02.900: I/CarrierServices(19685): [3335] cdi.d: Connected state: [1], networkType: [WIFI]
06-05 16:55:02.901: W/Conscrypt(3898): Could not set socket write timeout: java.net.SocketException: Socket closed
06-05 16:55:02.901: W/Conscrypt(3898): 	at com.google.android.gms.org.conscrypt.Platform.setSocketWriteTimeout(:com.google.android.gms@16790048@16.7.90 (120408-241364873):2)
06-05 16:55:02.901: W/Conscrypt(3898): 	at com.google.android.gms.org.conscrypt.ConscryptFileDescriptorSocket.setSoWriteTimeout(:com.google.android.gms@16790048@16.7.90 (120408-241364873):2)
06-05 16:55:02.902: I/CarrierServices(19685): [2] dda.e: Carrier Services GServices flags:
06-05 16:55:02.902: I/CarrierServices(19685):    carrier_services_security_flags_ec_api_white_listed_packages: com.google.android.apps.messaging,com.google.android.dialer,com.google.android.ims.client.sampleapp,com.android.contacts,com.lge.rcscall,com.android.incallui,com.huawei.incallui.appfeature.rcsfeature
06-05 16:55:02.902: I/CarrierServices(19685):    carrier_services_security_flags_ec_api_white_listed_signatures: B28C3EDB665DF32686224DF800F603E9959BBE4E,0980A12BE993528C19107BC21AD811478C63CEFC,B38FA7B5ECFAEC44620A020752B07E063B3120A8,203997BC46B8792DC9747ABD230569071F9A0439,EDA6413C3E3A95492114FE07CD953AD897E40D1A,760EBB9F4200B3DFB1B817B40FF0563A3C150D39,5B368CFF2DA2686996BC95EAC190EAA4F5630FE5,01D845B26B688D8EF647205A5944E9407E52E06E,27196E386B875E76ADF700E7EA84E4C6EEE33DFA,1CDD04F1E4A732BB0352FDFAEE26D2315526DF85,025D5212BF3B5F5CDA6117A518721D70A94D84E0
06-05 16:55:02.902: I/CarrierServices(19685):    carrier_services_security_flags_test_service_white_listed_packages: com.google.android.ims.mobly.snippets
06-05 16:55:02.902: I/CarrierServices(19685):    carrier_services_security_flags_test_service_white_listed_signatures: AE41481F52E0F58DF2806D5A38EB3DBCA5AE02B0,E165542B31953CC282AA4EF2F4D5F07F7663A2A2
06-05 16:55:02.902: I/CarrierServices(19685):    carrier_services_security_flags_white_listed_packages: com.google.android.apps.messaging,com.google.android.dialer,com.google.android.ims.client.sampleapp,com.android.contacts,com.lge.rcscall,com.android.incallui,com.huawei.incallui.appfeature.rcsfeature
06-05 16:55:02.902: I/CarrierServices(19685):    carrier_services_security_flags_white_listed_signatures: B28C3EDB665DF32686224DF800F603E9959BBE4E,0980A12BE993528C19107BC21AD811478C63CEFC,B38FA7B5ECFAEC44620A020752B07E063B3120A8,203997BC46B8792DC9747ABD230569071F9A0439,EDA6413C3E3A95492114FE07CD953AD897E40D1A,760EBB9F4200B3DFB1B817B40FF0563A3C150D39,5B368CFF2DA2686996BC95EAC190EAA4F5630FE5,01D845B26B688D8EF647205A5944E9407E52E06E,27196E386B875E76ADF700E7EA84E4C6EEE33DFA,1CDD04F1E4A732BB0352FDFAEE26D2315526DF85,025D5212BF3B5F5CDA6117A518721D70A94D84E0
06-05 16:55:02.902: I/CarrierServices(19685):    carrier_services_video_share_disabled_user_agent_substrings: SM-G930,SM-G935,SM-A320
06-05 16:55:02.902: I/CarrierServices(19685): ====================
06-05 16:55:02.921: I/CarrierServices(19685): [2] cyc.a: Initializing SimStateTracker
06-05 16:55:02.925: I/CarrierServices(19685): [2] CarrierServicesReleaseApp.a: ServiceState receiver registered
06-05 16:55:02.939: E/ExecutionCriteria(3898): Package unavailable for task: com.google.android.apps.gcs/.service.GcsTaskService{u=0 tag="WfaEliRefreshTask" trigger=window{start=0s,end=30s,earliest=-111775s,latest=-111745s} requirements=[NET_CONNECTED] attributes=[] scheduled=-111775s last_run=N/A jid=N/A status=PENDING retries=0 client_lib=MANCHEGO_GCM-11732000}
06-05 16:55:02.941: E/ExecutionCriteria(3898): Package unavailable for task: com.google.android.videos/com.google.android.apps.play.movies.common.service.drm.RefreshLicenseTaskService{u=0 tag="refresh_license_forced" trigger=window{start=3600s,end=10800s,earliest=-108180s,latest=-100980s} requirements=[NET_CONNECTED] attributes=[] scheduled=-111780s last_run=N/A jid=N/A status=PENDING retries=0 client_lib=MANCHEGO_GCM-10400000}
06-05 16:55:02.941: E/ExecutionCriteria(3898): Package unavailable for task: com.google.android.videos/com.google.android.apps.play.movies.common.FlushLogsTaskService{u=0 tag="flush_logs" trigger=window{period=86400s,flex=57600s,earliest=-82980s,latest=-25380s} requirements=[NET_UNMETERED,CHARGING] attributes=[PERSISTED,RECURRING] scheduled=-111780s last_run=N/A jid=N/A status=PENDING retries=0 client_lib=MANCHEGO_GCM-10400000}
06-05 16:55:02.947: E/ExecutionCriteria(3898): Package unavailable for task: com.google.android.apps.gcs/.service.GcsTaskService{u=0 tag="WfaStateTask" trigger=window{period=518400s,flex=86400s,earliest=320216s,latest=406616s} requirements=[NET_ANY] attributes=[PERSISTED,RECURRING] scheduled=-111783s last_run=N/A jid=N/A status=PENDING retries=0 client_lib=MANCHEGO_GCM-11732000}
06-05 16:55:02.980: W/putmethod.lati(19606): Verification of void q.d() took 233.574ms
06-05 16:55:02.999: I/FirebaseJobDispatcher(19606): Schedule task: superpacks-gc-task. Success.
06-05 16:55:03.013: W/PrimesInit(19685): Primes instant initialization
06-05 16:55:03.016: W/Primes(19685): background initialization
06-05 16:55:03.018: I/FA(19606): App measurement is starting up, version: 16250
06-05 16:55:03.018: I/FA(19606): To enable debug logging run: adb shell setprop log.tag.FA VERBOSE
06-05 16:55:03.018: I/FA(19606): To enable faster debug mode event logging run:
06-05 16:55:03.018: I/FA(19606):   adb shell setprop debug.firebase.analytics.app com.google.android.inputmethod.latin
06-05 16:55:03.027: I/CarrierServices(19685): [2] CarrierServicesReleaseApp.a: Primes set up successful
06-05 16:55:03.032: I/PrimesTesting(19685): GserviceFlagsSupplier.get()
06-05 16:55:03.039: E/ExecutionCriteria(3898): Package unavailable for task: com.google.android.apps.gcs/.service.GcsTaskService{u=0 tag="WfaEliRefreshTask" trigger=window{start=0s,end=30s,earliest=-111775s,latest=-111745s} requirements=[NET_CONNECTED] attributes=[] scheduled=-111775s last_run=N/A jid=N/A status=PENDING retries=0 client_lib=MANCHEGO_GCM-11732000}
06-05 16:55:03.039: E/ExecutionCriteria(3898): Package unavailable for task: com.google.android.videos/com.google.android.apps.play.movies.common.service.drm.RefreshLicenseTaskService{u=0 tag="refresh_license_forced" trigger=window{start=3600s,end=10800s,earliest=-108180s,latest=-100980s} requirements=[NET_CONNECTED] attributes=[] scheduled=-111780s last_run=N/A jid=N/A status=PENDING retries=0 client_lib=MANCHEGO_GCM-10400000}
06-05 16:55:03.040: E/ExecutionCriteria(3898): Package unavailable for task: com.google.android.videos/com.google.android.apps.play.movies.common.FlushLogsTaskService{u=0 tag="flush_logs" trigger=window{period=86400s,flex=57600s,earliest=-82980s,latest=-25380s} requirements=[NET_UNMETERED,CHARGING] attributes=[PERSISTED,RECURRING] scheduled=-111780s last_run=N/A jid=N/A status=PENDING retries=0 client_lib=MANCHEGO_GCM-10400000}
06-05 16:55:03.043: E/ExecutionCriteria(3898): Package unavailable for task: com.google.android.apps.gcs/.service.GcsTaskService{u=0 tag="WfaStateTask" trigger=window{period=518400s,flex=86400s,earliest=320215s,latest=406615s} requirements=[NET_ANY] attributes=[PERSISTED,RECURRING] scheduled=-111784s last_run=N/A jid=N/A status=PENDING retries=0 client_lib=MANCHEGO_GCM-11732000}
06-05 16:55:03.049: E/FA(19606): AppMeasurementReceiver not registered/enabled
06-05 16:55:03.070: E/FA(19606): AppMeasurementService not registered/enabled
06-05 16:55:03.070: E/FA(19606): Uploading is not possible. App measurement disabled
06-05 16:55:03.097: W/RcsProvisioning(19685): Failed to read configuration: /data/user/0/com.google.android.ims/files/hvconfig: open failed: ENOENT (No such file or directory)
06-05 16:55:03.098: W/RcsProvisioning(19685): java.io.FileNotFoundException: /data/user/0/com.google.android.ims/files/hvconfig: open failed: ENOENT (No such file or directory)
06-05 16:55:03.098: W/RcsProvisioning(19685): 	at libcore.io.IoBridge.open(IoBridge.java:496)
06-05 16:55:03.098: W/RcsProvisioning(19685): 	at java.io.FileInputStream.<init>(FileInputStream.java:159)
06-05 16:55:03.098: W/RcsProvisioning(19685): 	at android.app.ContextImpl.openFileInput(ContextImpl.java:600)
06-05 16:55:03.098: W/RcsProvisioning(19685): 	at android.content.ContextWrapper.openFileInput(ContextWrapper.java:206)
06-05 16:55:03.098: W/RcsProvisioning(19685): 	at dhi.a(SourceFile:2)
06-05 16:55:03.098: W/RcsProvisioning(19685): 	at cpu.a(SourceFile:7)
06-05 16:55:03.098: W/RcsProvisioning(19685): 	at cpv.a(SourceFile:8)
06-05 16:55:03.098: W/RcsProvisioning(19685): 	at cow.<init>(SourceFile:9)
06-05 16:55:03.098: W/RcsProvisioning(19685): 	at cph.<init>(SourceFile:9)
06-05 16:55:03.098: W/RcsProvisioning(19685): 	at com.google.android.ims.CarrierServicesReleaseApp.a(SourceFile:142)
06-05 16:55:03.098: W/RcsProvisioning(19685): 	at com.google.android.ims.CarrierServicesReleaseApp.onCreate(SourceFile:9)
06-05 16:55:03.098: W/RcsProvisioning(19685): 	at android.app.Instrumentation.callApplicationOnCreate(Instrumentation.java:1182)
06-05 16:55:03.098: W/RcsProvisioning(19685): 	at android.app.ActivityThread.handleBindApplication(ActivityThread.java:6222)
06-05 16:55:03.098: W/RcsProvisioning(19685): 	at android.app.ActivityThread.access$1100(ActivityThread.java:211)
06-05 16:55:03.098: W/RcsProvisioning(19685): 	at android.app.ActivityThread$H.handleMessage(ActivityThread.java:1778)
06-05 16:55:03.098: W/RcsProvisioning(19685): 	at android.os.Handler.dispatchMessage(Handler.java:107)
06-05 16:55:03.098: W/RcsProvisioning(19685): 	at android.os.Looper.loop(Looper.java:214)
06-05 16:55:03.098: W/RcsProvisioning(19685): 	at android.app.ActivityThread.main(ActivityThread.java:7116)
06-05 16:55:03.098: W/RcsProvisioning(19685): 	at java.lang.reflect.Method.invoke(Native Method)
06-05 16:55:03.098: W/RcsProvisioning(19685): 	at com.android.internal.os.RuntimeInit$MethodAndArgsCaller.run(RuntimeInit.java:492)
06-05 16:55:03.098: W/RcsProvisioning(19685): 	at com.android.internal.os.ZygoteInit.main(ZygoteInit.java:925)
06-05 16:55:03.098: W/RcsProvisioning(19685): Caused by: android.system.ErrnoException: open failed: ENOENT (No such file or directory)
06-05 16:55:03.098: W/RcsProvisioning(19685): 	at libcore.io.Linux.open(Native Method)
06-05 16:55:03.098: W/RcsProvisioning(19685): 	at libcore.io.ForwardingOs.open(ForwardingOs.java:167)
06-05 16:55:03.098: W/RcsProvisioning(19685): 	at libcore.io.BlockGuardOs.open(BlockGuardOs.java:237)
06-05 16:55:03.098: W/RcsProvisioning(19685): 	at libcore.io.ForwardingOs.open(ForwardingOs.java:167)
06-05 16:55:03.098: W/RcsProvisioning(19685): 	at android.app.ActivityThread$AndroidOs.open(ActivityThread.java:7015)
06-05 16:55:03.098: W/RcsProvisioning(19685): 	at libcore.io.IoBridge.open(IoBridge.java:482)
06-05 16:55:03.098: W/RcsProvisioning(19685): 	... 20 more
06-05 16:55:03.132: W/Bugle(19685): SubscriptionMetadataUtils get: invalid subId = -1
06-05 16:55:03.259: I/Icing(4081): Indexing com.google.android.gms-apps from com.google.android.gms
06-05 16:55:03.261: I/Icing(4081): Indexing done com.google.android.gms-apps
06-05 16:55:03.287: I/CarrierServices(19685): [2] CarrierServicesReleaseApp.a: Initializing MMTel
06-05 16:55:03.297: I/CarrierServices(19685): [2] dgt.a: CarrierServices.apk is not sim call manager. Not enabling MMTel.
06-05 16:55:03.298: I/CarrierServices(19685): [2] ProvisioningService.a: Should not enable MMTel. Not scheduling provisioning.
06-05 16:55:03.310: I/CarrierServices(19685): [2] bym.a: Migration binding to RcsMigrationService
